Archive member included to satisfy reference by file (symbol)

./libwolf.a(eagle.o)          apps/wolf/wolf.o (eagle_rgba)
./libwolf.a(redbrick.o)       apps/wolf/wolf.o (redbrick_rgba)
./libwolf.a(purplestone.o)    apps/wolf/wolf.o (purplestone_rgba)
./libwolf.a(greystone.o)      apps/wolf/wolf.o (greystone_rgba)
./libwolf.a(bluestone.o)      apps/wolf/wolf.o (bluestone_rgba)
./libwolf.a(mossy.o)          apps/wolf/wolf.o (mossy_rgba)
./libwolf.a(wood.o)           apps/wolf/wolf.o (wood_rgba)
./libwolf.a(colorstone.o)     apps/wolf/wolf.o (colorstone_rgba)
./libbitmachine/libbitmachine.a(gfx.o)
                              init.o (gfx_init)
./libbitmachine/libbitmachine.a(syscall.o)
                              vector.o (_syscall)
./libbitmachine/libbitmachine.a(kernel_asm.o)
                              vector.o (_kernel_tick_asm)
./libbitmachine/libbitmachine.a(kernel.o)
                              ./libbitmachine/libbitmachine.a(kernel_asm.o) (_from_asm_kernel_tick)
./libbitmachine/libbitmachine.a(window.o)
                              init.o (window_loop)
./libbitmachine/libbitmachine.a(memory.o)
                              ./libbitmachine/libbitmachine.a(kernel.o) (memory_cleanupThread)
./libbitmachine/libbitmachine.a(malloc.o)
                              ./libbitmachine/libbitmachine.a(memory.o) (dlmalloc)
./libbitmachine/libbitmachine.a(panic.o)
                              ./libbitmachine/libbitmachine.a(gfx.o) (panic)
./libbitmachine/libbitmachine.a(argv.o)
                              ./libbitmachine/libbitmachine.a(kernel.o) (argv_free)
./libbitmachine/libbitmachine.a(shell.o)
                              init.o (shell)
./libbitmachine/libbitmachine.a(build.o)
                              ./libbitmachine/libbitmachine.a(shell.o) (build)
./libbitmachine/libbitmachine.a(start.o)
                              vector.o (reset)
./libbitmachine/libbitmachine.a(cpp.o)
                              ./libbitmachine/libbitmachine.a(start.o) (init_ctors)
./libbitmachine/libbitmachine.a(glcdfont.o)
                              ./libbitmachine/libbitmachine.a(gfx.o) (font)
./libbitmachine/libbitmachine.a(console.o)
                              ./libbitmachine/libbitmachine.a(window.o) (_console_char_avail)
./libbitmachine/libbitmachine.a(audio.o)
                              ./libbitmachine/libbitmachine.a(console.o) (audio_bell)
./libbitmachine/libbitmachine.a(interrupts.o)
                              ./libbitmachine/libbitmachine.a(syscall.o) (illegalSlot)
./libbitmachine/libbitmachine.a(file.o)
                              ./libbitmachine/libbitmachine.a(interrupts.o) (file_chdir)
./libbitmachine/libbitmachine.a(kernel_client_asm.o)
                              ./libbitmachine/libbitmachine.a(kernel.o) (_kernel_atomic_lock_asm)
./libbitmachine/libbitmachine.a(syscalls.o)
                              ./libbitmachine/libbitmachine.a(shell.o) (opendir)
./libbitmachine/libbitmachine.a(bft_kernel.o)
                              ./libbitmachine/libbitmachine.a(interrupts.o) (bft_get)
./libbitmachine/libbitmachine.a(process.o)
                              ./libbitmachine/libbitmachine.a(interrupts.o) (process_open)
./libbitmachine/libbitmachine.a(simulator.o)
                              ./libbitmachine/libbitmachine.a(interrupts.o) (simulator_stop)
./libc-kernel.a(lib_a-abort.o)
                              ./libbitmachine/libbitmachine.a(malloc.o) (abort)
./libc-kernel.a(lib_a-errno.o)
                              ./libbitmachine/libbitmachine.a(malloc.o) (__errno)
./libc-kernel.a(lib_a-exit.o)
                              /usr/local/sh-elf/sh-elf/lib/m2e/crt0.o (exit)
./libc-kernel.a(lib_a-fclose.o)
                              ./libbitmachine/libbitmachine.a(shell.o) (fclose)
./libc-kernel.a(lib_a-fflush.o)
                              ./libc-kernel.a(lib_a-fclose.o) (_fflush_r)
./libc-kernel.a(lib_a-fileno.o)
                              ./libbitmachine/libbitmachine.a(shell.o) (fileno)
./libc-kernel.a(lib_a-findfp.o)
                              ./libc-kernel.a(lib_a-fclose.o) (__sinit)
./libc-kernel.a(lib_a-fopen.o)
                              ./libbitmachine/libbitmachine.a(shell.o) (fopen)
./libc-kernel.a(lib_a-fprintf.o)
                              ./libbitmachine/libbitmachine.a(malloc.o) (fprintf)
./libc-kernel.a(lib_a-fread.o)
                              ./libbitmachine/libbitmachine.a(shell.o) (fread)
./libc-kernel.a(lib_a-fseek.o)
                              ./libc-kernel.a(lib_a-fopen.o) (_fseek_r)
./libc-kernel.a(lib_a-fseeko.o)
                              ./libc-kernel.a(lib_a-fseek.o) (_fseeko_r)
./libc-kernel.a(lib_a-fwalk.o)
                              ./libc-kernel.a(lib_a-findfp.o) (_fwalk)
./libc-kernel.a(lib_a-impure.o)
                              ./libc-kernel.a(lib_a-exit.o) (_global_impure_ptr)
./libc-kernel.a(lib_a-lcltime_r.o)
                              ./libbitmachine/libbitmachine.a(shell.o) (localtime_r)
[...]
Memory Configuration

Name             Origin             Length             Attributes
ram              0x00000000f7ffffff 0x0000000008000000 xrw
rom              0x0000000000000000 0x0000000000ffffff xr
peripheral       0x0000000010000000 0x00000000000029f7 rw
videoRam         0x0000000020000000 0x0000000010000000 rw
*default*        0x0000000000000000 0xffffffffffffffff

Linker script and memory map


.text           0x0000000000000000    0x1c1c0
 *(.vector)
 .vector        0x0000000000000000      0xce8 vector.o
                0x0000000000000000                v
                0x0000000000001000                . = 0x1000
 *fill*         0x0000000000000ce8      0x318 
 *(.text)
 .text          0x0000000000001000        0x0 vector.o
 .text          0x0000000000001000        0x0 media/martini.o
 .text          0x0000000000001000       0xb0 init.o
                0x0000000000001000                runShell
                0x0000000000001080                go
 .text          0x00000000000010b0      0x94c apps/wolf/wolf.o
                0x00000000000010b0                reverse(char*)
                0x00000000000010f0                itoa
                0x0000000000001188                screen(unsigned int, unsigned short, unsigned short, unsigned short, char const*)
                0x000000000000128c                wolfcpp(void*, unsigned int)
                0x00000000000019a8                wolf
 .text          0x00000000000019fc       0x34 /usr/local/sh-elf/sh-elf/lib/m2e/crt0.o
                0x00000000000019fc                start
 .text          0x0000000000001a30        0x0 ./libwolf.a(eagle.o)
 .text          0x0000000000001a30        0x0 ./libwolf.a(redbrick.o)
 .text          0x0000000000001a30        0x0 ./libwolf.a(purplestone.o)
 .text          0x0000000000001a30        0x0 ./libwolf.a(greystone.o)
 .text          0x0000000000001a30        0x0 ./libwolf.a(bluestone.o)
 .text          0x0000000000001a30        0x0 ./libwolf.a(mossy.o)
 .text          0x0000000000001a30        0x0 ./libwolf.a(wood.o)
 .text          0x0000000000001a30        0x0 ./libwolf.a(colorstone.o)
 .text          0x0000000000001a30     0x1384 ./libbitmachine/libbitmachine.a(gfx.o)
                0x0000000000001a30                gfx_init
                0x0000000000001a50                gfx_frameFrameBufferDirty
                0x0000000000001a64                gfx_setFrameFrameBufferDirty
                0x0000000000001a74                gfx_setVideoResolution
                0x0000000000001ab0                gfx_createFrameBuffer
                0x0000000000001b9c                gfx_releaseFrameBuffer
                0x0000000000001bd4                gfx_clearScreen
                0x0000000000001c30                gfx_drawPixel
                0x0000000000001c68                gfx_drawRGBA
                0x0000000000001cb0                gfx_createFrameBufferFromData
                0x0000000000001e0c                gfx_putData
                0x0000000000001e38                gfx_fputData
                0x0000000000001e54                gfx_saveData
                0x0000000000001e68                gfx_loadData
                0x0000000000001e7c                gfx_fillRect
                0x0000000000001ec8                gfx_bitBltEx
                0x0000000000001f44                gfx_bitBlt
                0x0000000000001fa8                gfx_drawLine
                0x00000000000020c8                gfx_drawCharRetro
                0x000000000000263c                gfx_drawChar
                0x00000000000026a4                gfx_drawString
                0x0000000000002734                gfx_drawStringEx
                0x00000000000027d4                gfx_drawStringRetro
                0x0000000000002d7c                gfx_vsync
                0x0000000000002d88                gfx_alpha
                0x0000000000002d9c                gfx_getVideoWidth
                0x0000000000002da8                gfx_getVideoHeight
 *fill*         0x0000000000002db4        0xc 
 .text          0x0000000000002dc0       0x40 ./libbitmachine/libbitmachine.a(syscall.o)
                0x0000000000002dc0                _syscall
                0x0000000000002de0                _panic
                0x0000000000002dec                _illegalSlot
 .text          0x0000000000002e00      0x140 ./libbitmachine/libbitmachine.a(kernel_asm.o)
                0x0000000000002e00                _kernel_resume_asm
                0x0000000000002e50                _kernel_tick_asm
                0x0000000000002eb0                _kernel_blocked_asm
                0x0000000000002f10                _kernel_kill_asm
 .text          0x0000000000002f40     0x111c ./libbitmachine/libbitmachine.a(kernel.o)
                0x0000000000002f40                _from_asm_kernel_tick
                0x0000000000003060                _from_asm_kernel_blocked
                0x000000000000312c                _from_asm_kernel_kill
                0x000000000000334c                kernel_init
                0x000000000000344c                kernel_getIsThreadAlive
                0x00000000000034fc                kernel_getIsActiveImage
                0x0000000000003548                kernel_disableInts
                0x0000000000003560                kernel_enableInts
                0x000000000000359c                kernel_setThreadInfo
                0x0000000000003640                kernel_spawn
                0x000000000000379c                kernel_load
                0x000000000000393c                kernel_die
                0x0000000000003944                kernel_threadBlocked
                0x000000000000394c                kernel_spinLock
                0x0000000000003970                kernel_unlock
                0x0000000000003978                kernel_getThreadWindow
                0x00000000000039e4                kernel_getPid
                0x0000000000003a4c                kernel_getFds
                0x0000000000003ab0                kernel_getcwd
                0x0000000000003b14                kernel_times
                0x0000000000003b2c                kernel_getPidForStdout
                0x0000000000003cac                kernel_getExitStatus
                0x0000000000003d78                kernel_stats
                0x0000000000003e5c                _exit
                0x0000000000003e74                _kernel_newlib_lock_init_recursive
                0x0000000000003e80                _kernel_newlib_lock_close_recursive
                0x0000000000003e8c                _kernel_newlib_lock_acquire_recursive
                0x0000000000003f2c                _kernel_newlib_lock_try_acquire_recursive
                0x0000000000003f48                _kernel_newlib_lock_release_recursive
                0x0000000000003ffc                _kernel_newlib_lock_init
                0x0000000000004004                _kernel_newlib_lock_close
                0x0000000000004014                _kernel_newlib_lock_acquire
                0x0000000000004038                _kernel_newlib_lock_try_acquire
                0x0000000000004054                _kernel_newlib_lock_release
 .text          0x000000000000405c     0x12e0 ./libbitmachine/libbitmachine.a(window.o)
                0x000000000000405c                window_getConsoleControl
                0x00000000000040b8                window_loop
                0x0000000000004850                window_init
                0x0000000000004884                window_toTop
                0x0000000000004978                window_isKeyDown
                0x00000000000049d8                window_readChar
                0x0000000000004a34                window_charAvailable
                0x0000000000004a9c                window_create
                0x0000000000004ce0                window_close
                0x0000000000004e28                window_getW
                0x0000000000004e84                window_getCursorX
                0x0000000000004ee0                window_getCursorY
                0x0000000000004f3c                window_setCursor
                0x0000000000005038                window_setCursorX
                0x00000000000050e0                window_setCursorY
                0x0000000000005188                window_getH
                0x00000000000051e4                window_getFrameBuffer
                0x0000000000005240                window_getZ
                0x00000000000052d0                window_getColor
                0x00000000000052dc                window_getBackgroundColor
                0x00000000000052e0                window_enableCursor
 .text          0x000000000000533c      0x324 ./libbitmachine/libbitmachine.a(memory.o)
                0x000000000000533c                memory_sbrk
                0x000000000000538c                memory_malloc
                0x00000000000053ec                memory_free
                0x0000000000005424                memory_realloc
                0x0000000000005490                _sbrk_r
                0x00000000000054e0                memory_cleanupThread
                0x0000000000005558                malloc
                0x0000000000005590                calloc
                0x00000000000055dc                free
                0x0000000000005614                realloc
                0x0000000000005650                malloc_abort
 .text          0x0000000000005660     0x445c ./libbitmachine/libbitmachine.a(malloc.o)
                0x0000000000006588                dlmalloc
                0x0000000000006f60                dlfree
                0x0000000000007510                dlcalloc
                0x0000000000007efc                dlrealloc
                0x00000000000082c4                dlrealloc_in_place
                0x0000000000008638                dlmemalign
                0x0000000000008780                dlposix_memalign
                0x00000000000088ec                dlvalloc
                0x0000000000008a7c                dlpvalloc
                0x0000000000008c10                dlindependent_calloc
                0x0000000000008dbc                dlindependent_comalloc
                0x0000000000008f04                dlbulk_free
                0x00000000000095cc                dlmalloc_trim
                0x0000000000009768                dlmalloc_footprint
                0x0000000000009774                dlmalloc_max_footprint
                0x0000000000009780                dlmalloc_footprint_limit
                0x0000000000009798                dlmalloc_set_footprint_limit
                0x00000000000097c4                dlmallinfo
                0x00000000000098d8                dlmalloc_stats
                0x00000000000099e0                dlmallopt
                0x0000000000009a90                dlmalloc_usable_size
 .text          0x0000000000009abc        0xc ./libbitmachine/libbitmachine.a(panic.o)
                0x0000000000009abc                panic
 .text          0x0000000000009ac8      0x2a0 ./libbitmachine/libbitmachine.a(argv.o)
                0x0000000000009ac8                argv_free
                0x0000000000009b08                argv_build
                0x0000000000009d48                argv_argc
 .text          0x0000000000009d68      0xba4 ./libbitmachine/libbitmachine.a(shell.o)
                0x000000000000a55c                getSR
                0x000000000000a564                shell_exec
                0x000000000000a720                shell
 .text          0x000000000000a90c      0xe98 ./libbitmachine/libbitmachine.a(build.o)
                0x000000000000b460                build
                0x000000000000b4bc                build2
                0x000000000000b518                bcc
 *fill*         0x000000000000b7a4        0xc 
 .text          0x000000000000b7b0       0x60 ./libbitmachine/libbitmachine.a(start.o)
                0x000000000000b7b0                reset
 .text          0x000000000000b810        0x4 ./libbitmachine/libbitmachine.a(cpp.o)
                0x000000000000b810                init_ctors
 .text          0x000000000000b814        0x0 ./libbitmachine/libbitmachine.a(glcdfont.o)
 .text          0x000000000000b814      0x8f8 ./libbitmachine/libbitmachine.a(console.o)
                0x000000000000b814                _console_char_avail
                0x000000000000b86c                _console_read_char
                0x000000000000b8c0                console_isKeyDown
                0x000000000000b8d0                console_backspace
                0x000000000000b91c                console_insertAtCursor
                0x000000000000b9b8                console_deleteAtCursor
                0x000000000000ba54                console_setCursorPos
                0x000000000000ba88                console_setCursorCol
                0x000000000000baac                console_setCursorRow
                0x000000000000bad4                console_getCursorRow
                0x000000000000bb00                console_clearToEndOfLine
                0x000000000000bb94                console_getColumns
                0x000000000000bbc8                console_getLines
                0x000000000000bbf4                console_reset
                0x000000000000bca0                _console_write_char
                0x000000000000c0bc                console_clearBehaviour
                0x000000000000c0e4                console_setBehaviour
 .text          0x000000000000c10c       0x80 ./libbitmachine/libbitmachine.a(audio.o)
                0x000000000000c10c                audio_execute
                0x000000000000c118                audio_selectChannel
                0x000000000000c124                audio_frequency
                0x000000000000c130                audio_setType
                0x000000000000c13c                audio_setAddress
                0x000000000000c148                audio_setLength
                0x000000000000c154                audio_bell
 .text          0x000000000000c18c      0x298 ./libbitmachine/libbitmachine.a(interrupts.o)
                0x000000000000c18c                _SYS_reserved
                0x000000000000c190                illegalSlot
                0x000000000000c2cc                handlePanic
 .text          0x000000000000c424      0xa08 ./libbitmachine/libbitmachine.a(file.o)
                0x000000000000c748                file_chdir
                0x000000000000c774                file_open
                0x000000000000c814                file_read
                0x000000000000c924                file_write
                0x000000000000c998                file_close
                0x000000000000ca4c                file_isatty
                0x000000000000ca54                file_fstat
                0x000000000000cabc                _file_creat
                0x000000000000cad8                file_lseek
                0x000000000000cb20                file_stat
                0x000000000000cba0                file_opendir
                0x000000000000cc28                file_readdir
                0x000000000000cc6c                file_mkdir
                0x000000000000cca4                file_unlink
                0x000000000000cd1c                file_rename
                0x000000000000cd78                file_pipe
                0x000000000000cda4                file_loadElf
                0x000000000000ce00                file_loadElfKernel
 .text          0x000000000000ce2c        0x8 ./libbitmachine/libbitmachine.a(kernel_client_asm.o)
                0x000000000000ce2c                _kernel_atomic_lock_asm
 .text          0x000000000000ce34      0x4a4 ./libbitmachine/libbitmachine.a(syscalls.o)
                0x000000000000ce34                _bitos_lock_init
                0x000000000000ce48                _bitos_lock_init_recursive
                0x000000000000ce5c                _bitos_lock_close
                0x000000000000ce70                _bitos_lock_close_recursive
                0x000000000000ce84                _bitos_lock_acquire
                0x000000000000ce98                _bitos_lock_acquire_recursive
                0x000000000000ceac                _bitos_lock_try_acquire
                0x000000000000cec0                _bitos_lock_try_acquire_recursive
                0x000000000000ced4                _bitos_lock_release
                0x000000000000cee8                _bitos_lock_release_recursive
                0x000000000000cefc                _times_r
                0x000000000000cf08                _gettimeofday_r
                0x000000000000cf14                _read_r
                0x000000000000cf20                _lseek_r
                0x000000000000cf2c                _write_r
                0x000000000000cf38                _close_r
                0x000000000000cf48                _fstat_r
                0x000000000000cf54                _open_r
                0x000000000000cf60                _creat_r
                0x000000000000cf6c                _unlink_r
                0x000000000000cf78                _isatty_r
                0x000000000000cf84                _kill_r
                0x000000000000cf98                _getpid_r
                0x000000000000cfa4                popen
                0x000000000000cfb0                pclose
                0x000000000000cfc4                opendir
                0x000000000000cfd0                readdir
                0x000000000000cfdc                sysconf
                0x000000000000d040                _stat_r
                0x000000000000d04c                access
                0x000000000000d070                chdir
                0x000000000000d07c                getcwd
                0x000000000000d08c                getwd
                0x000000000000d09c                mkdir
                0x000000000000d0ac                pipe
                0x000000000000d0b8                chmod
                0x000000000000d0bc                umask
                0x000000000000d0c0                lstat
                0x000000000000d0cc                closedir
                0x000000000000d0d0                utime
                0x000000000000d0ec                _link_r
                0x000000000000d108                chown
                0x000000000000d124                rmdir
                0x000000000000d140                dup2
                0x000000000000d15c                sleep
                0x000000000000d178                alarm
                0x000000000000d194                execvp
                0x000000000000d1b0                fork
                0x000000000000d1cc                _wait_r
                0x000000000000d1e8                execv
                0x000000000000d204                getpwnam
                0x000000000000d220                dup
                0x000000000000d23c                ftruncate
                0x000000000000d258                getlogin
                0x000000000000d274                _rename_r
                0x000000000000d280                select
                0x000000000000d284                _malloc_r
                0x000000000000d290                _realloc_r
                0x000000000000d29c                _free_r
                0x000000000000d2a8                _calloc_r
 .text          0x000000000000d2d8        0xc ./libbitmachine/libbitmachine.a(bft_kernel.o)
                0x000000000000d2d8                bft_get
 .text          0x000000000000d2e4      0x2c0 ./libbitmachine/libbitmachine.a(process.o)
                0x000000000000d3e8                process_open
                0x000000000000d45c                process_close
                0x000000000000d49c                process_spawn
                0x000000000000d4d4                process_load
                0x000000000000d56c                process_wait
 .text          0x000000000000d5a4       0xf4 ./libbitmachine/libbitmachine.a(simulator.o)
                0x000000000000d5a4                simulator_stop
                0x000000000000d5b4                simulator_yield
                0x000000000000d5c4                simulator_startStopWatch
                0x000000000000d5d4                simulator_stopStopWatch
                0x000000000000d5e4                simulator_stopWatchElapsed
                0x000000000000d5f0                simulator_timeSeconds
                0x000000000000d5fc                simulator_timeMicroSeconds
                0x000000000000d608                simulator_elapsedMilliSeconds
                0x000000000000d614                simulator_gtod
                0x000000000000d628                simulator_printf
 .text          0x000000000000d698       0x18 ./libc-kernel.a(lib_a-abort.o)
                0x000000000000d698                abort
 .text          0x000000000000d6b0        0xc ./libc-kernel.a(lib_a-errno.o)
                0x000000000000d6b0                __errno
 .text          0x000000000000d6bc       0x2c ./libc-kernel.a(lib_a-exit.o)
                0x000000000000d6bc                exit
 .text          0x000000000000d6e8      0x118 ./libc-kernel.a(lib_a-fclose.o)
                0x000000000000d6e8                _fclose_r
                0x000000000000d7ec                fclose
 .text          0x000000000000d800      0x238 ./libc-kernel.a(lib_a-fflush.o)
                0x000000000000d800                __sflush_r
                0x000000000000d978                _fflush_r
                0x000000000000da10                fflush
 .text          0x000000000000da38       0x8c ./libc-kernel.a(lib_a-fileno.o)
                0x000000000000da38                fileno
 .text          0x000000000000dac4      0x300 ./libc-kernel.a(lib_a-findfp.o)
                0x000000000000dac4                _cleanup_r
                0x000000000000db80                __sfmoreglue
                0x000000000000dbc8                _cleanup
                0x000000000000dbe0                __sinit
                0x000000000000dc4c                __sfp
                0x000000000000dd30                __sfp_lock_acquire
                0x000000000000dd40                __sfp_lock_release
                0x000000000000dd50                __sinit_lock_acquire
                0x000000000000dd60                __sinit_lock_release
                0x000000000000dd70                __fp_lock_all
                0x000000000000dd9c                __fp_unlock_all
 .text          0x000000000000ddc4      0x128 ./libc-kernel.a(lib_a-fopen.o)
                0x000000000000ddc4                _fopen_r
                0x000000000000ded8                fopen
 .text          0x000000000000deec       0xdc ./libc-kernel.a(lib_a-fprintf.o)
                0x000000000000deec                _fprintf_r
                0x000000000000df54                fprintf
 .text          0x000000000000dfc8      0x23c ./libc-kernel.a(lib_a-fread.o)
                0x000000000000dfc8                _fread_r
                0x000000000000e1e0                fread
 .text          0x000000000000e204       0x24 ./libc-kernel.a(lib_a-fseek.o)
                0x000000000000e204                _fseek_r
                0x000000000000e210                fseek
 .text          0x000000000000e228      0x3b4 ./libc-kernel.a(lib_a-fseeko.o)
                0x000000000000e228                _fseeko_r
                0x000000000000e5c4                fseeko
 .text          0x000000000000e5dc       0xf4 ./libc-kernel.a(lib_a-fwalk.o)
                0x000000000000e5dc                _fwalk
                0x000000000000e650                _fwalk_reent
 .text          0x000000000000e6d0        0x0 ./libc-kernel.a(lib_a-impure.o)
 .text          0x000000000000e6d0        0xc ./libc-kernel.a(lib_a-lcltime_r.o)
                0x000000000000e6d0                localtime_r
 .text          0x000000000000e6dc      0x118 ./libc-kernel.a(lib_a-makebuf.o)
                0x000000000000e6dc                __smakebuf_r
 .text          0x000000000000e7f4       0x94 ./libc-kernel.a(lib_a-memcpy.o)
                0x000000000000e7f4                memcpy
 .text          0x000000000000e888       0xcc ./libc-kernel.a(lib_a-memmove.o)
                0x000000000000e888                memmove
 .text          0x000000000000e954       0x40 ./libc-kernel.a(lib_a-memset.o)
                0x000000000000e954                memset
 .text          0x000000000000e994      0x624 ./libc-kernel.a(lib_a-mktm_r.o)
                0x000000000000e994                __tzcalc_limits
                0x000000000000eb60                _mktm_r
 .text          0x000000000000efb8       0xe4 ./libc-kernel.a(lib_a-printf.o)
                0x000000000000efb8                _printf_r
                0x000000000000f024                printf
 .text          0x000000000000f09c       0x24 ./libc-kernel.a(lib_a-putchar.o)
                0x000000000000f09c                _putchar_r
                0x000000000000f0a8                putchar
 .text          0x000000000000f0c0       0xb8 ./libc-kernel.a(lib_a-puts.o)
                0x000000000000f0c0                _puts_r
                0x000000000000f164                puts
 .text          0x000000000000f178      0x178 ./libc-kernel.a(lib_a-refill.o)
                0x000000000000f190                __srefill_r
 .text          0x000000000000f2f0       0x14 ./libc-kernel.a(lib_a-rename.o)
                0x000000000000f2f0                rename
 .text          0x000000000000f304      0x1cc ./libc-kernel.a(lib_a-signal.o)
                0x000000000000f304                _init_signal_r
                0x000000000000f34c                _signal_r
                0x000000000000f39c                _raise_r
                0x000000000000f418                __sigtramp_r
                0x000000000000f484                raise
                0x000000000000f498                signal
                0x000000000000f4ac                _init_signal
                0x000000000000f4bc                __sigtramp
 .text          0x000000000000f4d0      0x1ec ./libc-kernel.a(lib_a-snprintf.o)
                0x000000000000f4d0                _snprintf_r
                0x000000000000f5c0                snprintf
 .text          0x000000000000f6bc      0x104 ./libc-kernel.a(lib_a-sprintf.o)
                0x000000000000f6bc                _sprintf_r
                0x000000000000f738                sprintf
 .text          0x000000000000f7c0       0xf4 ./libc-kernel.a(lib_a-stdio.o)
                0x000000000000f7c0                __sread
                0x000000000000f800                __seofread
                0x000000000000f804                __swrite
                0x000000000000f85c                __sseek
                0x000000000000f8a4                __sclose
 .text          0x000000000000f8b4       0x60 ./libc-kernel.a(lib_a-strcat.o)
                0x000000000000f8b4                strcat
 .text          0x000000000000f914       0x3c ./libc-kernel.a(lib_a-strcpy.o)
                0x000000000000f914                strcpy
 .text          0x000000000000f950       0x14 ./libc-kernel.a(lib_a-strdup.o)
                0x000000000000f950                strdup
 .text          0x000000000000f964       0x48 ./libc-kernel.a(lib_a-strdup_r.o)
                0x000000000000f964                _strdup_r
 .text          0x000000000000f9ac      0x460 ./libc-kernel.a(lib_a-strerror.o)
                0x000000000000f9ac                _strerror_r
                0x000000000000fdf4                strerror
 .text          0x000000000000fe0c      0xe08 ./libc-kernel.a(lib_a-strftime.o)
                0x000000000000ff4c                strftime
 .text          0x0000000000010c14       0x20 ./libc-kernel.a(lib_a-strlen.o)
                0x0000000000010c14                strlen
 .text          0x0000000000010c34       0x6c ./libc-kernel.a(lib_a-strncat.o)
                0x0000000000010c34                strncat
 .text          0x0000000000010ca0       0x94 ./libc-kernel.a(lib_a-strncpy.o)
                0x0000000000010ca0                strncpy
 .text          0x0000000000010d34       0x38 ./libc-kernel.a(lib_a-strrchr.o)
                0x0000000000010d34                strrchr
 .text          0x0000000000010d6c      0x170 ./libc-kernel.a(lib_a-strtoul.o)
                0x0000000000010d6c                _strtoul_r
                0x0000000000010ec4                strtoul
 .text          0x0000000000010edc     0x1d48 ./libc-kernel.a(lib_a-svfprintf.o)
                0x0000000000010edc                _svfprintf_r
 .text          0x0000000000012c24       0x14 ./libc-kernel.a(lib_a-sysclose.o)
                0x0000000000012c24                close
 .text          0x0000000000012c38       0x14 ./libc-kernel.a(lib_a-sysfstat.o)
                0x0000000000012c38                fstat
 .text          0x0000000000012c4c       0x14 ./libc-kernel.a(lib_a-sysgettod.o)
                0x0000000000012c4c                gettimeofday
 .text          0x0000000000012c60       0x74 ./libc-kernel.a(lib_a-sysopen.o)
                0x0000000000012c60                open
 .text          0x0000000000012cd4       0x18 ./libc-kernel.a(lib_a-sysread.o)
                0x0000000000012cd4                read
 .text          0x0000000000012cec       0x14 ./libc-kernel.a(lib_a-syssbrk.o)
                0x0000000000012cec                sbrk
 .text          0x0000000000012d00       0x14 ./libc-kernel.a(lib_a-sysstat.o)
                0x0000000000012d00                stat
 .text          0x0000000000012d14       0x14 ./libc-kernel.a(lib_a-sysunlink.o)
                0x0000000000012d14                unlink
 .text          0x0000000000012d28       0x18 ./libc-kernel.a(lib_a-syswrite.o)
                0x0000000000012d28                write
 .text          0x0000000000012d40       0x34 ./libc-kernel.a(lib_a-time.o)
                0x0000000000012d40                time
 .text          0x0000000000012d74       0x50 ./libc-kernel.a(lib_a-timelocal.o)
                0x0000000000012d74                __get_current_time_locale
                0x0000000000012d94                __time_load_locale
 .text          0x0000000000012dc4       0x14 ./libc-kernel.a(lib_a-trap.o)
                0x0000000000012dc4                __trap34
 .text          0x0000000000012dd8       0x20 ./libc-kernel.a(lib_a-tzlock.o)
                0x0000000000012dd8                __tz_lock
                0x0000000000012de8                __tz_unlock
 .text          0x0000000000012df8        0x0 ./libc-kernel.a(lib_a-tzvars.o)
 .text          0x0000000000012df8        0x4 ./libc-kernel.a(lib_a-u_strerr.o)
                0x0000000000012df8                _user_strerror
 .text          0x0000000000012dfc     0x2224 ./libc-kernel.a(lib_a-vfprintf.o)
                0x0000000000012dfc                _vfprintf_r
                0x0000000000014f40                vfprintf
 .text          0x0000000000015020       0x6c ./libc-kernel.a(lib_a-vsprintf.o)
                0x0000000000015020                _vsprintf_r
                0x0000000000015078                vsprintf
 .text          0x000000000001508c       0xf0 ./libc-kernel.a(lib_a-wbuf.o)
                0x000000000001508c                __swbuf_r
                0x0000000000015168                __swbuf
 .text          0x000000000001517c       0xf8 ./libc-kernel.a(lib_a-wsetup.o)
                0x000000000001517c                __swsetup_r
 .text          0x0000000000015274      0x12c ./libc-kernel.a(lib_a-__call_atexit.o)
                0x0000000000015274                __call_exitprocs
 .text          0x00000000000153a0       0x10 ./libc-kernel.a(lib_a-abs.o)
                0x00000000000153a0                abs
 .text          0x00000000000153b0        0x0 ./libc-kernel.a(lib_a-ctype_.o)
 .text          0x00000000000153b0      0xf98 ./libc-kernel.a(lib_a-dtoa.o)
                0x0000000000015508                _dtoa_r
 .text          0x0000000000016348       0x74 ./libc-kernel.a(lib_a-flags.o)
                0x0000000000016348                __sflags
 .text          0x00000000000163bc      0x358 ./libc-kernel.a(lib_a-fvwrite.o)
                0x00000000000163bc                __sfvwrite_r
 .text          0x0000000000016714        0xc ./libc-kernel.a(lib_a-gettzinfo.o)
                0x0000000000016714                __gettzinfo
 .text          0x0000000000016720       0x10 ./libc-kernel.a(lib_a-labs.o)
                0x0000000000016720                labs
 .text          0x0000000000016730      0x250 ./libc-kernel.a(lib_a-ldpart.o)
                0x0000000000016730                __part_load_locale
 .text          0x0000000000016980       0xa4 ./libc-kernel.a(lib_a-locale.o)
                0x0000000000016980                _setlocale_r
                0x00000000000169d0                __locale_charset
                0x00000000000169dc                __locale_mb_cur_max
                0x00000000000169e8                __locale_msgcharset
                0x00000000000169f4                __locale_cjk_lang
                0x00000000000169f8                _localeconv_r
                0x0000000000016a04                setlocale
                0x0000000000016a18                localeconv
 .text          0x0000000000016a24       0x9c ./libc-kernel.a(lib_a-memchr.o)
                0x0000000000016a24                memchr
 .text          0x0000000000016ac0      0xaa0 ./libc-kernel.a(lib_a-mprec.o)
                0x0000000000016ac0                _Balloc
                0x0000000000016b34                _Bfree
                0x0000000000016b4c                __multadd
                0x0000000000016bfc                __s2b
                0x0000000000016cb4                __hi0bits
                0x0000000000016d10                __lo0bits
                0x0000000000016d78                __i2b
                0x0000000000016d94                __multiply
                0x0000000000016ee4                __pow5mult
                0x0000000000016fc0                __lshift
                0x00000000000170bc                __mcmp
                0x00000000000170f8                __mdiff
                0x0000000000017238                __ulp
                0x000000000001728c                __b2d
                0x0000000000017340                __d2b
                0x00000000000173e8                __ratio
                0x0000000000017464                _mprec_log10
                0x0000000000017490                __copybits
                0x00000000000174e0                __any_on
 .text          0x0000000000017560      0x174 ./libc-kernel.a(lib_a-putc.o)
                0x0000000000017560                _putc_r
                0x0000000000017614                putc
 .text          0x00000000000176d4       0x48 ./libc-kernel.a(lib_a-sf_fpclassify.o)
                0x00000000000176d4                __fpclassifyf
 .text          0x000000000001771c      0x1ec ./libc-kernel.a(lib_a-sniprintf.o)
                0x000000000001771c                _sniprintf_r
                0x000000000001780c                sniprintf
 .text          0x0000000000017908      0x110 ./libc-kernel.a(lib_a-strchr.o)
                0x0000000000017908                strchr
 .text          0x0000000000017a18       0x38 ./libc-kernel.a(lib_a-strcmp.o)
                0x0000000000017a18                strcmp
 .text          0x0000000000017a50     0x11d0 ./libc-kernel.a(lib_a-svfiprintf.o)
                0x0000000000017a50                __ssprint_r
                0x0000000000017bb8                _svfiprintf_r
 .text          0x0000000000018c20     0x152c ./libc-kernel.a(lib_a-vfiprintf.o)
                0x0000000000018cd4                __sprint_r
                0x0000000000018cec                _vfiprintf_r
                0x000000000001a06c                vfiprintf
 .text          0x000000000001a14c       0xf4 ./libc-kernel.a(lib_a-__atexit.o)
                0x000000000001a14c                __register_exitproc
 .text          0x000000000001a240      0x160 ./libc-kernel.a(lib_a-fputwc.o)
                0x000000000001a240                _fputwc_r
                0x000000000001a360                fputwc
 .text          0x000000000001a3a0       0xe0 ./libc-kernel.a(lib_a-wcrtomb.o)
                0x000000000001a3a0                _wcrtomb_r
                0x000000000001a404                wcrtomb
 .text          0x000000000001a480       0x58 ./libc-kernel.a(lib_a-wctomb_r.o)
                0x000000000001a480                __ascii_wctomb
                0x000000000001a4a0                _wctomb_r
 .text          0x000000000001a4d8       0xac /usr/local/sh-elf/sh-elf/lib/m2e//libm.a(lib_a-sf_cos.o)
                0x000000000001a4d8                cosf
                0x000000000001a578                cos
 .text          0x000000000001a584       0xd0 /usr/local/sh-elf/sh-elf/lib/m2e//libm.a(lib_a-sf_floor.o)
                0x000000000001a584                floorf
                0x000000000001a648                floor
 .text          0x000000000001a654       0xb0 /usr/local/sh-elf/sh-elf/lib/m2e//libm.a(lib_a-sf_sin.o)
                0x000000000001a654                sinf
                0x000000000001a6f8                sin
 .text          0x000000000001a704       0xc0 /usr/local/sh-elf/sh-elf/lib/m2e//libm.a(lib_a-wf_sqrt.o)
                0x000000000001a704                sqrtf
                0x000000000001a7b8                sqrt
 .text          0x000000000001a7c4      0x280 /usr/local/sh-elf/sh-elf/lib/m2e//libm.a(lib_a-ef_rem_pio2.o)
                0x000000000001a7c4                __ieee754_rem_pio2f
 .text          0x000000000001aa44       0xd0 /usr/local/sh-elf/sh-elf/lib/m2e//libm.a(lib_a-ef_sqrt.o)
                0x000000000001aa44                __ieee754_sqrtf
 .text          0x000000000001ab14       0xe4 /usr/local/sh-elf/sh-elf/lib/m2e//libm.a(lib_a-kf_cos.o)
                0x000000000001ab14                __kernel_cosf
 .text          0x000000000001abf8      0x77c /usr/local/sh-elf/sh-elf/lib/m2e//libm.a(lib_a-kf_rem_pio2.o)
                0x000000000001abf8                __kernel_rem_pio2f
 .text          0x000000000001b374       0xa0 /usr/local/sh-elf/sh-elf/lib/m2e//libm.a(lib_a-kf_sin.o)
                0x000000000001b374                __kernel_sinf
 .text          0x000000000001b414        0x0 /usr/local/sh-elf/sh-elf/lib/m2e//libm.a(lib_a-s_lib_ver.o)
 .text          0x000000000001b414        0x4 /usr/local/sh-elf/sh-elf/lib/m2e//libm.a(lib_a-s_matherr.o)
                0x000000000001b414                matherr
 .text          0x000000000001b418       0x28 /usr/local/sh-elf/sh-elf/lib/m2e//libm.a(lib_a-sf_fabs.o)
                0x000000000001b418                fabsf
                0x000000000001b42c                fabs
 .text          0x000000000001b440       0xfc /usr/local/sh-elf/sh-elf/lib/m2e//libm.a(lib_a-sf_scalbn.o)
                0x000000000001b440                scalbnf
                0x000000000001b530                scalbn
 .text          0x000000000001b53c       0x38 /usr/local/sh-elf/sh-elf/lib/m2e//libm.a(lib_a-sf_copysign.o)
                0x000000000001b53c                copysignf
                0x000000000001b558                copysign
 .text          0x000000000001b574       0x52 /usr/local/sh-elf/lib/gcc/sh-elf/5.1.0/m2e//libgcc.a(_ashiftrt.o)
                0x000000000001b574                __ashiftrt_r4_31
                0x000000000001b574                __ashiftrt_r4_32
                0x000000000001b57a                __ashiftrt_r4_30
                0x000000000001b57c                __ashiftrt_r4_29
                0x000000000001b57e                __ashiftrt_r4_28
                0x000000000001b580                __ashiftrt_r4_27
                0x000000000001b582                __ashiftrt_r4_26
                0x000000000001b584                __ashiftrt_r4_25
                0x000000000001b586                __ashiftrt_r4_24
                0x000000000001b58e                __ashiftrt_r4_23
                0x000000000001b590                __ashiftrt_r4_22
                0x000000000001b592                __ashiftrt_r4_21
                0x000000000001b594                __ashiftrt_r4_20
                0x000000000001b596                __ashiftrt_r4_19
                0x000000000001b598                __ashiftrt_r4_18
                0x000000000001b59a                __ashiftrt_r4_17
                0x000000000001b59c                __ashiftrt_r4_16
                0x000000000001b5a2                __ashiftrt_r4_15
                0x000000000001b5a4                __ashiftrt_r4_14
                0x000000000001b5a6                __ashiftrt_r4_13
                0x000000000001b5a8                __ashiftrt_r4_12
                0x000000000001b5aa                __ashiftrt_r4_11
                0x000000000001b5ac                __ashiftrt_r4_10
                0x000000000001b5ae                __ashiftrt_r4_9
                0x000000000001b5b0                __ashiftrt_r4_8
                0x000000000001b5b2                __ashiftrt_r4_7
                0x000000000001b5b4                __ashiftrt_r4_6
                0x000000000001b5b6                __ashiftrt_r4_5
                0x000000000001b5b8                __ashiftrt_r4_4
                0x000000000001b5ba                __ashiftrt_r4_3
                0x000000000001b5bc                __ashiftrt_r4_2
                0x000000000001b5be                __ashiftrt_r4_1
                0x000000000001b5c2                __ashiftrt_r4_0
 *fill*         0x000000000001b5c6        0x2 
 .text          0x000000000001b5c8       0x80 /usr/local/sh-elf/lib/gcc/sh-elf/5.1.0/m2e//libgcc.a(_ashiftrt_n.o)
                0x000000000001b5c8                __ashrsi3
 .text          0x000000000001b648       0xbc /usr/local/sh-elf/lib/gcc/sh-elf/5.1.0/m2e//libgcc.a(_ashiftlt.o)
                0x000000000001b648                __ashlsi3
                0x000000000001b64c                __ashlsi3_r0
 .text          0x000000000001b704       0xbc /usr/local/sh-elf/lib/gcc/sh-elf/5.1.0/m2e//libgcc.a(_lshiftrt.o)
                0x000000000001b704                __lshrsi3
                0x000000000001b708                __lshrsi3_r0
 .text          0x000000000001b7c0       0x78 /usr/local/sh-elf/lib/gcc/sh-elf/5.1.0/m2e//libgcc.a(_movmem.o)
                0x000000000001b7c0                __movmem
                0x000000000001b7c0                __movstr
                0x000000000001b7f4                __movmemSI64
                0x000000000001b7f4                __movstrSI64
                0x000000000001b7f8                __movmemSI60
                0x000000000001b7f8                __movstrSI60
                0x000000000001b7fc                __movstrSI56
                0x000000000001b7fc                __movmemSI56
                0x000000000001b800                __movmemSI52
                0x000000000001b800                __movstrSI52
                0x000000000001b804                __movstrSI48
                0x000000000001b804                __movmemSI48
                0x000000000001b808                __movmemSI44
                0x000000000001b808                __movstrSI44
                0x000000000001b80c                __movstrSI40
                0x000000000001b80c                __movmemSI40
                0x000000000001b810                __movstrSI36
                0x000000000001b810                __movmemSI36
                0x000000000001b814                __movstrSI32
                0x000000000001b814                __movmemSI32
                0x000000000001b818                __movmemSI28
                0x000000000001b818                __movstrSI28
                0x000000000001b81c                __movmemSI24
                0x000000000001b81c                __movstrSI24
                0x000000000001b820                __movmemSI20
                0x000000000001b820                __movstrSI20
                0x000000000001b824                __movstrSI16
                0x000000000001b824                __movmemSI16
                0x000000000001b828                __movmemSI12
                0x000000000001b828                __movstrSI12
                0x000000000001b82c                __movstrSI8
                0x000000000001b82c                __movmemSI8
                0x000000000001b830                __movstrSI4
                0x000000000001b830                __movmemSI4
 .text          0x000000000001b838       0x9e /usr/local/sh-elf/lib/gcc/sh-elf/5.1.0/m2e//libgcc.a(_sdivsi3.o)
                0x000000000001b838                __sdivsi3
 .text          0x000000000001b8d6       0x6c /usr/local/sh-elf/lib/gcc/sh-elf/5.1.0/m2e//libgcc.a(_udivsi3.o)
                0x000000000001b8f8                __udivsi3
 *fill*         0x000000000001b942        0x2 
 .text          0x000000000001b944      0x2a0 /usr/local/sh-elf/lib/gcc/sh-elf/5.1.0/m2e//libgcc.a(_udivdi3.o)
                0x000000000001b944                __udivdi3
 .text          0x000000000001bbe4      0x2e8 /usr/local/sh-elf/lib/gcc/sh-elf/5.1.0/m2e//libgcc.a(_umoddi3.o)
                0x000000000001bbe4                __umoddi3
 .text          0x000000000001becc       0x4c /usr/local/sh-elf/lib/gcc/sh-elf/5.1.0/m2e//libgcc.a(_df_to_sf.o)
                0x000000000001becc                __truncdfsf2
 .text          0x000000000001bf18       0x60 /usr/local/sh-elf/lib/gcc/sh-elf/5.1.0/m2e//libgcc.a(_udiv_qrnnd_16.o)
                0x000000000001bf18                __udiv_qrnnd_16
 .text          0x000000000001bf78        0x0 /usr/local/sh-elf/lib/gcc/sh-elf/5.1.0/m2e//libgcc.a(_clz.o)
 .text          0x000000000001bf78       0x20 /usr/local/sh-elf/lib/gcc/sh-elf/5.1.0/m2e//libgcc.a(_make_sf.o)
                0x000000000001bf78                __make_fp
 .text          0x000000000001bf98       0xd0 /usr/local/sh-elf/lib/gcc/sh-elf/5.1.0/m2e//libgcc.a(_unpack_df.o)
                0x000000000001bf98                __unpack_d
 .text          0x000000000001c068      0x12c /usr/local/sh-elf/lib/gcc/sh-elf/5.1.0/m2e//libgcc.a(_pack_sf.o)
                0x000000000001c068                __pack_f
 *(.text.*)
 .text.startup  0x000000000001c194       0x2c init.o
                0x000000000001c194                main

.rodata         0x000000000001c1c0    0x22670
 *(.rodata)
 .rodata        0x000000000001c1c0       0x24 media/martini.o
                0x000000000001c1c0                martini_rgba_length
                0x000000000001c1c4                martini_rgba
 .rodata        0x000000000001c1e4     0x4004 ./libwolf.a(eagle.o)
                0x000000000001c1e4                eagle_rgba_length
                0x000000000001c1e8                eagle_rgba
 .rodata        0x00000000000201e8     0x4004 ./libwolf.a(redbrick.o)
                0x00000000000201e8                redbrick_rgba_length
                0x00000000000201ec                redbrick_rgba
 .rodata        0x00000000000241ec     0x4004 ./libwolf.a(purplestone.o)
                0x00000000000241ec                purplestone_rgba_length
                0x00000000000241f0                purplestone_rgba
 .rodata        0x00000000000281f0     0x4004 ./libwolf.a(greystone.o)
                0x00000000000281f0                greystone_rgba_length
                0x00000000000281f4                greystone_rgba
 .rodata        0x000000000002c1f4     0x4004 ./libwolf.a(bluestone.o)
                0x000000000002c1f4                bluestone_rgba_length
                0x000000000002c1f8                bluestone_rgba
 .rodata        0x00000000000301f8     0x4004 ./libwolf.a(mossy.o)
                0x00000000000301f8                mossy_rgba_length
                0x00000000000301fc                mossy_rgba
 .rodata        0x00000000000341fc     0x4004 ./libwolf.a(wood.o)
                0x00000000000341fc                wood_rgba_length
                0x0000000000034200                wood_rgba
 .rodata        0x0000000000038200     0x4004 ./libwolf.a(colorstone.o)
                0x0000000000038200                colorstone_rgba_length
                0x0000000000038204                colorstone_rgba
 .rodata        0x000000000003c204       0x10 ./libbitmachine/libbitmachine.a(kernel.o)
 .rodata        0x000000000003c214       0xe4 ./libbitmachine/libbitmachine.a(shell.o)
 .rodata        0x000000000003c2f8       0x60 ./libbitmachine/libbitmachine.a(build.o)
 .rodata        0x000000000003c358      0x4fb ./libbitmachine/libbitmachine.a(glcdfont.o)
                0x000000000003c358                font
 *fill*         0x000000000003c853        0x1 
 .rodata        0x000000000003c854       0x10 ./libbitmachine/libbitmachine.a(interrupts.o)
 .rodata        0x000000000003c864        0x4 ./libc-kernel.a(lib_a-impure.o)
                0x000000000003c864                _global_impure_ptr
 .rodata        0x000000000003c868       0x68 ./libc-kernel.a(lib_a-mktm_r.o)
 .rodata        0x000000000003c8d0       0x20 ./libc-kernel.a(lib_a-svfprintf.o)
 .rodata        0x000000000003c8f0       0xfc ./libc-kernel.a(lib_a-timelocal.o)
 .rodata        0x000000000003c9ec       0x20 ./libc-kernel.a(lib_a-vfprintf.o)
 .rodata        0x000000000003ca0c      0x284 ./libc-kernel.a(lib_a-ctype_.o)
                0x000000000003ca0c                _ctype_
 .rodata        0x000000000003cc90       0x80 ./libc-kernel.a(lib_a-mprec.o)
                0x000000000003cc9c                __mprec_tinytens
                0x000000000003cca4                __mprec_bigtens
                0x000000000003ccac                __mprec_tens
 .rodata        0x000000000003cd10       0x20 ./libc-kernel.a(lib_a-svfiprintf.o)
 .rodata        0x000000000003cd30       0x20 ./libc-kernel.a(lib_a-vfiprintf.o)
 .rodata        0x000000000003cd50      0x398 /usr/local/sh-elf/sh-elf/lib/m2e//libm.a(lib_a-ef_rem_pio2.o)
 .rodata        0x000000000003d0e8       0x38 /usr/local/sh-elf/sh-elf/lib/m2e//libm.a(lib_a-kf_rem_pio2.o)
 .rodata        0x000000000003d120      0x100 /usr/local/sh-elf/lib/gcc/sh-elf/5.1.0/m2e//libgcc.a(_clz.o)
                0x000000000003d120                __clz_tab
 *(.rodata.*)
 .rodata.str1.4
                0x000000000003d220        0xe init.o
 *fill*         0x000000000003d22e        0x2 
 .rodata.str1.4
                0x000000000003d230       0x12 apps/wolf/wolf.o
 *fill*         0x000000000003d242        0x2 
 .rodata.str1.4
                0x000000000003d244       0x31 ./libbitmachine/libbitmachine.a(gfx.o)
 *fill*         0x000000000003d275        0x3 
 .rodata.str1.4
                0x000000000003d278      0x206 ./libbitmachine/libbitmachine.a(kernel.o)
                                        0x20a (size before relaxing)
 *fill*         0x000000000003d47e        0x2 
 .rodata.str1.4
                0x000000000003d480       0x1a ./libbitmachine/libbitmachine.a(window.o)
 *fill*         0x000000000003d49a        0x2 
 .rodata.str1.4
                0x000000000003d49c       0x30 ./libbitmachine/libbitmachine.a(memory.o)
 .rodata.str1.4
                0x000000000003d4cc       0x52 ./libbitmachine/libbitmachine.a(malloc.o)
 *fill*         0x000000000003d51e        0x2 
 .rodata.str1.4
                0x000000000003d520      0x18c ./libbitmachine/libbitmachine.a(shell.o)
                                        0x1b3 (size before relaxing)
 .rodata.str1.4
                0x000000000003d6ac      0x6a9 ./libbitmachine/libbitmachine.a(build.o)
                                        0x6bd (size before relaxing)
 *fill*         0x000000000003dd55        0x3 
 .rodata.str1.4
                0x000000000003dd58       0x1d ./libbitmachine/libbitmachine.a(console.o)
 *fill*         0x000000000003dd75        0x3 
 .rodata.str1.4
                0x000000000003dd78       0x19 ./libbitmachine/libbitmachine.a(interrupts.o)
                                         0x1d (size before relaxing)
 *fill*         0x000000000003dd91        0x3 
 .rodata.str1.4
                0x000000000003dd94       0x2e ./libbitmachine/libbitmachine.a(file.o)
 *fill*         0x000000000003ddc2        0x2 
 .rodata.str1.4
                0x000000000003ddc4      0x197 ./libbitmachine/libbitmachine.a(syscalls.o)
 *fill*         0x000000000003df5b        0x1 
 .rodata.str1.4
                0x000000000003df5c       0x57 ./libbitmachine/libbitmachine.a(process.o)
                                         0x66 (size before relaxing)
 *fill*         0x000000000003dfb3        0x1 
 .rodata.str1.4
                0x000000000003dfb4        0x2 ./libc-kernel.a(lib_a-impure.o)
 .rodata.str1.4
                0x000000000003dfb6        0x2 ./libc-kernel.a(lib_a-puts.o)
 *fill*         0x000000000003dfb6        0x2 
 .rodata.str1.4
                0x000000000003dfb8      0x635 ./libc-kernel.a(lib_a-strerror.o)
                                        0x639 (size before relaxing)
 *fill*         0x000000000003e5ed        0x3 
 .rodata.str1.4
                0x000000000003e5f0       0x74 ./libc-kernel.a(lib_a-strftime.o)
                                         0x78 (size before relaxing)
 .rodata.str1.4
                0x000000000003e664       0x42 ./libc-kernel.a(lib_a-svfprintf.o)
 *fill*         0x000000000003e6a6        0x2 
 .rodata.str1.4
                0x000000000003e6a8      0x160 ./libc-kernel.a(lib_a-timelocal.o)
                                        0x161 (size before relaxing)
 .rodata.str1.4
                0x000000000003e808        0x4 ./libc-kernel.a(lib_a-tzvars.o)
 .rodata.str1.4
                0x000000000003e80c       0x42 ./libc-kernel.a(lib_a-vfprintf.o)
 .rodata.str1.4
                0x000000000003e80c       0x10 ./libc-kernel.a(lib_a-dtoa.o)
                                         0x12 (size before relaxing)
 .rodata.str1.4
                0x000000000003e81c        0x6 ./libc-kernel.a(lib_a-ldpart.o)
                                          0xe (size before relaxing)
 *fill*         0x000000000003e822        0x2 
 .rodata.str1.4
                0x000000000003e824        0x2 ./libc-kernel.a(lib_a-locale.o)
                                         0x12 (size before relaxing)
 .rodata.str1.4
                0x000000000003e826       0x2f ./libc-kernel.a(lib_a-svfiprintf.o)
 .rodata.str1.4
                0x000000000003e826       0x2f ./libc-kernel.a(lib_a-vfiprintf.o)
 *fill*         0x000000000003e826        0x2 
 .rodata.str1.4
                0x000000000003e828        0x8 /usr/local/sh-elf/sh-elf/lib/m2e//libm.a(lib_a-wf_sqrt.o)
                                          0x6 (size before relaxing)
                0x000000000003e830                _erodata = .

.eh_frame_hdr
 *(.eh_frame_hdr)

.eh_frame       0x000000000003e830      0x2a0
 *(.eh_frame)
 .eh_frame      0x000000000003e830      0x124 apps/wolf/wolf.o
 .eh_frame      0x000000000003e954       0xb4 /usr/local/sh-elf/lib/gcc/sh-elf/5.1.0/m2e//libgcc.a(_udivdi3.o)
                                         0xc8 (size before relaxing)
 .eh_frame      0x000000000003ea08       0xc8 /usr/local/sh-elf/lib/gcc/sh-elf/5.1.0/m2e//libgcc.a(_umoddi3.o)
                                         0xdc (size before relaxing)

.rela.dyn       0x000000000003ead0        0x0
 .rela.vector   0x000000000003ead0        0x0 vector.o
 .rela.text     0x000000000003ead0        0x0 vector.o
 .rela.text.startup
                0x000000000003ead0        0x0 vector.o
 .rela.data     0x000000000003ead0        0x0 vector.o
 .rela.rodata   0x000000000003ead0        0x0 vector.o

.tors           0x000000000003ead0        0x0
                0x000000000003ead0                __CTOR_LIST__ = .
                0x000000000003ead0                ___ctors = .
 *(.ctors)
                0x000000000003ead0                ___ctors_end = .
                0x000000000003ead0                __CTOR_END__ = .
                0x000000000003ead0                __DTOR_LIST__ = .
                0x000000000003ead0                ___dtors = .
 *(.dtors)
                0x000000000003ead0                ___dtors_end = .
                0x000000000003ead0                __DTOR_END__ = .
                0x000000000003ead0                _mdata = .

.data           0x00000000f8000000      0xfe0 load address 0x000000000003ead0
                0x00000000f8000000                _data = .
                0x00000000f8000000                . = ALIGN (0x4)
 *(.data)
 .data          0x00000000f8000000        0x0 vector.o
 .data          0x00000000f8000000        0x0 media/martini.o
 .data          0x00000000f8000000        0x0 init.o
 .data          0x00000000f8000000      0x908 apps/wolf/wolf.o
                0x00000000f8000000                worldMap
                0x00000000f8000900                fps_count
                0x00000000f8000904                vb
 .data          0x00000000f8000908        0x0 /usr/local/sh-elf/sh-elf/lib/m2e/crt0.o
 .data          0x00000000f8000908        0x0 ./libwolf.a(eagle.o)
 .data          0x00000000f8000908        0x0 ./libwolf.a(redbrick.o)
 .data          0x00000000f8000908        0x0 ./libwolf.a(purplestone.o)
 .data          0x00000000f8000908        0x0 ./libwolf.a(greystone.o)
 .data          0x00000000f8000908        0x0 ./libwolf.a(bluestone.o)
 .data          0x00000000f8000908        0x0 ./libwolf.a(mossy.o)
 .data          0x00000000f8000908        0x0 ./libwolf.a(wood.o)
 .data          0x00000000f8000908        0x0 ./libwolf.a(colorstone.o)
 .data          0x00000000f8000908        0x8 ./libbitmachine/libbitmachine.a(gfx.o)
                0x00000000f8000908                videoHeight
                0x00000000f800090c                videoWidth
 .data          0x00000000f8000910        0x0 ./libbitmachine/libbitmachine.a(syscall.o)
 .data          0x00000000f8000910        0x0 ./libbitmachine/libbitmachine.a(kernel_asm.o)
 .data          0x00000000f8000910        0x4 ./libbitmachine/libbitmachine.a(kernel.o)
 .data          0x00000000f8000914        0x8 ./libbitmachine/libbitmachine.a(window.o)
                0x00000000f8000914                window_fullRefresh
 .data          0x00000000f800091c        0x4 ./libbitmachine/libbitmachine.a(memory.o)
                0x00000000f800091c                _memory_total
 .data          0x00000000f8000920        0x0 ./libbitmachine/libbitmachine.a(malloc.o)
 .data          0x00000000f8000920        0x0 ./libbitmachine/libbitmachine.a(panic.o)
 .data          0x00000000f8000920        0x0 ./libbitmachine/libbitmachine.a(argv.o)
 .data          0x00000000f8000920        0x0 ./libbitmachine/libbitmachine.a(shell.o)
 .data          0x00000000f8000920        0x0 ./libbitmachine/libbitmachine.a(build.o)
 .data          0x00000000f8000920        0x0 ./libbitmachine/libbitmachine.a(start.o)
 .data          0x00000000f8000920        0x0 ./libbitmachine/libbitmachine.a(cpp.o)
 .data          0x00000000f8000920        0x0 ./libbitmachine/libbitmachine.a(glcdfont.o)
 .data          0x00000000f8000920        0x0 ./libbitmachine/libbitmachine.a(console.o)
 .data          0x00000000f8000920        0x0 ./libbitmachine/libbitmachine.a(audio.o)
 .data          0x00000000f8000920       0xac ./libbitmachine/libbitmachine.a(interrupts.o)
                0x00000000f8000920                syscall_table
 .data          0x00000000f80009cc        0x0 ./libbitmachine/libbitmachine.a(file.o)
 .data          0x00000000f80009cc        0x0 ./libbitmachine/libbitmachine.a(kernel_client_asm.o)
 .data          0x00000000f80009cc        0x0 ./libbitmachine/libbitmachine.a(syscalls.o)
 .data          0x00000000f80009cc      0x100 ./libbitmachine/libbitmachine.a(bft_kernel.o)
                0x00000000f80009cc                _bft
                0x00000000f80009d0                __bft
 .data          0x00000000f8000acc        0x0 ./libbitmachine/libbitmachine.a(process.o)
 .data          0x00000000f8000acc        0x0 ./libbitmachine/libbitmachine.a(simulator.o)
 .data          0x00000000f8000acc        0x0 ./libc-kernel.a(lib_a-abort.o)
 .data          0x00000000f8000acc        0x0 ./libc-kernel.a(lib_a-errno.o)
 .data          0x00000000f8000acc        0x0 ./libc-kernel.a(lib_a-exit.o)
 .data          0x00000000f8000acc        0x0 ./libc-kernel.a(lib_a-fclose.o)
 .data          0x00000000f8000acc        0x0 ./libc-kernel.a(lib_a-fflush.o)
 .data          0x00000000f8000acc        0x0 ./libc-kernel.a(lib_a-fileno.o)
 .data          0x00000000f8000acc        0x0 ./libc-kernel.a(lib_a-findfp.o)
 .data          0x00000000f8000acc        0x0 ./libc-kernel.a(lib_a-fopen.o)
 .data          0x00000000f8000acc        0x0 ./libc-kernel.a(lib_a-fprintf.o)
 .data          0x00000000f8000acc        0x0 ./libc-kernel.a(lib_a-fread.o)
 .data          0x00000000f8000acc        0x0 ./libc-kernel.a(lib_a-fseek.o)
 .data          0x00000000f8000acc        0x0 ./libc-kernel.a(lib_a-fseeko.o)
 .data          0x00000000f8000acc        0x0 ./libc-kernel.a(lib_a-fwalk.o)
 .data          0x00000000f8000acc      0x440 ./libc-kernel.a(lib_a-impure.o)
                0x00000000f8000acc                _impure_ptr
 .data          0x00000000f8000f0c        0x0 ./libc-kernel.a(lib_a-lcltime_r.o)
 .data          0x00000000f8000f0c        0x0 ./libc-kernel.a(lib_a-makebuf.o)
 .data          0x00000000f8000f0c        0x0 ./libc-kernel.a(lib_a-memcpy.o)
 .data          0x00000000f8000f0c        0x0 ./libc-kernel.a(lib_a-memmove.o)
 .data          0x00000000f8000f0c        0x0 ./libc-kernel.a(lib_a-memset.o)
 .data          0x00000000f8000f0c        0x0 ./libc-kernel.a(lib_a-mktm_r.o)
 .data          0x00000000f8000f0c        0x0 ./libc-kernel.a(lib_a-printf.o)
 .data          0x00000000f8000f0c        0x0 ./libc-kernel.a(lib_a-putchar.o)
 .data          0x00000000f8000f0c        0x0 ./libc-kernel.a(lib_a-puts.o)
 .data          0x00000000f8000f0c        0x0 ./libc-kernel.a(lib_a-refill.o)
 .data          0x00000000f8000f0c        0x0 ./libc-kernel.a(lib_a-rename.o)
 .data          0x00000000f8000f0c        0x0 ./libc-kernel.a(lib_a-signal.o)
 .data          0x00000000f8000f0c        0x0 ./libc-kernel.a(lib_a-snprintf.o)
 .data          0x00000000f8000f0c        0x0 ./libc-kernel.a(lib_a-sprintf.o)
 .data          0x00000000f8000f0c        0x0 ./libc-kernel.a(lib_a-stdio.o)
 .data          0x00000000f8000f0c        0x0 ./libc-kernel.a(lib_a-strcat.o)
 .data          0x00000000f8000f0c        0x0 ./libc-kernel.a(lib_a-strcpy.o)
 .data          0x00000000f8000f0c        0x0 ./libc-kernel.a(lib_a-strdup.o)
 .data          0x00000000f8000f0c        0x0 ./libc-kernel.a(lib_a-strdup_r.o)
 .data          0x00000000f8000f0c        0x0 ./libc-kernel.a(lib_a-strerror.o)
 .data          0x00000000f8000f0c        0x0 ./libc-kernel.a(lib_a-strftime.o)
 .data          0x00000000f8000f0c        0x0 ./libc-kernel.a(lib_a-strlen.o)
 .data          0x00000000f8000f0c        0x0 ./libc-kernel.a(lib_a-strncat.o)
 .data          0x00000000f8000f0c        0x0 ./libc-kernel.a(lib_a-strncpy.o)
 .data          0x00000000f8000f0c        0x0 ./libc-kernel.a(lib_a-strrchr.o)
 .data          0x00000000f8000f0c        0x0 ./libc-kernel.a(lib_a-strtoul.o)
 .data          0x00000000f8000f0c        0x0 ./libc-kernel.a(lib_a-svfprintf.o)
 .data          0x00000000f8000f0c        0x0 ./libc-kernel.a(lib_a-sysclose.o)
 .data          0x00000000f8000f0c        0x0 ./libc-kernel.a(lib_a-sysfstat.o)
 .data          0x00000000f8000f0c        0x0 ./libc-kernel.a(lib_a-sysgettod.o)
 .data          0x00000000f8000f0c        0x0 ./libc-kernel.a(lib_a-sysopen.o)
 .data          0x00000000f8000f0c        0x0 ./libc-kernel.a(lib_a-sysread.o)
 .data          0x00000000f8000f0c        0x0 ./libc-kernel.a(lib_a-syssbrk.o)
 .data          0x00000000f8000f0c        0x0 ./libc-kernel.a(lib_a-sysstat.o)
 .data          0x00000000f8000f0c        0x0 ./libc-kernel.a(lib_a-sysunlink.o)
 .data          0x00000000f8000f0c        0x0 ./libc-kernel.a(lib_a-syswrite.o)
 .data          0x00000000f8000f0c        0x0 ./libc-kernel.a(lib_a-time.o)
 .data          0x00000000f8000f0c        0x0 ./libc-kernel.a(lib_a-timelocal.o)
 .data          0x00000000f8000f0c        0x0 ./libc-kernel.a(lib_a-trap.o)
 .data          0x00000000f8000f0c        0x0 ./libc-kernel.a(lib_a-tzlock.o)
 .data          0x00000000f8000f0c        0x8 ./libc-kernel.a(lib_a-tzvars.o)
                0x00000000f8000f0c                _tzname
 .data          0x00000000f8000f14        0x0 ./libc-kernel.a(lib_a-u_strerr.o)
 .data          0x00000000f8000f14        0x0 ./libc-kernel.a(lib_a-vfprintf.o)
 .data          0x00000000f8000f14        0x0 ./libc-kernel.a(lib_a-vsprintf.o)
 .data          0x00000000f8000f14        0x0 ./libc-kernel.a(lib_a-wbuf.o)
 .data          0x00000000f8000f14        0x0 ./libc-kernel.a(lib_a-wsetup.o)
 .data          0x00000000f8000f14        0x0 ./libc-kernel.a(lib_a-__call_atexit.o)
 .data          0x00000000f8000f14        0x0 ./libc-kernel.a(lib_a-abs.o)
 .data          0x00000000f8000f14        0x4 ./libc-kernel.a(lib_a-ctype_.o)
                0x00000000f8000f14                __ctype_ptr__
 .data          0x00000000f8000f18        0x0 ./libc-kernel.a(lib_a-dtoa.o)
 .data          0x00000000f8000f18        0x0 ./libc-kernel.a(lib_a-flags.o)
 .data          0x00000000f8000f18        0x0 ./libc-kernel.a(lib_a-fvwrite.o)
 .data          0x00000000f8000f18       0x40 ./libc-kernel.a(lib_a-gettzinfo.o)
 .data          0x00000000f8000f58        0x0 ./libc-kernel.a(lib_a-labs.o)
 .data          0x00000000f8000f58        0x2 ./libc-kernel.a(lib_a-ldpart.o)
 *fill*         0x00000000f8000f5a        0x2 
 .data          0x00000000f8000f5c       0x7c ./libc-kernel.a(lib_a-locale.o)
                0x00000000f8000fd4                __mb_cur_max
 .data          0x00000000f8000fd8        0x0 ./libc-kernel.a(lib_a-memchr.o)
 .data          0x00000000f8000fd8        0x0 ./libc-kernel.a(lib_a-mprec.o)
 .data          0x00000000f8000fd8        0x0 ./libc-kernel.a(lib_a-putc.o)
 .data          0x00000000f8000fd8        0x0 ./libc-kernel.a(lib_a-sf_fpclassify.o)
 .data          0x00000000f8000fd8        0x0 ./libc-kernel.a(lib_a-sniprintf.o)
 .data          0x00000000f8000fd8        0x0 ./libc-kernel.a(lib_a-strchr.o)
 .data          0x00000000f8000fd8        0x0 ./libc-kernel.a(lib_a-strcmp.o)
 .data          0x00000000f8000fd8        0x0 ./libc-kernel.a(lib_a-svfiprintf.o)
 .data          0x00000000f8000fd8        0x0 ./libc-kernel.a(lib_a-vfiprintf.o)
 .data          0x00000000f8000fd8        0x0 ./libc-kernel.a(lib_a-__atexit.o)
 .data          0x00000000f8000fd8        0x0 ./libc-kernel.a(lib_a-fputwc.o)
 .data          0x00000000f8000fd8        0x0 ./libc-kernel.a(lib_a-wcrtomb.o)
 .data          0x00000000f8000fd8        0x4 ./libc-kernel.a(lib_a-wctomb_r.o)
                0x00000000f8000fd8                __wctomb
 .data          0x00000000f8000fdc        0x0 /usr/local/sh-elf/sh-elf/lib/m2e//libm.a(lib_a-sf_cos.o)
 .data          0x00000000f8000fdc        0x0 /usr/local/sh-elf/sh-elf/lib/m2e//libm.a(lib_a-sf_floor.o)
 .data          0x00000000f8000fdc        0x0 /usr/local/sh-elf/sh-elf/lib/m2e//libm.a(lib_a-sf_sin.o)
 .data          0x00000000f8000fdc        0x0 /usr/local/sh-elf/sh-elf/lib/m2e//libm.a(lib_a-wf_sqrt.o)
 .data          0x00000000f8000fdc        0x0 /usr/local/sh-elf/sh-elf/lib/m2e//libm.a(lib_a-ef_rem_pio2.o)
 .data          0x00000000f8000fdc        0x0 /usr/local/sh-elf/sh-elf/lib/m2e//libm.a(lib_a-ef_sqrt.o)
 .data          0x00000000f8000fdc        0x0 /usr/local/sh-elf/sh-elf/lib/m2e//libm.a(lib_a-kf_cos.o)
 .data          0x00000000f8000fdc        0x0 /usr/local/sh-elf/sh-elf/lib/m2e//libm.a(lib_a-kf_rem_pio2.o)
 .data          0x00000000f8000fdc        0x0 /usr/local/sh-elf/sh-elf/lib/m2e//libm.a(lib_a-kf_sin.o)
 .data          0x00000000f8000fdc        0x4 /usr/local/sh-elf/sh-elf/lib/m2e//libm.a(lib_a-s_lib_ver.o)
                0x00000000f8000fdc                __fdlib_version
 .data          0x00000000f8000fe0        0x0 /usr/local/sh-elf/sh-elf/lib/m2e//libm.a(lib_a-s_matherr.o)
 .data          0x00000000f8000fe0        0x0 /usr/local/sh-elf/sh-elf/lib/m2e//libm.a(lib_a-sf_fabs.o)
 .data          0x00000000f8000fe0        0x0 /usr/local/sh-elf/sh-elf/lib/m2e//libm.a(lib_a-sf_scalbn.o)
 .data          0x00000000f8000fe0        0x0 /usr/local/sh-elf/sh-elf/lib/m2e//libm.a(lib_a-sf_copysign.o)
 .data          0x00000000f8000fe0        0x0 /usr/local/sh-elf/lib/gcc/sh-elf/5.1.0/m2e//libgcc.a(_ashiftrt.o)
 .data          0x00000000f8000fe0        0x0 /usr/local/sh-elf/lib/gcc/sh-elf/5.1.0/m2e//libgcc.a(_ashiftrt_n.o)
 .data          0x00000000f8000fe0        0x0 /usr/local/sh-elf/lib/gcc/sh-elf/5.1.0/m2e//libgcc.a(_ashiftlt.o)
 .data          0x00000000f8000fe0        0x0 /usr/local/sh-elf/lib/gcc/sh-elf/5.1.0/m2e//libgcc.a(_lshiftrt.o)
 .data          0x00000000f8000fe0        0x0 /usr/local/sh-elf/lib/gcc/sh-elf/5.1.0/m2e//libgcc.a(_movmem.o)
 .data          0x00000000f8000fe0        0x0 /usr/local/sh-elf/lib/gcc/sh-elf/5.1.0/m2e//libgcc.a(_sdivsi3.o)
 .data          0x00000000f8000fe0        0x0 /usr/local/sh-elf/lib/gcc/sh-elf/5.1.0/m2e//libgcc.a(_udivsi3.o)
 .data          0x00000000f8000fe0        0x0 /usr/local/sh-elf/lib/gcc/sh-elf/5.1.0/m2e//libgcc.a(_udivdi3.o)
 .data          0x00000000f8000fe0        0x0 /usr/local/sh-elf/lib/gcc/sh-elf/5.1.0/m2e//libgcc.a(_umoddi3.o)
 .data          0x00000000f8000fe0        0x0 /usr/local/sh-elf/lib/gcc/sh-elf/5.1.0/m2e//libgcc.a(_df_to_sf.o)
 .data          0x00000000f8000fe0        0x0 /usr/local/sh-elf/lib/gcc/sh-elf/5.1.0/m2e//libgcc.a(_udiv_qrnnd_16.o)
 .data          0x00000000f8000fe0        0x0 /usr/local/sh-elf/lib/gcc/sh-elf/5.1.0/m2e//libgcc.a(_clz.o)
 .data          0x00000000f8000fe0        0x0 /usr/local/sh-elf/lib/gcc/sh-elf/5.1.0/m2e//libgcc.a(_make_sf.o)
 .data          0x00000000f8000fe0        0x0 /usr/local/sh-elf/lib/gcc/sh-elf/5.1.0/m2e//libgcc.a(_unpack_df.o)
 .data          0x00000000f8000fe0        0x0 /usr/local/sh-elf/lib/gcc/sh-elf/5.1.0/m2e//libgcc.a(_pack_sf.o)
 *(.data.*)
                0x00000000f8000fe0                _edata = .

.bss            0x00000000f8000fe0     0x1c60 load address 0x000000000003fab0
                0x00000000f8000fe0                _bss = .
 *(.bss)
 .bss           0x00000000f8000fe0        0x0 vector.o
 .bss           0x00000000f8000fe0        0x0 media/martini.o
 .bss           0x00000000f8000fe0        0x0 init.o
 .bss           0x00000000f8000fe0       0x20 apps/wolf/wolf.o
                0x00000000f8000fe0                target_fb
                0x00000000f8000fe4                work_fb
                0x00000000f8000fe8                background_fb
                0x00000000f8000fec                fps_buf
 .bss           0x00000000f8001000        0x0 /usr/local/sh-elf/sh-elf/lib/m2e/crt0.o
 .bss           0x00000000f8001000        0x0 ./libwolf.a(eagle.o)
 .bss           0x00000000f8001000        0x0 ./libwolf.a(redbrick.o)
 .bss           0x00000000f8001000        0x0 ./libwolf.a(purplestone.o)
 .bss           0x00000000f8001000        0x0 ./libwolf.a(greystone.o)
 .bss           0x00000000f8001000        0x0 ./libwolf.a(bluestone.o)
 .bss           0x00000000f8001000        0x0 ./libwolf.a(mossy.o)
 .bss           0x00000000f8001000        0x0 ./libwolf.a(wood.o)
 .bss           0x00000000f8001000        0x0 ./libwolf.a(colorstone.o)
 .bss           0x00000000f8001000       0x54 ./libbitmachine/libbitmachine.a(gfx.o)
 .bss           0x00000000f8001054        0x0 ./libbitmachine/libbitmachine.a(syscall.o)
 .bss           0x00000000f8001054        0x0 ./libbitmachine/libbitmachine.a(kernel_asm.o)
 .bss           0x00000000f8001054     0x156c ./libbitmachine/libbitmachine.a(kernel.o)
 .bss           0x00000000f80025c0      0x248 ./libbitmachine/libbitmachine.a(window.o)
 .bss           0x00000000f8002808        0x4 ./libbitmachine/libbitmachine.a(memory.o)
 .bss           0x00000000f800280c      0x1f0 ./libbitmachine/libbitmachine.a(malloc.o)
 .bss           0x00000000f80029fc        0x0 ./libbitmachine/libbitmachine.a(panic.o)
 .bss           0x00000000f80029fc        0x0 ./libbitmachine/libbitmachine.a(argv.o)
 .bss           0x00000000f80029fc        0x0 ./libbitmachine/libbitmachine.a(shell.o)
 .bss           0x00000000f80029fc        0x0 ./libbitmachine/libbitmachine.a(build.o)
 .bss           0x00000000f80029fc        0x0 ./libbitmachine/libbitmachine.a(start.o)
 .bss           0x00000000f80029fc        0x0 ./libbitmachine/libbitmachine.a(cpp.o)
 .bss           0x00000000f80029fc        0x0 ./libbitmachine/libbitmachine.a(glcdfont.o)
 .bss           0x00000000f80029fc        0x0 ./libbitmachine/libbitmachine.a(console.o)
 .bss           0x00000000f80029fc        0x0 ./libbitmachine/libbitmachine.a(audio.o)
 .bss           0x00000000f80029fc        0x0 ./libbitmachine/libbitmachine.a(interrupts.o)
 .bss           0x00000000f80029fc        0x0 ./libbitmachine/libbitmachine.a(file.o)
 .bss           0x00000000f80029fc        0x0 ./libbitmachine/libbitmachine.a(kernel_client_asm.o)
 .bss           0x00000000f80029fc       0xff ./libbitmachine/libbitmachine.a(syscalls.o)
 .bss           0x00000000f8002afb        0x0 ./libbitmachine/libbitmachine.a(bft_kernel.o)
 .bss           0x00000000f8002afb        0x0 ./libbitmachine/libbitmachine.a(process.o)
 .bss           0x00000000f8002afb        0x0 ./libbitmachine/libbitmachine.a(simulator.o)
 .bss           0x00000000f8002afb        0x0 ./libc-kernel.a(lib_a-abort.o)
 .bss           0x00000000f8002afb        0x0 ./libc-kernel.a(lib_a-errno.o)
 .bss           0x00000000f8002afb        0x0 ./libc-kernel.a(lib_a-exit.o)
 .bss           0x00000000f8002afb        0x0 ./libc-kernel.a(lib_a-fclose.o)
 .bss           0x00000000f8002afb        0x0 ./libc-kernel.a(lib_a-fflush.o)
 .bss           0x00000000f8002afb        0x0 ./libc-kernel.a(lib_a-fileno.o)
 *fill*         0x00000000f8002afb        0x1 
 .bss           0x00000000f8002afc       0x18 ./libc-kernel.a(lib_a-findfp.o)
 .bss           0x00000000f8002b14        0x0 ./libc-kernel.a(lib_a-fopen.o)
 .bss           0x00000000f8002b14        0x0 ./libc-kernel.a(lib_a-fprintf.o)
 .bss           0x00000000f8002b14        0x0 ./libc-kernel.a(lib_a-fread.o)
 .bss           0x00000000f8002b14        0x0 ./libc-kernel.a(lib_a-fseek.o)
 .bss           0x00000000f8002b14        0x0 ./libc-kernel.a(lib_a-fseeko.o)
 .bss           0x00000000f8002b14        0x0 ./libc-kernel.a(lib_a-fwalk.o)
 .bss           0x00000000f8002b14        0x0 ./libc-kernel.a(lib_a-impure.o)
 .bss           0x00000000f8002b14        0x0 ./libc-kernel.a(lib_a-lcltime_r.o)
 .bss           0x00000000f8002b14        0x0 ./libc-kernel.a(lib_a-makebuf.o)
 .bss           0x00000000f8002b14        0x0 ./libc-kernel.a(lib_a-memcpy.o)
 .bss           0x00000000f8002b14        0x0 ./libc-kernel.a(lib_a-memmove.o)
 .bss           0x00000000f8002b14        0x0 ./libc-kernel.a(lib_a-memset.o)
 .bss           0x00000000f8002b14        0x0 ./libc-kernel.a(lib_a-mktm_r.o)
 .bss           0x00000000f8002b14        0x0 ./libc-kernel.a(lib_a-printf.o)
 .bss           0x00000000f8002b14        0x0 ./libc-kernel.a(lib_a-putchar.o)
 .bss           0x00000000f8002b14        0x0 ./libc-kernel.a(lib_a-puts.o)
 .bss           0x00000000f8002b14        0x0 ./libc-kernel.a(lib_a-refill.o)
 .bss           0x00000000f8002b14        0x0 ./libc-kernel.a(lib_a-rename.o)
 .bss           0x00000000f8002b14        0x0 ./libc-kernel.a(lib_a-signal.o)
 .bss           0x00000000f8002b14        0x0 ./libc-kernel.a(lib_a-snprintf.o)
 .bss           0x00000000f8002b14        0x0 ./libc-kernel.a(lib_a-sprintf.o)
 .bss           0x00000000f8002b14        0x0 ./libc-kernel.a(lib_a-stdio.o)
 .bss           0x00000000f8002b14        0x0 ./libc-kernel.a(lib_a-strcat.o)
 .bss           0x00000000f8002b14        0x0 ./libc-kernel.a(lib_a-strcpy.o)
 .bss           0x00000000f8002b14        0x0 ./libc-kernel.a(lib_a-strdup.o)
 .bss           0x00000000f8002b14        0x0 ./libc-kernel.a(lib_a-strdup_r.o)
 .bss           0x00000000f8002b14        0x0 ./libc-kernel.a(lib_a-strerror.o)
 .bss           0x00000000f8002b14        0x0 ./libc-kernel.a(lib_a-strftime.o)
 .bss           0x00000000f8002b14        0x0 ./libc-kernel.a(lib_a-strlen.o)
 .bss           0x00000000f8002b14        0x0 ./libc-kernel.a(lib_a-strncat.o)
 .bss           0x00000000f8002b14        0x0 ./libc-kernel.a(lib_a-strncpy.o)
 .bss           0x00000000f8002b14        0x0 ./libc-kernel.a(lib_a-strrchr.o)
 .bss           0x00000000f8002b14        0x0 ./libc-kernel.a(lib_a-strtoul.o)
 .bss           0x00000000f8002b14        0x0 ./libc-kernel.a(lib_a-svfprintf.o)
 .bss           0x00000000f8002b14        0x0 ./libc-kernel.a(lib_a-sysclose.o)
 .bss           0x00000000f8002b14        0x0 ./libc-kernel.a(lib_a-sysfstat.o)
 .bss           0x00000000f8002b14        0x0 ./libc-kernel.a(lib_a-sysgettod.o)
 .bss           0x00000000f8002b14        0x0 ./libc-kernel.a(lib_a-sysopen.o)
 .bss           0x00000000f8002b14        0x0 ./libc-kernel.a(lib_a-sysread.o)
 .bss           0x00000000f8002b14        0x0 ./libc-kernel.a(lib_a-syssbrk.o)
 .bss           0x00000000f8002b14        0x0 ./libc-kernel.a(lib_a-sysstat.o)
 .bss           0x00000000f8002b14        0x0 ./libc-kernel.a(lib_a-sysunlink.o)
 .bss           0x00000000f8002b14        0x0 ./libc-kernel.a(lib_a-syswrite.o)
 .bss           0x00000000f8002b14        0x0 ./libc-kernel.a(lib_a-time.o)
 .bss           0x00000000f8002b14      0x100 ./libc-kernel.a(lib_a-timelocal.o)
 .bss           0x00000000f8002c14        0x0 ./libc-kernel.a(lib_a-trap.o)
 .bss           0x00000000f8002c14        0x4 ./libc-kernel.a(lib_a-tzlock.o)
 .bss           0x00000000f8002c18        0x8 ./libc-kernel.a(lib_a-tzvars.o)
                0x00000000f8002c18                _timezone
                0x00000000f8002c1c                _daylight
 .bss           0x00000000f8002c20        0x0 ./libc-kernel.a(lib_a-u_strerr.o)
 .bss           0x00000000f8002c20        0x0 ./libc-kernel.a(lib_a-vfprintf.o)
 .bss           0x00000000f8002c20        0x0 ./libc-kernel.a(lib_a-vsprintf.o)
 .bss           0x00000000f8002c20        0x0 ./libc-kernel.a(lib_a-wbuf.o)
 .bss           0x00000000f8002c20        0x0 ./libc-kernel.a(lib_a-wsetup.o)
 .bss           0x00000000f8002c20        0x0 ./libc-kernel.a(lib_a-__call_atexit.o)
 .bss           0x00000000f8002c20        0x0 ./libc-kernel.a(lib_a-abs.o)
 .bss           0x00000000f8002c20        0x0 ./libc-kernel.a(lib_a-ctype_.o)
 .bss           0x00000000f8002c20        0x0 ./libc-kernel.a(lib_a-dtoa.o)
 .bss           0x00000000f8002c20        0x0 ./libc-kernel.a(lib_a-flags.o)
 .bss           0x00000000f8002c20        0x0 ./libc-kernel.a(lib_a-fvwrite.o)
 .bss           0x00000000f8002c20        0x0 ./libc-kernel.a(lib_a-gettzinfo.o)
 .bss           0x00000000f8002c20        0x0 ./libc-kernel.a(lib_a-labs.o)
 .bss           0x00000000f8002c20        0x4 ./libc-kernel.a(lib_a-ldpart.o)
 .bss           0x00000000f8002c24        0xc ./libc-kernel.a(lib_a-locale.o)
                0x00000000f8002c24                _PathLocale
                0x00000000f8002c28                __mlocale_changed
                0x00000000f8002c2c                __nlocale_changed
 .bss           0x00000000f8002c30        0x0 ./libc-kernel.a(lib_a-memchr.o)
 .bss           0x00000000f8002c30        0x0 ./libc-kernel.a(lib_a-mprec.o)
 .bss           0x00000000f8002c30        0x0 ./libc-kernel.a(lib_a-putc.o)
 .bss           0x00000000f8002c30        0x0 ./libc-kernel.a(lib_a-sf_fpclassify.o)
 .bss           0x00000000f8002c30        0x0 ./libc-kernel.a(lib_a-sniprintf.o)
 .bss           0x00000000f8002c30        0x0 ./libc-kernel.a(lib_a-strchr.o)
 .bss           0x00000000f8002c30        0x0 ./libc-kernel.a(lib_a-strcmp.o)
 .bss           0x00000000f8002c30        0x0 ./libc-kernel.a(lib_a-svfiprintf.o)
 .bss           0x00000000f8002c30        0x0 ./libc-kernel.a(lib_a-vfiprintf.o)
 .bss           0x00000000f8002c30        0xc ./libc-kernel.a(lib_a-__atexit.o)
                0x00000000f8002c30                __atexit_lock
 .bss           0x00000000f8002c3c        0x0 ./libc-kernel.a(lib_a-fputwc.o)
 .bss           0x00000000f8002c3c        0x0 ./libc-kernel.a(lib_a-wcrtomb.o)
 .bss           0x00000000f8002c3c        0x0 ./libc-kernel.a(lib_a-wctomb_r.o)
 .bss           0x00000000f8002c3c        0x0 /usr/local/sh-elf/sh-elf/lib/m2e//libm.a(lib_a-sf_cos.o)
 .bss           0x00000000f8002c3c        0x0 /usr/local/sh-elf/sh-elf/lib/m2e//libm.a(lib_a-sf_floor.o)
 .bss           0x00000000f8002c3c        0x0 /usr/local/sh-elf/sh-elf/lib/m2e//libm.a(lib_a-sf_sin.o)
 .bss           0x00000000f8002c3c        0x0 /usr/local/sh-elf/sh-elf/lib/m2e//libm.a(lib_a-wf_sqrt.o)
 .bss           0x00000000f8002c3c        0x0 /usr/local/sh-elf/sh-elf/lib/m2e//libm.a(lib_a-ef_rem_pio2.o)
 .bss           0x00000000f8002c3c        0x0 /usr/local/sh-elf/sh-elf/lib/m2e//libm.a(lib_a-ef_sqrt.o)
 .bss           0x00000000f8002c3c        0x0 /usr/local/sh-elf/sh-elf/lib/m2e//libm.a(lib_a-kf_cos.o)
 .bss           0x00000000f8002c3c        0x0 /usr/local/sh-elf/sh-elf/lib/m2e//libm.a(lib_a-kf_rem_pio2.o)
 .bss           0x00000000f8002c3c        0x0 /usr/local/sh-elf/sh-elf/lib/m2e//libm.a(lib_a-kf_sin.o)
 .bss           0x00000000f8002c3c        0x0 /usr/local/sh-elf/sh-elf/lib/m2e//libm.a(lib_a-s_lib_ver.o)
 .bss           0x00000000f8002c3c        0x0 /usr/local/sh-elf/sh-elf/lib/m2e//libm.a(lib_a-s_matherr.o)
 .bss           0x00000000f8002c3c        0x0 /usr/local/sh-elf/sh-elf/lib/m2e//libm.a(lib_a-sf_fabs.o)
 .bss           0x00000000f8002c3c        0x0 /usr/local/sh-elf/sh-elf/lib/m2e//libm.a(lib_a-sf_scalbn.o)
 .bss           0x00000000f8002c3c        0x0 /usr/local/sh-elf/sh-elf/lib/m2e//libm.a(lib_a-sf_copysign.o)
 .bss           0x00000000f8002c3c        0x0 /usr/local/sh-elf/lib/gcc/sh-elf/5.1.0/m2e//libgcc.a(_ashiftrt.o)
 .bss           0x00000000f8002c3c        0x0 /usr/local/sh-elf/lib/gcc/sh-elf/5.1.0/m2e//libgcc.a(_ashiftrt_n.o)
 .bss           0x00000000f8002c3c        0x0 /usr/local/sh-elf/lib/gcc/sh-elf/5.1.0/m2e//libgcc.a(_ashiftlt.o)
 .bss           0x00000000f8002c3c        0x0 /usr/local/sh-elf/lib/gcc/sh-elf/5.1.0/m2e//libgcc.a(_lshiftrt.o)
 .bss           0x00000000f8002c3c        0x0 /usr/local/sh-elf/lib/gcc/sh-elf/5.1.0/m2e//libgcc.a(_movmem.o)
 .bss           0x00000000f8002c3c        0x0 /usr/local/sh-elf/lib/gcc/sh-elf/5.1.0/m2e//libgcc.a(_sdivsi3.o)
 .bss           0x00000000f8002c3c        0x0 /usr/local/sh-elf/lib/gcc/sh-elf/5.1.0/m2e//libgcc.a(_udivsi3.o)
 .bss           0x00000000f8002c3c        0x0 /usr/local/sh-elf/lib/gcc/sh-elf/5.1.0/m2e//libgcc.a(_udivdi3.o)
 .bss           0x00000000f8002c3c        0x0 /usr/local/sh-elf/lib/gcc/sh-elf/5.1.0/m2e//libgcc.a(_umoddi3.o)
 .bss           0x00000000f8002c3c        0x0 /usr/local/sh-elf/lib/gcc/sh-elf/5.1.0/m2e//libgcc.a(_df_to_sf.o)
 .bss           0x00000000f8002c3c        0x0 /usr/local/sh-elf/lib/gcc/sh-elf/5.1.0/m2e//libgcc.a(_udiv_qrnnd_16.o)
 .bss           0x00000000f8002c3c        0x0 /usr/local/sh-elf/lib/gcc/sh-elf/5.1.0/m2e//libgcc.a(_clz.o)
 .bss           0x00000000f8002c3c        0x0 /usr/local/sh-elf/lib/gcc/sh-elf/5.1.0/m2e//libgcc.a(_make_sf.o)
 .bss           0x00000000f8002c3c        0x0 /usr/local/sh-elf/lib/gcc/sh-elf/5.1.0/m2e//libgcc.a(_unpack_df.o)
 .bss           0x00000000f8002c3c        0x0 /usr/local/sh-elf/lib/gcc/sh-elf/5.1.0/m2e//libgcc.a(_pack_sf.o)
 *(.bss.*)
 *(COMMON)
 COMMON         0x00000000f8002c3c        0x4 ./libbitmachine/libbitmachine.a(kernel.o)
                0x00000000f8002c3c                errno
                0x00000000f8002c40                _ebss = .
                0x00000000f8002c40                _end = .

.heap           0x00000000f8002c40        0x0
                0x00000000f8002c40                _heap = .

.stack          0x00000000ffffffa0        0x0
                0x00000000ffffffa0                _stack = .

.peripheral     0x0000000010000000        0x0
                0x0000000010000000                _peripheral = .

.videoRam       0x0000000020000000        0x0
                0x0000000020000000                _videoRam = .
LOAD vector.o
LOAD media/martini.o
LOAD init.o
LOAD apps/wolf/wolf.o
LOAD /usr/local/sh-elf/sh-elf/lib/m2e/crt0.o
START GROUP
LOAD ./libwolf.a
LOAD ./libbitmachine/libbitmachine.a
LOAD ./libc-kernel.a
LOAD /usr/local/sh-elf/sh-elf/lib/m2e//libm.a
LOAD /usr/local/sh-elf/lib/gcc/sh-elf/5.1.0/m2e//libgcc.a
END GROUP
OUTPUT(bin/bitos.elf elf32-sh)

.debug_info     0x0000000000000000     0x20ce
 .debug_info    0x0000000000000000      0x2d2 vector.o
 .debug_info    0x00000000000002d2       0x6f media/martini.o
 .debug_info    0x0000000000000341      0x863 init.o
 .debug_info    0x0000000000000ba4       0x71 ./libwolf.a(eagle.o)
 .debug_info    0x0000000000000c15       0x71 ./libwolf.a(redbrick.o)
 .debug_info    0x0000000000000c86       0x71 ./libwolf.a(purplestone.o)
 .debug_info    0x0000000000000cf7       0x71 ./libwolf.a(greystone.o)
 .debug_info    0x0000000000000d68       0x71 ./libwolf.a(bluestone.o)
 .debug_info    0x0000000000000dd9       0x71 ./libwolf.a(mossy.o)
 .debug_info    0x0000000000000e4a       0x71 ./libwolf.a(wood.o)
 .debug_info    0x0000000000000ebb       0x71 ./libwolf.a(colorstone.o)
 .debug_info    0x0000000000000f2c      0x419 /usr/local/sh-elf/lib/gcc/sh-elf/5.1.0/m2e//libgcc.a(_udivdi3.o)
 .debug_info    0x0000000000001345      0x429 /usr/local/sh-elf/lib/gcc/sh-elf/5.1.0/m2e//libgcc.a(_umoddi3.o)
 .debug_info    0x000000000000176e      0x22d /usr/local/sh-elf/lib/gcc/sh-elf/5.1.0/m2e//libgcc.a(_df_to_sf.o)
 .debug_info    0x000000000000199b       0xb2 /usr/local/sh-elf/lib/gcc/sh-elf/5.1.0/m2e//libgcc.a(_clz.o)
 .debug_info    0x0000000000001a4d      0x1e0 /usr/local/sh-elf/lib/gcc/sh-elf/5.1.0/m2e//libgcc.a(_make_sf.o)
 .debug_info    0x0000000000001c2d      0x21d /usr/local/sh-elf/lib/gcc/sh-elf/5.1.0/m2e//libgcc.a(_unpack_df.o)
 .debug_info    0x0000000000001e4a      0x284 /usr/local/sh-elf/lib/gcc/sh-elf/5.1.0/m2e//libgcc.a(_pack_sf.o)

.debug_abbrev   0x0000000000000000      0xd95
 .debug_abbrev  0x0000000000000000       0x8f vector.o
 .debug_abbrev  0x000000000000008f       0x45 media/martini.o
 .debug_abbrev  0x00000000000000d4      0x191 init.o
 .debug_abbrev  0x0000000000000265       0x56 ./libwolf.a(eagle.o)
 .debug_abbrev  0x00000000000002bb       0x56 ./libwolf.a(redbrick.o)
 .debug_abbrev  0x0000000000000311       0x56 ./libwolf.a(purplestone.o)
 .debug_abbrev  0x0000000000000367       0x56 ./libwolf.a(greystone.o)
 .debug_abbrev  0x00000000000003bd       0x56 ./libwolf.a(bluestone.o)
 .debug_abbrev  0x0000000000000413       0x56 ./libwolf.a(mossy.o)
 .debug_abbrev  0x0000000000000469       0x56 ./libwolf.a(wood.o)
 .debug_abbrev  0x00000000000004bf       0x56 ./libwolf.a(colorstone.o)
 .debug_abbrev  0x0000000000000515      0x197 /usr/local/sh-elf/lib/gcc/sh-elf/5.1.0/m2e//libgcc.a(_udivdi3.o)
 .debug_abbrev  0x00000000000006ac      0x1ad /usr/local/sh-elf/lib/gcc/sh-elf/5.1.0/m2e//libgcc.a(_umoddi3.o)
 .debug_abbrev  0x0000000000000859      0x132 /usr/local/sh-elf/lib/gcc/sh-elf/5.1.0/m2e//libgcc.a(_df_to_sf.o)
 .debug_abbrev  0x000000000000098b       0x5d /usr/local/sh-elf/lib/gcc/sh-elf/5.1.0/m2e//libgcc.a(_clz.o)
 .debug_abbrev  0x00000000000009e8      0x11a /usr/local/sh-elf/lib/gcc/sh-elf/5.1.0/m2e//libgcc.a(_make_sf.o)
 .debug_abbrev  0x0000000000000b02      0x135 /usr/local/sh-elf/lib/gcc/sh-elf/5.1.0/m2e//libgcc.a(_unpack_df.o)
 .debug_abbrev  0x0000000000000c37      0x15e /usr/local/sh-elf/lib/gcc/sh-elf/5.1.0/m2e//libgcc.a(_pack_sf.o)

.debug_aranges  0x0000000000000000      0x1f0
 .debug_aranges
                0x0000000000000000       0x18 vector.o
 .debug_aranges
                0x0000000000000018       0x18 media/martini.o
 .debug_aranges
                0x0000000000000030       0x28 init.o
 .debug_aranges
                0x0000000000000058       0x18 ./libwolf.a(eagle.o)
 .debug_aranges
                0x0000000000000070       0x18 ./libwolf.a(redbrick.o)
 .debug_aranges
                0x0000000000000088       0x18 ./libwolf.a(purplestone.o)
 .debug_aranges
                0x00000000000000a0       0x18 ./libwolf.a(greystone.o)
 .debug_aranges
                0x00000000000000b8       0x18 ./libwolf.a(bluestone.o)
 .debug_aranges
                0x00000000000000d0       0x18 ./libwolf.a(mossy.o)
 .debug_aranges
                0x00000000000000e8       0x18 ./libwolf.a(wood.o)
 .debug_aranges
                0x0000000000000100       0x18 ./libwolf.a(colorstone.o)
 .debug_aranges
                0x0000000000000118       0x20 /usr/local/sh-elf/lib/gcc/sh-elf/5.1.0/m2e//libgcc.a(_udivdi3.o)
 .debug_aranges
                0x0000000000000138       0x20 /usr/local/sh-elf/lib/gcc/sh-elf/5.1.0/m2e//libgcc.a(_umoddi3.o)
 .debug_aranges
                0x0000000000000158       0x20 /usr/local/sh-elf/lib/gcc/sh-elf/5.1.0/m2e//libgcc.a(_df_to_sf.o)
 .debug_aranges
                0x0000000000000178       0x18 /usr/local/sh-elf/lib/gcc/sh-elf/5.1.0/m2e//libgcc.a(_clz.o)
 .debug_aranges
                0x0000000000000190       0x20 /usr/local/sh-elf/lib/gcc/sh-elf/5.1.0/m2e//libgcc.a(_make_sf.o)
 .debug_aranges
                0x00000000000001b0       0x20 /usr/local/sh-elf/lib/gcc/sh-elf/5.1.0/m2e//libgcc.a(_unpack_df.o)
 .debug_aranges
                0x00000000000001d0       0x20 /usr/local/sh-elf/lib/gcc/sh-elf/5.1.0/m2e//libgcc.a(_pack_sf.o)

.debug_line     0x0000000000000000      0x77c
 .debug_line    0x0000000000000000       0x29 vector.o
 .debug_line    0x0000000000000029       0x30 media/martini.o
 .debug_line    0x0000000000000059       0x8d init.o
 .debug_line    0x00000000000000e6       0x38 ./libwolf.a(eagle.o)
 .debug_line    0x000000000000011e       0x3b ./libwolf.a(redbrick.o)
 .debug_line    0x0000000000000159       0x3e ./libwolf.a(purplestone.o)
 .debug_line    0x0000000000000197       0x3c ./libwolf.a(greystone.o)
 .debug_line    0x00000000000001d3       0x3c ./libwolf.a(bluestone.o)
 .debug_line    0x000000000000020f       0x38 ./libwolf.a(mossy.o)
 .debug_line    0x0000000000000247       0x37 ./libwolf.a(wood.o)
 .debug_line    0x000000000000027e       0x3d ./libwolf.a(colorstone.o)
 .debug_line    0x00000000000002bb      0x10a /usr/local/sh-elf/lib/gcc/sh-elf/5.1.0/m2e//libgcc.a(_udivdi3.o)
 .debug_line    0x00000000000003c5      0x11e /usr/local/sh-elf/lib/gcc/sh-elf/5.1.0/m2e//libgcc.a(_umoddi3.o)
 .debug_line    0x00000000000004e3       0x73 /usr/local/sh-elf/lib/gcc/sh-elf/5.1.0/m2e//libgcc.a(_df_to_sf.o)
 .debug_line    0x0000000000000556       0x58 /usr/local/sh-elf/lib/gcc/sh-elf/5.1.0/m2e//libgcc.a(_clz.o)
 .debug_line    0x00000000000005ae       0x70 /usr/local/sh-elf/lib/gcc/sh-elf/5.1.0/m2e//libgcc.a(_make_sf.o)
 .debug_line    0x000000000000061e       0xa9 /usr/local/sh-elf/lib/gcc/sh-elf/5.1.0/m2e//libgcc.a(_unpack_df.o)
 .debug_line    0x00000000000006c7       0xb5 /usr/local/sh-elf/lib/gcc/sh-elf/5.1.0/m2e//libgcc.a(_pack_sf.o)

.debug_str      0x0000000000000000      0xd74
 .debug_str     0x0000000000000000      0x2e9 vector.o
                                        0x2fb (size before relaxing)
 .debug_str     0x00000000000002e9       0x31 media/martini.o
                                         0xd2 (size before relaxing)
 .debug_str     0x000000000000031a      0x513 init.o
                                        0x5f4 (size before relaxing)
 .debug_str     0x000000000000082d       0x50 ./libwolf.a(eagle.o)
                                         0xcf (size before relaxing)
 .debug_str     0x000000000000087d       0x3e ./libwolf.a(redbrick.o)
                                         0xd8 (size before relaxing)
 .debug_str     0x00000000000008bb       0x47 ./libwolf.a(purplestone.o)
                                         0xe1 (size before relaxing)
 .debug_str     0x0000000000000902       0x41 ./libwolf.a(greystone.o)
                                         0xdb (size before relaxing)
 .debug_str     0x0000000000000943       0x41 ./libwolf.a(bluestone.o)
                                         0xdb (size before relaxing)
 .debug_str     0x0000000000000984       0x35 ./libwolf.a(mossy.o)
                                         0xcf (size before relaxing)
 .debug_str     0x00000000000009b9       0x32 ./libwolf.a(wood.o)
                                         0xcc (size before relaxing)
 .debug_str     0x00000000000009eb       0x44 ./libwolf.a(colorstone.o)
                                         0xde (size before relaxing)
 .debug_str     0x0000000000000a2f      0x174 /usr/local/sh-elf/lib/gcc/sh-elf/5.1.0/m2e//libgcc.a(_udivdi3.o)
                                        0x20f (size before relaxing)
 .debug_str     0x0000000000000ba3        0xa /usr/local/sh-elf/lib/gcc/sh-elf/5.1.0/m2e//libgcc.a(_umoddi3.o)
                                        0x20f (size before relaxing)
 .debug_str     0x0000000000000bad      0x175 /usr/local/sh-elf/lib/gcc/sh-elf/5.1.0/m2e//libgcc.a(_df_to_sf.o)
                                        0x24c (size before relaxing)
 .debug_str     0x0000000000000d22      0x18c /usr/local/sh-elf/lib/gcc/sh-elf/5.1.0/m2e//libgcc.a(_clz.o)
 .debug_str     0x0000000000000d22       0x1e /usr/local/sh-elf/lib/gcc/sh-elf/5.1.0/m2e//libgcc.a(_make_sf.o)
                                        0x20c (size before relaxing)
 .debug_str     0x0000000000000d40        0xb /usr/local/sh-elf/lib/gcc/sh-elf/5.1.0/m2e//libgcc.a(_unpack_df.o)
                                        0x236 (size before relaxing)
 .debug_str     0x0000000000000d4b       0x29 /usr/local/sh-elf/lib/gcc/sh-elf/5.1.0/m2e//libgcc.a(_pack_sf.o)
                                        0x24e (size before relaxing)

.comment        0x0000000000000000       0x11
 .comment       0x0000000000000000       0x11 vector.o
                                         0x12 (size before relaxing)
 .comment       0x0000000000000011       0x12 media/martini.o
 .comment       0x0000000000000011       0x12 init.o
 .comment       0x0000000000000011       0x12 apps/wolf/wolf.o
 .comment       0x0000000000000011       0x12 ./libwolf.a(eagle.o)
 .comment       0x0000000000000011       0x12 ./libwolf.a(redbrick.o)
 .comment       0x0000000000000011       0x12 ./libwolf.a(purplestone.o)
 .comment       0x0000000000000011       0x12 ./libwolf.a(greystone.o)
 .comment       0x0000000000000011       0x12 ./libwolf.a(bluestone.o)
 .comment       0x0000000000000011       0x12 ./libwolf.a(mossy.o)
 .comment       0x0000000000000011       0x12 ./libwolf.a(wood.o)
 .comment       0x0000000000000011       0x12 ./libwolf.a(colorstone.o)
 .comment       0x0000000000000011       0x12 ./libbitmachine/libbitmachine.a(gfx.o)
 .comment       0x0000000000000011       0x12 ./libbitmachine/libbitmachine.a(kernel.o)