Archive member included to satisfy reference by file (symbol)

/usr/local/sh-elf/lib/libfreetype.a(ftinit.o)
                              ftc.o (FT_Init_FreeType)
/usr/local/sh-elf/lib/libfreetype.a(ftbase.o)
                              /usr/local/sh-elf/lib/libfreetype.a(ftinit.o) (FT_New_Library)
/usr/local/sh-elf/lib/libfreetype.a(truetype.o)
                              /usr/local/sh-elf/lib/libfreetype.a(ftinit.o) (tt_driver_class)
/usr/local/sh-elf/lib/libfreetype.a(type1.o)
                              /usr/local/sh-elf/lib/libfreetype.a(ftinit.o) (t1_driver_class)
/usr/local/sh-elf/lib/libfreetype.a(cff.o)
                              /usr/local/sh-elf/lib/libfreetype.a(ftinit.o) (cff_driver_class)
/usr/local/sh-elf/lib/libfreetype.a(type1cid.o)
                              /usr/local/sh-elf/lib/libfreetype.a(ftinit.o) (t1cid_driver_class)
/usr/local/sh-elf/lib/libfreetype.a(pfr.o)
                              /usr/local/sh-elf/lib/libfreetype.a(ftinit.o) (pfr_driver_class)
/usr/local/sh-elf/lib/libfreetype.a(type42.o)
                              /usr/local/sh-elf/lib/libfreetype.a(ftinit.o) (t42_driver_class)
/usr/local/sh-elf/lib/libfreetype.a(winfnt.o)
                              /usr/local/sh-elf/lib/libfreetype.a(ftinit.o) (winfnt_driver_class)
/usr/local/sh-elf/lib/libfreetype.a(pcf.o)
                              /usr/local/sh-elf/lib/libfreetype.a(ftinit.o) (pcf_driver_class)
/usr/local/sh-elf/lib/libfreetype.a(bdf.o)
                              /usr/local/sh-elf/lib/libfreetype.a(ftinit.o) (bdf_driver_class)
/usr/local/sh-elf/lib/libfreetype.a(sfnt.o)
                              /usr/local/sh-elf/lib/libfreetype.a(ftinit.o) (sfnt_module_class)
/usr/local/sh-elf/lib/libfreetype.a(autofit.o)
                              /usr/local/sh-elf/lib/libfreetype.a(ftinit.o) (autofit_module_class)
/usr/local/sh-elf/lib/libfreetype.a(pshinter.o)
                              /usr/local/sh-elf/lib/libfreetype.a(ftinit.o) (pshinter_module_class)
/usr/local/sh-elf/lib/libfreetype.a(raster.o)
                              /usr/local/sh-elf/lib/libfreetype.a(ftinit.o) (ft_raster1_renderer_class)
/usr/local/sh-elf/lib/libfreetype.a(smooth.o)
                              /usr/local/sh-elf/lib/libfreetype.a(ftinit.o) (ft_smooth_lcdv_renderer_class)
/usr/local/sh-elf/lib/libfreetype.a(ftcache.o)
                              ftc.o (FTC_Manager_LookupFace)
/usr/local/sh-elf/lib/libfreetype.a(ftgzip.o)
                              /usr/local/sh-elf/lib/libfreetype.a(pcf.o) (FT_Stream_OpenGzip)
/usr/local/sh-elf/lib/libfreetype.a(ftlzw.o)
                              /usr/local/sh-elf/lib/libfreetype.a(pcf.o) (FT_Stream_OpenLZW)
/usr/local/sh-elf/lib/libfreetype.a(psaux.o)
                              /usr/local/sh-elf/lib/libfreetype.a(ftinit.o) (psaux_module_class)
/usr/local/sh-elf/lib/libfreetype.a(psnames.o)
                              /usr/local/sh-elf/lib/libfreetype.a(ftinit.o) (psnames_module_class)
/usr/local/sh-elf/lib/libfreetype.a(ftsystem.o)
                              /usr/local/sh-elf/lib/libfreetype.a(ftbase.o) (FT_Stream_Open)
/usr/local/sh-elf/lib/libfreetype.a(ftbitmap.o)
                              /usr/local/sh-elf/lib/libfreetype.a(sfnt.o) (FT_Bitmap_New)
/usr/local/sh-elf/lib/libfreetype.a(ftglyph.o)
                              /usr/local/sh-elf/lib/libfreetype.a(ftcache.o) (FT_Get_Glyph)
/usr/local/sh-elf.5.0.0/bin/../lib/gcc/sh-elf/5.0.0/m2e/libgcc.a(_ashiftrt.o)
                              /usr/local/sh-elf/lib/libfreetype.a(ftbase.o) (__ashiftrt_r4_6)
/usr/local/sh-elf.5.0.0/bin/../lib/gcc/sh-elf/5.0.0/m2e/libgcc.a(_ashiftrt_n.o)
                              /usr/local/sh-elf/lib/libfreetype.a(ftbase.o) (__ashrsi3)
/usr/local/sh-elf.5.0.0/bin/../lib/gcc/sh-elf/5.0.0/m2e/libgcc.a(_ashiftlt.o)
                              /usr/local/sh-elf/lib/libfreetype.a(ftbase.o) (__ashlsi3_r0)
/usr/local/sh-elf.5.0.0/bin/../lib/gcc/sh-elf/5.0.0/m2e/libgcc.a(_lshiftrt.o)
                              /usr/local/sh-elf/lib/libfreetype.a(sfnt.o) (__lshrsi3_r0)
/usr/local/sh-elf.5.0.0/bin/../lib/gcc/sh-elf/5.0.0/m2e/libgcc.a(_movmem.o)
                              /usr/local/sh-elf/lib/libfreetype.a(truetype.o) (__movmem)
/usr/local/sh-elf.5.0.0/bin/../lib/gcc/sh-elf/5.0.0/m2e/libgcc.a(_sdivsi3.o)
                              /usr/local/sh-elf/lib/libfreetype.a(ftbase.o) (__sdivsi3)
/usr/local/sh-elf.5.0.0/bin/../lib/gcc/sh-elf/5.0.0/m2e/libgcc.a(_udivsi3.o)
                              /usr/local/sh-elf/lib/libfreetype.a(ftbase.o) (__udivsi3)
/usr/local/sh-elf.5.0.0/bin/../lib/gcc/sh-elf/5.0.0/../../../../sh-elf/lib/m2e/libc.a(bft.o)
                              /usr/local/sh-elf.5.0.0/bin/../lib/gcc/sh-elf/5.0.0/m2e/crt1.o (bft_init)
/usr/local/sh-elf.5.0.0/bin/../lib/gcc/sh-elf/5.0.0/../../../../sh-elf/lib/m2e/libc.a(client.o)
                              /usr/local/sh-elf.5.0.0/bin/../lib/gcc/sh-elf/5.0.0/m2e/crt1.o (kernel_die)
[...]
Memory Configuration

Name             Origin             Length             Attributes
*default*        0x0000000000000000 0xffffffffffffffff

Linker script and memory map

LOAD /usr/local/sh-elf.5.0.0/bin/../lib/gcc/sh-elf/5.0.0/m2e/crt1.o
LOAD /usr/local/sh-elf.5.0.0/bin/../lib/gcc/sh-elf/5.0.0/m2e/crti.o
LOAD /usr/local/sh-elf.5.0.0/bin/../lib/gcc/sh-elf/5.0.0/m2e/crtbegin.o
LOAD ftc.o
LOAD /usr/local/sh-elf/lib/libfreetype.a
LOAD /usr/local/sh-elf.5.0.0/bin/../lib/gcc/sh-elf/5.0.0/m2e/libgcc.a
LOAD /usr/local/sh-elf.5.0.0/bin/../lib/gcc/sh-elf/5.0.0/m2e/libgcc-Os-4-200.a
LOAD /usr/local/sh-elf.5.0.0/bin/../lib/gcc/sh-elf/5.0.0/../../../../sh-elf/lib/m2e/libc.a
LOAD /usr/local/sh-elf.5.0.0/bin/../lib/gcc/sh-elf/5.0.0/m2e/libgcc.a
LOAD /usr/local/sh-elf.5.0.0/bin/../lib/gcc/sh-elf/5.0.0/m2e/libgcc-Os-4-200.a
LOAD /usr/local/sh-elf.5.0.0/bin/../lib/gcc/sh-elf/5.0.0/m2e/crtend.o
LOAD /usr/local/sh-elf.5.0.0/bin/../lib/gcc/sh-elf/5.0.0/m2e/crtn.o
                0x00000000000000d4                . = (0x0 + SIZEOF_HEADERS)

.note.gnu.build-id
 *(.note.gnu.build-id)

.hash           0x00000000000000d4       0x34
 *(.hash)
 .hash          0x00000000000000d4       0x34 /usr/local/sh-elf.5.0.0/bin/../lib/gcc/sh-elf/5.0.0/m2e/crt1.o

.gnu.hash
 *(.gnu.hash)

.dynsym         0x0000000000000108       0x80
 *(.dynsym)
 .dynsym        0x0000000000000108       0x80 /usr/local/sh-elf.5.0.0/bin/../lib/gcc/sh-elf/5.0.0/m2e/crt1.o

.dynstr         0x0000000000000188       0x40
 *(.dynstr)
 .dynstr        0x0000000000000188       0x40 /usr/local/sh-elf.5.0.0/bin/../lib/gcc/sh-elf/5.0.0/m2e/crt1.o

.gnu.version    0x00000000000001c8        0x0
 *(.gnu.version)
 .gnu.version   0x00000000000001c8        0x0 /usr/local/sh-elf.5.0.0/bin/../lib/gcc/sh-elf/5.0.0/m2e/crt1.o

.gnu.version_d  0x00000000000001c8        0x0
 *(.gnu.version_d)
 .gnu.version_d
                0x00000000000001c8        0x0 /usr/local/sh-elf.5.0.0/bin/../lib/gcc/sh-elf/5.0.0/m2e/crt1.o

.gnu.version_r  0x00000000000001c8        0x0
 *(.gnu.version_r)
 .gnu.version_r
                0x00000000000001c8        0x0 /usr/local/sh-elf.5.0.0/bin/../lib/gcc/sh-elf/5.0.0/m2e/crt1.o

.rela.dyn       0x00000000000001c8     0xd530
 *(.rela.init)
 *(.rela.text .rela.text.* .rela.gnu.linkonce.t.*)
 .rela.text     0x00000000000001c8     0xa1c4 /usr/local/sh-elf.5.0.0/bin/../lib/gcc/sh-elf/5.0.0/m2e/crt1.o
 .rela.text.startup
                0x000000000000a38c      0x120 /usr/local/sh-elf.5.0.0/bin/../lib/gcc/sh-elf/5.0.0/m2e/crt1.o
 .rela.text.unlikely
                0x000000000000a4ac      0x42c /usr/local/sh-elf.5.0.0/bin/../lib/gcc/sh-elf/5.0.0/m2e/crt1.o
 *(.rela.fini)
 *(.rela.rodata .rela.rodata.* .rela.gnu.linkonce.r.*)
 .rela.rodata   0x000000000000a8d8     0x2d54 /usr/local/sh-elf.5.0.0/bin/../lib/gcc/sh-elf/5.0.0/m2e/crt1.o
 *(.rela.data .rela.data.* .rela.gnu.linkonce.d.*)
 .rela.data     0x000000000000d62c       0xcc /usr/local/sh-elf.5.0.0/bin/../lib/gcc/sh-elf/5.0.0/m2e/crt1.o
 *(.rela.tdata .rela.tdata.* .rela.gnu.linkonce.td.*)
 *(.rela.tbss .rela.tbss.* .rela.gnu.linkonce.tb.*)
 *(.rela.ctors)
 *(.rela.dtors)
 *(.rela.got)
 .rela.got      0x000000000000d6f8        0x0 /usr/local/sh-elf.5.0.0/bin/../lib/gcc/sh-elf/5.0.0/m2e/crt1.o
 *(.rela.sdata .rela.sdata.* .rela.gnu.linkonce.s.*)
 *(.rela.sbss .rela.sbss.* .rela.gnu.linkonce.sb.*)
 *(.rela.sdata2 .rela.sdata2.* .rela.gnu.linkonce.s2.*)
 *(.rela.sbss2 .rela.sbss2.* .rela.gnu.linkonce.sb2.*)
 *(.rela.bss .rela.bss.* .rela.gnu.linkonce.b.*)
 *(.rela.iplt)
 .rela.got.funcdesc
                0x000000000000d6f8        0x0 /usr/local/sh-elf.5.0.0/bin/../lib/gcc/sh-elf/5.0.0/m2e/crt1.o

.rela.plt       0x000000000000d6f8        0x0
 *(.rela.plt)
 .rela.plt      0x000000000000d6f8        0x0 /usr/local/sh-elf.5.0.0/bin/../lib/gcc/sh-elf/5.0.0/m2e/crt1.o

.init
 *(SORT(.init))

.plt            0x000000000000d6f8        0x0
 *(.plt)
 .plt           0x000000000000d6f8        0x0 /usr/local/sh-elf.5.0.0/bin/../lib/gcc/sh-elf/5.0.0/m2e/crt1.o

.iplt
 *(.iplt)

.text           0x000000000000d6f8    0x6a63c
 *(.text.unlikely .text.*_unlikely .text.unlikely.*)
 .text.unlikely
                0x000000000000d6f8      0x94c /usr/local/sh-elf/lib/libfreetype.a(truetype.o)
 .text.unlikely
                0x000000000000e044      0x964 /usr/local/sh-elf/lib/libfreetype.a(cff.o)
 .text.unlikely
                0x000000000000e9a8      0x8f0 /usr/local/sh-elf/lib/libfreetype.a(autofit.o)
 .text.unlikely
                0x000000000000f298     0x1124 /usr/local/sh-elf/lib/libfreetype.a(raster.o)
 .text.unlikely
                0x00000000000103bc       0x50 /usr/local/sh-elf/lib/libfreetype.a(ftcache.o)
 *(.text.exit .text.exit.*)
 *(.text.startup .text.startup.*)
 .text.startup  0x000000000001040c      0x28c ftc.o
                0x000000000001040c                main
 *(.text.hot .text.hot.*)
 *(.text .stub .text.* .gnu.linkonce.t.*)
 .text          0x0000000000010698       0x7c /usr/local/sh-elf.5.0.0/bin/../lib/gcc/sh-elf/5.0.0/m2e/crt1.o
                0x0000000000010698                start
                0x00000000000106f4                _exit
 .text          0x0000000000010714        0x0 /usr/local/sh-elf.5.0.0/bin/../lib/gcc/sh-elf/5.0.0/m2e/crti.o
 .text          0x0000000000010714        0x0 /usr/local/sh-elf.5.0.0/bin/../lib/gcc/sh-elf/5.0.0/m2e/crtbegin.o
 .text          0x0000000000010714       0xf4 ftc.o
                0x0000000000010714                FtcFaceRequester
                0x0000000000010740                assert
                0x0000000000010754                my_draw_bitmap
 .text          0x0000000000010808       0xe8 /usr/local/sh-elf/lib/libfreetype.a(ftinit.o)
                0x0000000000010808                FT_Add_Default_Modules
                0x0000000000010840                FT_Init_FreeType
                0x00000000000108c4                FT_Done_FreeType
 .text          0x00000000000108f0     0xb8f8 /usr/local/sh-elf/lib/libfreetype.a(ftbase.o)
                0x00000000000116b8                FT_RoundFix
                0x00000000000116dc                FT_CeilFix
                0x0000000000011700                FT_FloorFix
                0x000000000001171c                FT_MSB
                0x0000000000011764                FT_Hypot
                0x00000000000118d4                FT_MulDiv
                0x00000000000118f0                FT_MulDiv_No_Round
                0x0000000000011a04                FT_MulFix
                0x0000000000011a88                FT_DivFix
                0x0000000000011b40                FT_Matrix_Multiply
                0x0000000000012018                FT_Matrix_Invert
                0x00000000000123b0                FT_Matrix_Multiply_Scaled
                0x0000000000012578                FT_Vector_Transform_Scaled
                0x0000000000012650                ft_corner_orientation
                0x0000000000012718                ft_corner_is_flat
                0x00000000000127a0                FT_GlyphLoader_New
                0x00000000000127e4                FT_GlyphLoader_Rewind
                0x000000000001281c                FT_GlyphLoader_Reset
                0x0000000000012974                FT_GlyphLoader_Done
                0x0000000000012a1c                FT_GlyphLoader_CreateExtra
                0x0000000000012ae4                FT_GlyphLoader_Prepare
                0x0000000000012b40                FT_GlyphLoader_Add
                0x0000000000012bec                ft_service_list_lookup
                0x0000000000012c54                ft_validator_init
                0x0000000000012c64                ft_validator_run
                0x0000000000012c68                ft_validator_error
                0x0000000000012c78                FT_Stream_New
                0x0000000000012d50                FT_Stream_Free
                0x00000000000130f0                ft_glyphslot_free_bitmap
                0x0000000000013144                ft_glyphslot_set_bitmap
                0x000000000001319c                ft_glyphslot_alloc_bitmap
                0x0000000000013234                FT_New_GlyphSlot
                0x0000000000013358                FT_Done_GlyphSlot
                0x00000000000133c8                FT_Set_Transform
                0x0000000000013448                FT_Attach_File
                0x0000000000013528                FT_Attach_Stream
                0x000000000001365c                FT_Reference_Face
                0x000000000001366c                FT_Done_Face
                0x0000000000013704                FT_New_Size
                0x0000000000013808                FT_Done_Size
                0x00000000000138ec                FT_Match_Size
                0x00000000000139e8                ft_synthesize_vertical_metrics
                0x0000000000013a48                FT_Select_Metrics
                0x0000000000013dd8                FT_Request_Metrics
                0x0000000000014318                FT_Select_Size
                0x0000000000014364                FT_Request_Size
                0x00000000000143cc                FT_Set_Char_Size
                0x000000000001446c                FT_Set_Pixel_Sizes
                0x0000000000014528                FT_Get_Kerning
                0x0000000000014644                FT_Get_Track_Kerning
                0x00000000000146ac                FT_Select_Charmap
                0x0000000000014768                FT_Set_Charmap
                0x0000000000014818                FT_Get_Charmap_Index
                0x0000000000014864                FT_Get_Char_Index
                0x0000000000014880                FT_Get_First_Char
                0x0000000000014904                FT_Get_Next_Char
                0x0000000000014960                FT_Face_GetCharVariantIndex
                0x0000000000014a28                FT_Face_GetCharVariantIsDefault
                0x0000000000014ad0                FT_Face_GetVariantSelectors
                0x0000000000014b70                FT_Face_GetVariantsOfChar
                0x0000000000014c1c                FT_Face_GetCharsOfVariant
                0x0000000000014cc8                FT_Get_Name_Index
                0x0000000000014d44                FT_Get_Glyph_Name
                0x0000000000014de4                FT_Get_Postscript_Name
                0x0000000000014e4c                FT_Get_Sfnt_Table
                0x0000000000014e9c                FT_Load_Sfnt_Table
                0x0000000000014f14                FT_Sfnt_Table_Info
                0x0000000000014f90                FT_Get_CMap_Language_ID
                0x0000000000014fe0                FT_Get_CMap_Format
                0x0000000000015030                FT_Activate_Size
                0x0000000000015050                FT_Lookup_Renderer
                0x0000000000015098                FT_Get_Renderer
                0x00000000000150c8                FT_Set_Renderer
                0x0000000000015174                FT_Render_Glyph_Internal
                0x00000000000152e8                FT_Render_Glyph
                0x000000000001530c                FT_Get_Module
                0x000000000001538c                FT_Get_Module_Interface
                0x0000000000015410                ft_module_get_service
                0x0000000000015488                FT_Remove_Module
                0x00000000000154a4                FT_Property_Set
                0x00000000000154d4                FT_Property_Get
                0x0000000000015504                FT_Reference_Library
                0x0000000000015514                FT_New_Library
                0x00000000000155bc                FT_Library_Version
                0x00000000000155e8                FT_Done_Library
                0x00000000000157a4                FT_Set_Debug_Hook
                0x00000000000157c0                FT_Get_TrueType_Engine_Type
                0x00000000000158ac                FT_Get_SubGlyph_Info
                0x0000000000015910                FT_Outline_Decompose
                0x0000000000015c9c                FT_Outline_Check
                0x0000000000015cf4                FT_Outline_Copy
                0x0000000000015d64                FT_Outline_Done_Internal
                0x0000000000015dcc                FT_Outline_Done
                0x0000000000015e44                FT_Outline_Get_CBox
                0x0000000000015eb0                FT_Outline_Translate
                0x0000000000015ee0                FT_Outline_Reverse
                0x0000000000015f74                FT_Outline_Render
                0x0000000000015f94                FT_Outline_Get_Bitmap
                0x0000000000015ff0                FT_Vector_Transform
                0x000000000001622c                FT_Outline_Transform
                0x0000000000016a00                FT_Load_Glyph
                0x0000000000016ba4                FT_Get_Advances
                0x0000000000016bd8                FT_Get_Advance
                0x0000000000016cd8                FT_Load_Char
                0x0000000000016d24                FT_Outline_Get_Orientation
                0x0000000000016d40                FT_Raccess_Guess
                0x0000000000016e14                FT_Get_Sfnt_Name_Count
                0x0000000000016e34                FT_Stream_OpenMemory
                0x0000000000016e44                FT_Stream_Close
                0x0000000000016e5c                FT_Stream_Seek
                0x0000000000016e98                FT_Stream_Skip
                0x0000000000016ee0                FT_Stream_Pos
                0x0000000000016ee4                FT_Stream_Read
                0x0000000000016f54                FT_Stream_ReadAt
                0x0000000000016fc4                FT_Stream_TryRead
                0x0000000000017020                FT_Stream_ExtractFrame
                0x00000000000170fc                FT_Stream_ReleaseFrame
                0x0000000000017128                FT_Stream_EnterFrame
                0x00000000000171ec                FT_Stream_ExitFrame
                0x0000000000017218                FT_Stream_GetChar
                0x0000000000017230                FT_Stream_GetUShort
                0x0000000000017258                FT_Stream_GetUShortLE
                0x0000000000017280                FT_Stream_GetUOffset
                0x00000000000172b4                FT_Stream_GetULong
                0x00000000000172f0                FT_Stream_GetULongLE
                0x0000000000017330                FT_Stream_ReadChar
                0x00000000000173a0                FT_Stream_ReadUShort
                0x0000000000017410                FT_Raccess_Get_HeaderInfo
                0x000000000001771c                FT_Stream_ReadUShortLE
                0x000000000001778c                FT_Stream_ReadUOffset
                0x0000000000017808                FT_Stream_ReadULong
                0x00000000000181cc                FT_Stream_ReadULongLE
                0x0000000000018250                FT_Stream_ReadFields
                0x0000000000018478                FT_Cos
                0x000000000001856c                FT_Sin
                0x0000000000018660                FT_Tan
                0x00000000000187e4                FT_Atan2
                0x00000000000188c0                FT_Vector_Unit
                0x00000000000189c8                FT_Vector_Rotate
                0x0000000000018c7c                FT_Vector_Length
                0x0000000000018e04                FT_Outline_EmboldenXY
                0x0000000000019340                FT_Outline_Embolden
                0x000000000001934c                FT_Vector_Polarize
                0x00000000000194c8                FT_Vector_From_Polar
                0x0000000000019764                FT_Angle_Diff
                0x00000000000197b8                ft_mem_alloc
                0x0000000000019820                FT_Add_Module
                0x0000000000019a9c                FT_GlyphLoader_CheckSubGlyphs
                0x0000000000019bc4                ft_mem_qalloc
                0x0000000000019c00                ft_mem_realloc
                0x0000000000019d04                FT_GlyphLoader_CheckPoints
                0x0000000000019ec4                FT_CMap_Done
                0x0000000000019fcc                FT_CMap_New
                0x000000000001a0ec                FT_Outline_New_Internal
                0x000000000001a1e8                FT_Raccess_Get_DataOffsets
                0x000000000001ae70                FT_Open_Face
                0x000000000001b4f8                FT_New_Face
                0x000000000001b528                FT_New_Memory_Face
                0x000000000001b9c4                FT_Get_Sfnt_Name
                0x000000000001bac0                FT_Outline_New
                0x000000000001bbac                FT_GlyphLoader_CopyPoints
                0x000000000001be70                ft_mem_qrealloc
                0x000000000001bf38                ft_mem_free
                0x000000000001bf48                ft_mem_dup
                0x000000000001bfc0                ft_mem_strdup
                0x000000000001c050                ft_mem_strcpyn
                0x000000000001c088                FT_List_Find
                0x000000000001c0ac                FT_List_Add
                0x000000000001c0c4                FT_List_Insert
                0x000000000001c0dc                FT_List_Remove
                0x000000000001c0f8                FT_List_Up
                0x000000000001c11c                FT_List_Iterate
                0x000000000001c15c                FT_List_Finalize
                0x000000000001c1d0                ft_highpow2
 .text          0x000000000001c1e8     0xa334 /usr/local/sh-elf/lib/libfreetype.a(truetype.o)
                0x000000000002392c                TT_RunIns
                0x0000000000026440                TT_New_Context
 .text          0x000000000002651c     0x5b50 /usr/local/sh-elf/lib/libfreetype.a(type1.o)
 .text          0x000000000002c06c     0xc8a4 /usr/local/sh-elf/lib/libfreetype.a(cff.o)
 .text          0x0000000000038910     0x1fd4 /usr/local/sh-elf/lib/libfreetype.a(type1cid.o)
 .text          0x000000000003a8e4     0x2b44 /usr/local/sh-elf/lib/libfreetype.a(pfr.o)
 .text          0x000000000003d428     0x1ff8 /usr/local/sh-elf/lib/libfreetype.a(type42.o)
 .text          0x000000000003f420      0xf10 /usr/local/sh-elf/lib/libfreetype.a(winfnt.o)
 .text          0x0000000000040330     0x1d50 /usr/local/sh-elf/lib/libfreetype.a(pcf.o)
 .text          0x0000000000042080     0x556c /usr/local/sh-elf/lib/libfreetype.a(bdf.o)
 .text          0x00000000000475ec     0x8234 /usr/local/sh-elf/lib/libfreetype.a(sfnt.o)
 .text          0x000000000004f820     0x5ba0 /usr/local/sh-elf/lib/libfreetype.a(autofit.o)
                0x000000000005538c                af_get_coverage
                0x0000000000055390                af_get_char_index
 .text          0x00000000000553c0     0x344c /usr/local/sh-elf/lib/libfreetype.a(pshinter.o)
                0x0000000000057310                ps_hints_apply
 .text          0x000000000005880c      0xba4 /usr/local/sh-elf/lib/libfreetype.a(raster.o)
 .text          0x00000000000593b0     0x2644 /usr/local/sh-elf/lib/libfreetype.a(smooth.o)
 .text          0x000000000005b9f4     0x2e74 /usr/local/sh-elf/lib/libfreetype.a(ftcache.o)
                0x000000000005d1f8                FTC_Manager_LookupSize
                0x000000000005d2e4                FTC_Manager_LookupFace
                0x000000000005d35c                FTC_Manager_New
                0x000000000005d448                FTC_Manager_Done
                0x000000000005d570                FTC_Manager_Reset
                0x000000000005d664                FTC_Manager_RemoveFaceID
                0x000000000005d870                FTC_Node_Unref
                0x000000000005d88c                FTC_CMapCache_New
                0x000000000005d970                FTC_CMapCache_Lookup
                0x000000000005db68                FTC_ImageCache_New
                0x000000000005dc4c                FTC_ImageCache_Lookup
                0x000000000005deb4                FTC_ImageCache_LookupScaler
                0x000000000005e178                FTC_SBitCache_New
                0x000000000005e25c                FTC_SBitCache_Lookup
                0x000000000005e534                FTC_SBitCache_LookupScaler
 .text          0x000000000005e868     0x3c4c /usr/local/sh-elf/lib/libfreetype.a(ftgzip.o)
                0x0000000000061a00                FT_Stream_OpenGzip
                0x0000000000061fa0                FT_Gzip_Uncompress
 .text          0x00000000000624b4     0x1160 /usr/local/sh-elf/lib/libfreetype.a(ftlzw.o)
                0x00000000000626d0                FT_Stream_OpenLZW
                0x0000000000062860                ft_lzwstate_reset
                0x000000000006287c                ft_lzwstate_init
                0x00000000000628d4                ft_lzwstate_done
                0x000000000006293c                ft_lzwstate_io
 .text          0x0000000000063614     0x57c4 /usr/local/sh-elf/lib/libfreetype.a(psaux.o)
 .text          0x0000000000068dd8      0xb20 /usr/local/sh-elf/lib/libfreetype.a(psnames.o)
 .text          0x00000000000698f8      0x174 /usr/local/sh-elf/lib/libfreetype.a(ftsystem.o)
                0x000000000006998c                FT_Stream_Open
                0x0000000000069a2c                FT_New_Memory
                0x0000000000069a60                FT_Done_Memory
 .text          0x0000000000069a6c      0xde0 /usr/local/sh-elf/lib/libfreetype.a(ftbitmap.o)
                0x0000000000069a6c                FT_Bitmap_New
                0x0000000000069a8c                FT_Bitmap_Copy
                0x0000000000069b7c                FT_Bitmap_Convert
                0x000000000006a09c                FT_Bitmap_Embolden
                0x000000000006a704                FT_GlyphSlot_Own_Bitmap
                0x000000000006a804                FT_Bitmap_Done
 .text          0x000000000006a84c      0x710 /usr/local/sh-elf/lib/libfreetype.a(ftglyph.o)
                0x000000000006aa54                FT_Glyph_Copy
                0x000000000006ab08                FT_Get_Glyph
                0x000000000006ac08                FT_Glyph_Transform
                0x000000000006ac54                FT_Glyph_Get_CBox
                0x000000000006acf4                FT_Glyph_To_Bitmap
                0x000000000006af28                FT_Done_Glyph
 .text          0x000000000006af5c       0x52 /usr/local/sh-elf.5.0.0/bin/../lib/gcc/sh-elf/5.0.0/m2e/libgcc.a(_ashiftrt.o)
                0x000000000006af5c                __ashiftrt_r4_31
                0x000000000006af5c                __ashiftrt_r4_32
                0x000000000006af62                __ashiftrt_r4_30
                0x000000000006af64                __ashiftrt_r4_29
                0x000000000006af66                __ashiftrt_r4_28
                0x000000000006af68                __ashiftrt_r4_27
                0x000000000006af6a                __ashiftrt_r4_26
                0x000000000006af6c                __ashiftrt_r4_25
                0x000000000006af6e                __ashiftrt_r4_24
                0x000000000006af76                __ashiftrt_r4_23
                0x000000000006af78                __ashiftrt_r4_22
                0x000000000006af7a                __ashiftrt_r4_21
                0x000000000006af7c                __ashiftrt_r4_20
                0x000000000006af7e                __ashiftrt_r4_19
                0x000000000006af80                __ashiftrt_r4_18
                0x000000000006af82                __ashiftrt_r4_17
                0x000000000006af84                __ashiftrt_r4_16
                0x000000000006af8a                __ashiftrt_r4_15
                0x000000000006af8c                __ashiftrt_r4_14
                0x000000000006af8e                __ashiftrt_r4_13
                0x000000000006af90                __ashiftrt_r4_12
                0x000000000006af92                __ashiftrt_r4_11
                0x000000000006af94                __ashiftrt_r4_10
                0x000000000006af96                __ashiftrt_r4_9
                0x000000000006af98                __ashiftrt_r4_8
                0x000000000006af9a                __ashiftrt_r4_7
                0x000000000006af9c                __ashiftrt_r4_6
                0x000000000006af9e                __ashiftrt_r4_5
                0x000000000006afa0                __ashiftrt_r4_4
                0x000000000006afa2                __ashiftrt_r4_3
                0x000000000006afa4                __ashiftrt_r4_2
                0x000000000006afa6                __ashiftrt_r4_1
                0x000000000006afaa                __ashiftrt_r4_0
 *fill*         0x000000000006afae        0x2 
 .text          0x000000000006afb0       0x80 /usr/local/sh-elf.5.0.0/bin/../lib/gcc/sh-elf/5.0.0/m2e/libgcc.a(_ashiftrt_n.o)
                0x000000000006afb0                __ashrsi3
 .text          0x000000000006b030       0xbc /usr/local/sh-elf.5.0.0/bin/../lib/gcc/sh-elf/5.0.0/m2e/libgcc.a(_ashiftlt.o)
                0x000000000006b030                __ashlsi3
                0x000000000006b034                __ashlsi3_r0
 .text          0x000000000006b0ec       0xbc /usr/local/sh-elf.5.0.0/bin/../lib/gcc/sh-elf/5.0.0/m2e/libgcc.a(_lshiftrt.o)
                0x000000000006b0ec                __lshrsi3
                0x000000000006b0f0                __lshrsi3_r0
 .text          0x000000000006b1a8       0x78 /usr/local/sh-elf.5.0.0/bin/../lib/gcc/sh-elf/5.0.0/m2e/libgcc.a(_movmem.o)
                0x000000000006b1a8                __movmem
                0x000000000006b1a8                __movstr
                0x000000000006b1dc                __movmemSI64
                0x000000000006b1dc                __movstrSI64
                0x000000000006b1e0                __movmemSI60
                0x000000000006b1e0                __movstrSI60
                0x000000000006b1e4                __movstrSI56
                0x000000000006b1e4                __movmemSI56
                0x000000000006b1e8                __movmemSI52
                0x000000000006b1e8                __movstrSI52
                0x000000000006b1ec                __movstrSI48
                0x000000000006b1ec                __movmemSI48
                0x000000000006b1f0                __movmemSI44
                0x000000000006b1f0                __movstrSI44
                0x000000000006b1f4                __movstrSI40
                0x000000000006b1f4                __movmemSI40
                0x000000000006b1f8                __movstrSI36
                0x000000000006b1f8                __movmemSI36
                0x000000000006b1fc                __movstrSI32
                0x000000000006b1fc                __movmemSI32
                0x000000000006b200                __movmemSI28
                0x000000000006b200                __movstrSI28
                0x000000000006b204                __movmemSI24
                0x000000000006b204                __movstrSI24
                0x000000000006b208                __movmemSI20
                0x000000000006b208                __movstrSI20
                0x000000000006b20c                __movstrSI16
                0x000000000006b20c                __movmemSI16
                0x000000000006b210                __movmemSI12
                0x000000000006b210                __movstrSI12
                0x000000000006b214                __movstrSI8
                0x000000000006b214                __movmemSI8
                0x000000000006b218                __movstrSI4
                0x000000000006b218                __movmemSI4
 .text          0x000000000006b220       0x9e /usr/local/sh-elf.5.0.0/bin/../lib/gcc/sh-elf/5.0.0/m2e/libgcc.a(_sdivsi3.o)
                0x000000000006b220                __sdivsi3
 .text          0x000000000006b2be       0x6c /usr/local/sh-elf.5.0.0/bin/../lib/gcc/sh-elf/5.0.0/m2e/libgcc.a(_udivsi3.o)
                0x000000000006b2e0                __udivsi3
 *fill*         0x000000000006b32a        0x2 
 .text          0x000000000006b32c       0x1c /usr/local/sh-elf.5.0.0/bin/../lib/gcc/sh-elf/5.0.0/../../../../sh-elf/lib/m2e/libc.a(bft.o)
                0x000000000006b32c                bft_init
 .text          0x000000000006b348       0xa8 /usr/local/sh-elf.5.0.0/bin/../lib/gcc/sh-elf/5.0.0/../../../../sh-elf/lib/m2e/libc.a(client.o)
                0x000000000006b348                kernel_thread_blocked
                0x000000000006b358                kernel_spin_lock
                0x000000000006b368                kernel_unlock
                0x000000000006b378                kernel_pid
                0x000000000006b388                kernel_die
                0x000000000006b398                malloc
                0x000000000006b3a4                calloc
                0x000000000006b3d4                free
                0x000000000006b3e0                realloc
 .text          0x000000000006b3f0       0x18 /usr/local/sh-elf.5.0.0/bin/../lib/gcc/sh-elf/5.0.0/../../../../sh-elf/lib/m2e/libc.a(lib_a-atol.o)
                0x000000000006b3f0                atol
                0x000000000006b3fc                _atol_r
 .text          0x000000000006b408       0x2c /usr/local/sh-elf.5.0.0/bin/../lib/gcc/sh-elf/5.0.0/../../../../sh-elf/lib/m2e/libc.a(lib_a-exit.o)
                0x000000000006b408                exit
 .text          0x000000000006b434      0x118 /usr/local/sh-elf.5.0.0/bin/../lib/gcc/sh-elf/5.0.0/../../../../sh-elf/lib/m2e/libc.a(lib_a-fclose.o)
                0x000000000006b434                _fclose_r
                0x000000000006b538                fclose
 .text          0x000000000006b54c      0x238 /usr/local/sh-elf.5.0.0/bin/../lib/gcc/sh-elf/5.0.0/../../../../sh-elf/lib/m2e/libc.a(lib_a-fflush.o)
                0x000000000006b54c                __sflush_r
                0x000000000006b6c4                _fflush_r
                0x000000000006b75c                fflush
 .text          0x000000000006b784      0x300 /usr/local/sh-elf.5.0.0/bin/../lib/gcc/sh-elf/5.0.0/../../../../sh-elf/lib/m2e/libc.a(lib_a-findfp.o)
                0x000000000006b784                _cleanup_r
                0x000000000006b840                __sfmoreglue
                0x000000000006b888                _cleanup
                0x000000000006b8a0                __sinit
                0x000000000006b90c                __sfp
                0x000000000006b9f0                __sfp_lock_acquire
                0x000000000006ba00                __sfp_lock_release
                0x000000000006ba10                __sinit_lock_acquire
                0x000000000006ba20                __sinit_lock_release
                0x000000000006ba30                __fp_lock_all
                0x000000000006ba5c                __fp_unlock_all
 .text          0x000000000006ba84      0x128 /usr/local/sh-elf.5.0.0/bin/../lib/gcc/sh-elf/5.0.0/../../../../sh-elf/lib/m2e/libc.a(lib_a-fopen.o)
                0x000000000006ba84                _fopen_r
                0x000000000006bb98                fopen
 .text          0x000000000006bbac      0x23c /usr/local/sh-elf.5.0.0/bin/../lib/gcc/sh-elf/5.0.0/../../../../sh-elf/lib/m2e/libc.a(lib_a-fread.o)
                0x000000000006bbac                _fread_r
                0x000000000006bdc4                fread
 .text          0x000000000006bde8       0x24 /usr/local/sh-elf.5.0.0/bin/../lib/gcc/sh-elf/5.0.0/../../../../sh-elf/lib/m2e/libc.a(lib_a-fseek.o)
                0x000000000006bde8                _fseek_r
                0x000000000006bdf4                fseek
 .text          0x000000000006be0c      0x3b4 /usr/local/sh-elf.5.0.0/bin/../lib/gcc/sh-elf/5.0.0/../../../../sh-elf/lib/m2e/libc.a(lib_a-fseeko.o)
                0x000000000006be0c                _fseeko_r
                0x000000000006c1a8                fseeko
 .text          0x000000000006c1c0       0x20 /usr/local/sh-elf.5.0.0/bin/../lib/gcc/sh-elf/5.0.0/../../../../sh-elf/lib/m2e/libc.a(lib_a-ftell.o)
                0x000000000006c1c0                _ftell_r
                0x000000000006c1cc                ftell
 .text          0x000000000006c1e0      0x114 /usr/local/sh-elf.5.0.0/bin/../lib/gcc/sh-elf/5.0.0/../../../../sh-elf/lib/m2e/libc.a(lib_a-ftello.o)
                0x000000000006c1e0                _ftello_r
                0x000000000006c2e0                ftello
 .text          0x000000000006c2f4       0xf4 /usr/local/sh-elf.5.0.0/bin/../lib/gcc/sh-elf/5.0.0/../../../../sh-elf/lib/m2e/libc.a(lib_a-fwalk.o)
                0x000000000006c2f4                _fwalk
                0x000000000006c368                _fwalk_reent
 .text          0x000000000006c3e8        0x0 /usr/local/sh-elf.5.0.0/bin/../lib/gcc/sh-elf/5.0.0/../../../../sh-elf/lib/m2e/libc.a(lib_a-impure.o)
 .text          0x000000000006c3e8      0x118 /usr/local/sh-elf.5.0.0/bin/../lib/gcc/sh-elf/5.0.0/../../../../sh-elf/lib/m2e/libc.a(lib_a-makebuf.o)
                0x000000000006c3e8                __smakebuf_r
 .text          0x000000000006c500       0x9c /usr/local/sh-elf.5.0.0/bin/../lib/gcc/sh-elf/5.0.0/../../../../sh-elf/lib/m2e/libc.a(lib_a-memchr.o)
                0x000000000006c500                memchr
 .text          0x000000000006c59c       0x58 /usr/local/sh-elf.5.0.0/bin/../lib/gcc/sh-elf/5.0.0/../../../../sh-elf/lib/m2e/libc.a(lib_a-memcmp.o)
                0x000000000006c59c                memcmp
 .text          0x000000000006c5f4       0x94 /usr/local/sh-elf.5.0.0/bin/../lib/gcc/sh-elf/5.0.0/../../../../sh-elf/lib/m2e/libc.a(lib_a-memcpy.o)
                0x000000000006c5f4                memcpy
 .text          0x000000000006c688       0xcc /usr/local/sh-elf.5.0.0/bin/../lib/gcc/sh-elf/5.0.0/../../../../sh-elf/lib/m2e/libc.a(lib_a-memmove.o)
                0x000000000006c688                memmove
 .text          0x000000000006c754       0x40 /usr/local/sh-elf.5.0.0/bin/../lib/gcc/sh-elf/5.0.0/../../../../sh-elf/lib/m2e/libc.a(lib_a-memset.o)
                0x000000000006c754                memset
 .text          0x000000000006c794       0xb8 /usr/local/sh-elf.5.0.0/bin/../lib/gcc/sh-elf/5.0.0/../../../../sh-elf/lib/m2e/libc.a(lib_a-puts.o)
                0x000000000006c794                _puts_r
                0x000000000006c838                puts
 .text          0x000000000006c84c      0x6f4 /usr/local/sh-elf.5.0.0/bin/../lib/gcc/sh-elf/5.0.0/../../../../sh-elf/lib/m2e/libc.a(lib_a-qsort.o)
                0x000000000006c84c                qsort
 .text          0x000000000006cf40      0x178 /usr/local/sh-elf.5.0.0/bin/../lib/gcc/sh-elf/5.0.0/../../../../sh-elf/lib/m2e/libc.a(lib_a-refill.o)
                0x000000000006cf58                __srefill_r
 .text          0x000000000006d0b8       0x48 /usr/local/sh-elf.5.0.0/bin/../lib/gcc/sh-elf/5.0.0/../../../../sh-elf/lib/m2e/libc.a(lib_a-setjmp.o)
                0x000000000006d0b8                setjmp
                0x000000000006d0d8                longjmp
 .text          0x000000000006d100      0x104 /usr/local/sh-elf.5.0.0/bin/../lib/gcc/sh-elf/5.0.0/../../../../sh-elf/lib/m2e/libc.a(lib_a-sprintf.o)
                0x000000000006d100                _sprintf_r
                0x000000000006d17c                sprintf
 .text          0x000000000006d204       0xf4 /usr/local/sh-elf.5.0.0/bin/../lib/gcc/sh-elf/5.0.0/../../../../sh-elf/lib/m2e/libc.a(lib_a-stdio.o)
                0x000000000006d204                __sread
                0x000000000006d244                __seofread
                0x000000000006d248                __swrite
                0x000000000006d2a0                __sseek
                0x000000000006d2e8                __sclose
 .text          0x000000000006d2f8       0x38 /usr/local/sh-elf.5.0.0/bin/../lib/gcc/sh-elf/5.0.0/../../../../sh-elf/lib/m2e/libc.a(lib_a-strcmp.o)
                0x000000000006d2f8                strcmp
 .text          0x000000000006d330       0x3c /usr/local/sh-elf.5.0.0/bin/../lib/gcc/sh-elf/5.0.0/../../../../sh-elf/lib/m2e/libc.a(lib_a-strcpy.o)
                0x000000000006d330                strcpy
 .text          0x000000000006d36c       0x20 /usr/local/sh-elf.5.0.0/bin/../lib/gcc/sh-elf/5.0.0/../../../../sh-elf/lib/m2e/libc.a(lib_a-strlen.o)
                0x000000000006d36c                strlen
 .text          0x000000000006d38c       0xb4 /usr/local/sh-elf.5.0.0/bin/../lib/gcc/sh-elf/5.0.0/../../../../sh-elf/lib/m2e/libc.a(lib_a-strncmp.o)
                0x000000000006d38c                strncmp
 .text          0x000000000006d440       0x94 /usr/local/sh-elf.5.0.0/bin/../lib/gcc/sh-elf/5.0.0/../../../../sh-elf/lib/m2e/libc.a(lib_a-strncpy.o)
                0x000000000006d440                strncpy
 .text          0x000000000006d4d4       0x38 /usr/local/sh-elf.5.0.0/bin/../lib/gcc/sh-elf/5.0.0/../../../../sh-elf/lib/m2e/libc.a(lib_a-strrchr.o)
                0x000000000006d4d4                strrchr
 .text          0x000000000006d50c      0x6c4 /usr/local/sh-elf.5.0.0/bin/../lib/gcc/sh-elf/5.0.0/../../../../sh-elf/lib/m2e/libc.a(lib_a-strstr.o)
                0x000000000006d8c4                strstr
 .text          0x000000000006dbd0      0x180 /usr/local/sh-elf.5.0.0/bin/../lib/gcc/sh-elf/5.0.0/../../../../sh-elf/lib/m2e/libc.a(lib_a-strtol.o)
                0x000000000006dbd0                _strtol_r
                0x000000000006dd38                strtol
 .text          0x000000000006dd50     0x1d48 /usr/local/sh-elf.5.0.0/bin/../lib/gcc/sh-elf/5.0.0/../../../../sh-elf/lib/m2e/libc.a(lib_a-svfprintf.o)
                0x000000000006dd50                _svfprintf_r
 .text          0x000000000006fa98       0x14 /usr/local/sh-elf.5.0.0/bin/../lib/gcc/sh-elf/5.0.0/../../../../sh-elf/lib/m2e/libc.a(lib_a-sysclose.o)
                0x000000000006fa98                close
 .text          0x000000000006faac       0x14 /usr/local/sh-elf.5.0.0/bin/../lib/gcc/sh-elf/5.0.0/../../../../sh-elf/lib/m2e/libc.a(lib_a-trap.o)
                0x000000000006faac                __trap34
 .text          0x000000000006fac0      0x864 /usr/local/sh-elf.5.0.0/bin/../lib/gcc/sh-elf/5.0.0/../../../../sh-elf/lib/m2e/libc.a(syscalls.o)
                0x000000000006fac0                _bitos_lock_init
                0x000000000006fac8                _bitos_lock_init_recursive
                0x000000000006fad0                _bitos_lock_close
                0x000000000006fae0                _bitos_lock_close_recursive
                0x000000000006fae8                _bitos_lock_acquire
                0x000000000006fafc                _bitos_lock_acquire_recursive
                0x000000000006fb18                _bitos_lock_try_acquire
                0x000000000006fb34                _bitos_lock_try_acquire_recursive
                0x000000000006fb50                _bitos_lock_release
                0x000000000006fb58                _bitos_lock_release_recursive
                0x000000000006fb60                _times_r
                0x000000000006fb6c                _gettimeofday_r
                0x000000000006fb78                _read_r
                0x000000000006fbbc                _lseek_r
                0x000000000006fbc8                _write_r
                0x000000000006fbd4                _close_r
                0x000000000006fc14                _fstat_r
                0x000000000006fc20                _open_r
                0x000000000006fce0                _creat_r
                0x000000000006fcec                _unlink_r
                0x000000000006fcf8                _isatty_r
                0x000000000006fd04                _kill_r
                0x000000000006fd18                _getpid_r
                0x000000000006fd24                popen
                0x000000000006fd30                pclose
                0x000000000006fd44                opendir
                0x000000000006fda0                readdir
                0x000000000006fdc8                sysconf
                0x000000000006fe2c                _stat_r
                0x000000000006ff04                access
                0x000000000006ffbc                chdir
                0x000000000006ffd4                getcwd
                0x000000000006ffe4                getwd
                0x000000000006fff4                mkdir
                0x0000000000070030                pipe
                0x000000000007005c                chmod
                0x0000000000070060                umask
                0x0000000000070064                lstat
                0x0000000000070068                closedir
                0x000000000007006c                utime
                0x0000000000070088                _link_r
                0x00000000000700a4                chown
                0x00000000000700c0                rmdir
                0x00000000000700dc                dup2
                0x00000000000700f8                sleep
                0x0000000000070114                alarm
                0x0000000000070130                execvp
                0x000000000007014c                fork
                0x0000000000070168                _wait_r
                0x0000000000070184                execv
                0x00000000000701a0                getpwnam
                0x00000000000701bc                dup
                0x00000000000701d8                ftruncate
                0x00000000000701f4                getlogin
                0x0000000000070210                _rename_r
 .text          0x0000000000070324       0x30 /usr/local/sh-elf.5.0.0/bin/../lib/gcc/sh-elf/5.0.0/../../../../sh-elf/lib/m2e/libc.a(newlib_malloc.o)
                0x0000000000070324                _malloc_r
                0x0000000000070330                _realloc_r
                0x000000000007033c                _free_r
                0x0000000000070348                _calloc_r
 .text          0x0000000000070354        0xc /usr/local/sh-elf.5.0.0/bin/../lib/gcc/sh-elf/5.0.0/../../../../sh-elf/lib/m2e/libc.a(panic.o)
                0x0000000000070354                panic
 .text          0x0000000000070360      0x12c /usr/local/sh-elf.5.0.0/bin/../lib/gcc/sh-elf/5.0.0/../../../../sh-elf/lib/m2e/libc.a(lib_a-__call_atexit.o)
                0x0000000000070360                __call_exitprocs
 .text          0x000000000007048c        0x0 /usr/local/sh-elf.5.0.0/bin/../lib/gcc/sh-elf/5.0.0/../../../../sh-elf/lib/m2e/libc.a(lib_a-ctype_.o)
 .text          0x000000000007048c      0xf98 /usr/local/sh-elf.5.0.0/bin/../lib/gcc/sh-elf/5.0.0/../../../../sh-elf/lib/m2e/libc.a(lib_a-dtoa.o)
                0x00000000000705e4                _dtoa_r
 .text          0x0000000000071424       0x74 /usr/local/sh-elf.5.0.0/bin/../lib/gcc/sh-elf/5.0.0/../../../../sh-elf/lib/m2e/libc.a(lib_a-flags.o)
                0x0000000000071424                __sflags
 .text          0x0000000000071498      0x358 /usr/local/sh-elf.5.0.0/bin/../lib/gcc/sh-elf/5.0.0/../../../../sh-elf/lib/m2e/libc.a(lib_a-fvwrite.o)
                0x0000000000071498                __sfvwrite_r
 .text          0x00000000000717f0       0xa4 /usr/local/sh-elf.5.0.0/bin/../lib/gcc/sh-elf/5.0.0/../../../../sh-elf/lib/m2e/libc.a(lib_a-locale.o)
                0x00000000000717f0                _setlocale_r
                0x0000000000071840                __locale_charset
                0x000000000007184c                __locale_mb_cur_max
                0x0000000000071858                __locale_msgcharset
                0x0000000000071864                __locale_cjk_lang
                0x0000000000071868                _localeconv_r
                0x0000000000071874                setlocale
                0x0000000000071888                localeconv
 .text          0x0000000000071894      0xaa0 /usr/local/sh-elf.5.0.0/bin/../lib/gcc/sh-elf/5.0.0/../../../../sh-elf/lib/m2e/libc.a(lib_a-mprec.o)
                0x0000000000071894                _Balloc
                0x0000000000071908                _Bfree
                0x0000000000071920                __multadd
                0x00000000000719d0                __s2b
                0x0000000000071a88                __hi0bits
                0x0000000000071ae4                __lo0bits
                0x0000000000071b4c                __i2b
                0x0000000000071b68                __multiply
                0x0000000000071cb8                __pow5mult
                0x0000000000071d94                __lshift
                0x0000000000071e90                __mcmp
                0x0000000000071ecc                __mdiff
                0x000000000007200c                __ulp
                0x0000000000072060                __b2d
                0x0000000000072114                __d2b
                0x00000000000721bc                __ratio
                0x0000000000072238                _mprec_log10
                0x0000000000072264                __copybits
                0x00000000000722b4                __any_on
 .text          0x0000000000072334       0xe4 /usr/local/sh-elf.5.0.0/bin/../lib/gcc/sh-elf/5.0.0/../../../../sh-elf/lib/m2e/libc.a(lib_a-printf.o)
                0x0000000000072334                _printf_r
                0x00000000000723a0                printf
 .text          0x0000000000072418       0x48 /usr/local/sh-elf.5.0.0/bin/../lib/gcc/sh-elf/5.0.0/../../../../sh-elf/lib/m2e/libc.a(lib_a-sf_fpclassify.o)
                0x0000000000072418                __fpclassifyf
 .text          0x0000000000072460       0x60 /usr/local/sh-elf.5.0.0/bin/../lib/gcc/sh-elf/5.0.0/../../../../sh-elf/lib/m2e/libc.a(lib_a-strcat.o)
                0x0000000000072460                strcat
 .text          0x00000000000724c0      0x110 /usr/local/sh-elf.5.0.0/bin/../lib/gcc/sh-elf/5.0.0/../../../../sh-elf/lib/m2e/libc.a(lib_a-strchr.o)
                0x00000000000724c0                strchr
 .text          0x00000000000725d0     0x11d0 /usr/local/sh-elf.5.0.0/bin/../lib/gcc/sh-elf/5.0.0/../../../../sh-elf/lib/m2e/libc.a(lib_a-svfiprintf.o)
                0x00000000000725d0                __ssprint_r
                0x0000000000072738                _svfiprintf_r
 .text          0x00000000000737a0       0x74 /usr/local/sh-elf.5.0.0/bin/../lib/gcc/sh-elf/5.0.0/../../../../sh-elf/lib/m2e/libc.a(lib_a-sysopen.o)
                0x00000000000737a0                open
 .text          0x0000000000073814     0x2224 /usr/local/sh-elf.5.0.0/bin/../lib/gcc/sh-elf/5.0.0/../../../../sh-elf/lib/m2e/libc.a(lib_a-vfprintf.o)
                0x0000000000073814                _vfprintf_r
                0x0000000000075958                vfprintf
 .text          0x0000000000075a38       0xf8 /usr/local/sh-elf.5.0.0/bin/../lib/gcc/sh-elf/5.0.0/../../../../sh-elf/lib/m2e/libc.a(lib_a-wsetup.o)
                0x0000000000075a38                __swsetup_r
 .text          0x0000000000075b30        0x8 /usr/local/sh-elf.5.0.0/bin/../lib/gcc/sh-elf/5.0.0/../../../../sh-elf/lib/m2e/libc.a(kernel_client_asm.o)
                0x0000000000075b30                _kernel_atomic_lock_asm
 .text          0x0000000000075b38       0xf4 /usr/local/sh-elf.5.0.0/bin/../lib/gcc/sh-elf/5.0.0/../../../../sh-elf/lib/m2e/libc.a(lib_a-__atexit.o)
                0x0000000000075b38                __register_exitproc
 .text          0x0000000000075c2c     0x152c /usr/local/sh-elf.5.0.0/bin/../lib/gcc/sh-elf/5.0.0/../../../../sh-elf/lib/m2e/libc.a(lib_a-vfiprintf.o)
                0x0000000000075ce0                __sprint_r
                0x0000000000075cf8                _vfiprintf_r
                0x0000000000077078                vfiprintf
 .text          0x0000000000077158      0x160 /usr/local/sh-elf.5.0.0/bin/../lib/gcc/sh-elf/5.0.0/../../../../sh-elf/lib/m2e/libc.a(lib_a-fputwc.o)
                0x0000000000077158                _fputwc_r
                0x0000000000077278                fputwc
 .text          0x00000000000772b8       0xf0 /usr/local/sh-elf.5.0.0/bin/../lib/gcc/sh-elf/5.0.0/../../../../sh-elf/lib/m2e/libc.a(lib_a-wbuf.o)
                0x00000000000772b8                __swbuf_r
                0x0000000000077394                __swbuf
 .text          0x00000000000773a8       0xe0 /usr/local/sh-elf.5.0.0/bin/../lib/gcc/sh-elf/5.0.0/../../../../sh-elf/lib/m2e/libc.a(lib_a-wcrtomb.o)
                0x00000000000773a8                _wcrtomb_r
                0x000000000007740c                wcrtomb
 .text          0x0000000000077488       0x58 /usr/local/sh-elf.5.0.0/bin/../lib/gcc/sh-elf/5.0.0/../../../../sh-elf/lib/m2e/libc.a(lib_a-wctomb_r.o)
                0x0000000000077488                __ascii_wctomb
                0x00000000000774a8                _wctomb_r
 .text          0x00000000000774e0      0x2a0 /usr/local/sh-elf.5.0.0/bin/../lib/gcc/sh-elf/5.0.0/m2e/libgcc.a(_udivdi3.o)
                0x00000000000774e0                __udivdi3
 .text          0x0000000000077780      0x2e8 /usr/local/sh-elf.5.0.0/bin/../lib/gcc/sh-elf/5.0.0/m2e/libgcc.a(_umoddi3.o)
                0x0000000000077780                __umoddi3
 .text          0x0000000000077a68       0x4c /usr/local/sh-elf.5.0.0/bin/../lib/gcc/sh-elf/5.0.0/m2e/libgcc.a(_df_to_sf.o)
                0x0000000000077a68                __truncdfsf2
 *fill*         0x0000000000077ab4        0x4 
 .text          0x0000000000077ab8       0x60 /usr/local/sh-elf.5.0.0/bin/../lib/gcc/sh-elf/5.0.0/m2e/libgcc.a(_udiv_qrnnd_16.o)
                0x0000000000077ab8                __udiv_qrnnd_16
 .text          0x0000000000077b18        0x0 /usr/local/sh-elf.5.0.0/bin/../lib/gcc/sh-elf/5.0.0/m2e/libgcc.a(_clz.o)
 .text          0x0000000000077b18       0x20 /usr/local/sh-elf.5.0.0/bin/../lib/gcc/sh-elf/5.0.0/m2e/libgcc.a(_make_sf.o)
                0x0000000000077b18                __make_fp
 .text          0x0000000000077b38       0xd0 /usr/local/sh-elf.5.0.0/bin/../lib/gcc/sh-elf/5.0.0/m2e/libgcc.a(_unpack_df.o)
                0x0000000000077b38                __unpack_d
 .text          0x0000000000077c08      0x12c /usr/local/sh-elf.5.0.0/bin/../lib/gcc/sh-elf/5.0.0/m2e/libgcc.a(_pack_sf.o)
                0x0000000000077c08                __pack_f
 .text          0x0000000000077d34        0x0 /usr/local/sh-elf.5.0.0/bin/../lib/gcc/sh-elf/5.0.0/m2e/crtend.o
 .text          0x0000000000077d34        0x0 /usr/local/sh-elf.5.0.0/bin/../lib/gcc/sh-elf/5.0.0/m2e/crtn.o
 *(.gnu.warning)

.fini
 *(SORT(.fini))
                [!provide]                        PROVIDE (__etext, .)
                [!provide]                        PROVIDE (_etext, .)
                [!provide]                        PROVIDE (etext, .)

.rodata         0x0000000000077d34    0x16b88
 *(.rodata .rodata.* .gnu.linkonce.r.*)
 .rodata.str1.4
                0x0000000000077d34       0xf2 ftc.o
 *fill*         0x0000000000077e26        0x2 
 .rodata        0x0000000000077e28       0x4c /usr/local/sh-elf/lib/libfreetype.a(ftinit.o)
 .rodata.str1.4
                0x0000000000077e74       0xd0 /usr/local/sh-elf/lib/libfreetype.a(ftbase.o)
                                         0xd8 (size before relaxing)
 .rodata        0x0000000000077f44       0xa0 /usr/local/sh-elf/lib/libfreetype.a(ftbase.o)
                0x0000000000077f9c                ft_raccess_guess_table
 .rodata.str1.4
                0x0000000000077fe4       0x78 /usr/local/sh-elf/lib/libfreetype.a(truetype.o)
                                         0xa8 (size before relaxing)
 .rodata        0x000000000007805c      0x5ac /usr/local/sh-elf/lib/libfreetype.a(truetype.o)
                0x0000000000078510                tt_default_graphics_state
                0x0000000000078554                tt_driver_class
 .rodata.str1.4
                0x0000000000078608      0x2eb /usr/local/sh-elf/lib/libfreetype.a(type1.o)
                                        0x384 (size before relaxing)
 *fill*         0x00000000000788f3        0x1 
 .rodata        0x00000000000788f4      0x774 /usr/local/sh-elf/lib/libfreetype.a(type1.o)
                0x00000000000788fc                t1_driver_class
 .rodata.str1.4
                0x0000000000079068       0x44 /usr/local/sh-elf/lib/libfreetype.a(cff.o)
                                         0xe8 (size before relaxing)
 .rodata        0x00000000000790ac      0xf0c /usr/local/sh-elf/lib/libfreetype.a(cff.o)
                0x00000000000790f4                cff_cmap_unicode_class_rec
                0x000000000007911c                cff_cmap_encoding_class_rec
                0x0000000000079ee0                cff_driver_class
 .rodata.str1.4
                0x0000000000079fb8      0x138 /usr/local/sh-elf/lib/libfreetype.a(type1cid.o)
                                        0x338 (size before relaxing)
 .rodata        0x000000000007a0f0      0x7d8 /usr/local/sh-elf/lib/libfreetype.a(type1cid.o)
                0x000000000007a0f0                t1cid_driver_class
 .rodata.str1.4
                0x000000000007a8c8       0x14 /usr/local/sh-elf/lib/libfreetype.a(pfr.o)
                                         0x28 (size before relaxing)
 .rodata        0x000000000007a8dc      0x148 /usr/local/sh-elf/lib/libfreetype.a(pfr.o)
                0x000000000007a8dc                pfr_driver_class
                0x000000000007a954                pfr_metrics_service_rec
                0x000000000007a960                pfr_cmap_class_rec
 .rodata.str1.4
                0x000000000007aa24       0x2a /usr/local/sh-elf/lib/libfreetype.a(type42.o)
                                        0x1d8 (size before relaxing)
 *fill*         0x000000000007aa4e        0x2 
 .rodata        0x000000000007aa50      0x378 /usr/local/sh-elf/lib/libfreetype.a(type42.o)
                0x000000000007aa50                t42_driver_class
 .rodata.str1.4
                0x000000000007adc8       0x2c /usr/local/sh-elf/lib/libfreetype.a(winfnt.o)
                                         0x50 (size before relaxing)
 .rodata        0x000000000007adf4      0x204 /usr/local/sh-elf/lib/libfreetype.a(winfnt.o)
                0x000000000007adf4                winfnt_driver_class
 .rodata.str1.4
                0x000000000007aff8       0xac /usr/local/sh-elf/lib/libfreetype.a(pcf.o)
                                        0x104 (size before relaxing)
 .rodata        0x000000000007b0a4      0x1bc /usr/local/sh-elf/lib/libfreetype.a(pcf.o)
                0x000000000007b0a4                pcf_driver_class
                0x000000000007b124                pcf_cmap_class
 .rodata.str1.4
                0x000000000007b260      0x3e3 /usr/local/sh-elf/lib/libfreetype.a(bdf.o)
                                        0x63c (size before relaxing)
 *fill*         0x000000000007b643        0x1 
 .rodata        0x000000000007b644      0x6a4 /usr/local/sh-elf/lib/libfreetype.a(bdf.o)
                0x000000000007b644                bdf_driver_class
                0x000000000007b6c4                bdf_cmap_class
 .rodata.str1.4
                0x000000000007bce8       0x84 /usr/local/sh-elf/lib/libfreetype.a(sfnt.o)
 .rodata        0x000000000007bce8      0x660 /usr/local/sh-elf/lib/libfreetype.a(sfnt.o)
                0x000000000007c060                sfnt_module_class
                0x000000000007c174                tt_cmap14_class_rec
                0x000000000007c1a8                tt_cmap13_class_rec
                0x000000000007c1dc                tt_cmap12_class_rec
                0x000000000007c210                tt_cmap10_class_rec
                0x000000000007c244                tt_cmap8_class_rec
                0x000000000007c278                tt_cmap6_class_rec
                0x000000000007c2ac                tt_cmap4_class_rec
                0x000000000007c2e0                tt_cmap2_class_rec
                0x000000000007c314                tt_cmap0_class_rec
 .rodata.str1.4
                0x000000000007c348       0x53 /usr/local/sh-elf/lib/libfreetype.a(autofit.o)
                                         0x60 (size before relaxing)
 *fill*         0x000000000007c39b        0x1 
 .rodata        0x000000000007c39c      0xd10 /usr/local/sh-elf/lib/libfreetype.a(autofit.o)
                0x000000000007c39c                autofit_module_class
                0x000000000007c3c0                af_autofitter_interface
                0x000000000007c3e8                af_indic_writing_system_class
                0x000000000007c404                af_cjk_writing_system_class
                0x000000000007c420                af_latin_writing_system_class
                0x000000000007c43c                af_dummy_writing_system_class
                0x000000000007c458                af_hani_uniranges
                0x000000000007c560                af_tibt_uniranges
                0x000000000007c570                af_telu_uniranges
                0x000000000007c580                af_taml_uniranges
                0x000000000007c590                af_sylo_uniranges
                0x000000000007c5a0                af_sund_uniranges
                0x000000000007c5b0                af_sinh_uniranges
                0x000000000007c5c0                af_orya_uniranges
                0x000000000007c5d0                af_mlym_uniranges
                0x000000000007c5e0                af_limb_uniranges
                0x000000000007c5f0                af_knda_uniranges
                0x000000000007c600                af_guru_uniranges
                0x000000000007c610                af_gujr_uniranges
                0x000000000007c620                af_deva_uniranges
                0x000000000007c630                af_beng_uniranges
                0x000000000007c640                af_none_uniranges
                0x000000000007c648                af_latn_uniranges
                0x000000000007c700                af_hebr_uniranges
                0x000000000007c718                af_grek_uniranges
                0x000000000007c730                af_cyrl_uniranges
                0x000000000007c758                af_style_classes
                0x000000000007c818                af_script_classes
                0x000000000007c86c                af_writing_system_classes
                0x000000000007c880                af_hani_dflt_style_class
                0x000000000007c894                af_tibt_dflt_style_class
                0x000000000007c8a8                af_telu_dflt_style_class
                0x000000000007c8bc                af_taml_dflt_style_class
                0x000000000007c8d0                af_sylo_dflt_style_class
                0x000000000007c8e4                af_sund_dflt_style_class
                0x000000000007c8f8                af_sinh_dflt_style_class
                0x000000000007c90c                af_orya_dflt_style_class
                0x000000000007c920                af_mlym_dflt_style_class
                0x000000000007c934                af_limb_dflt_style_class
                0x000000000007c948                af_knda_dflt_style_class
                0x000000000007c95c                af_guru_dflt_style_class
                0x000000000007c970                af_gujr_dflt_style_class
                0x000000000007c984                af_deva_dflt_style_class
                0x000000000007c998                af_beng_dflt_style_class
                0x000000000007c9ac                af_none_dflt_style_class
                0x000000000007c9c0                af_latn_dflt_style_class
                0x000000000007c9d4                af_latn_titl_style_class
                0x000000000007c9e8                af_latn_sups_style_class
                0x000000000007c9fc                af_latn_subs_style_class
                0x000000000007ca10                af_latn_smcp_style_class
                0x000000000007ca24                af_latn_sinf_style_class
                0x000000000007ca38                af_latn_pcap_style_class
                0x000000000007ca4c                af_latn_ordn_style_class
                0x000000000007ca60                af_latn_c2sc_style_class
                0x000000000007ca74                af_latn_c2cp_style_class
                0x000000000007ca88                af_hebr_dflt_style_class
                0x000000000007ca9c                af_grek_dflt_style_class
                0x000000000007cab0                af_grek_titl_style_class
                0x000000000007cac4                af_grek_sups_style_class
                0x000000000007cad8                af_grek_subs_style_class
                0x000000000007caec                af_grek_smcp_style_class
                0x000000000007cb00                af_grek_sinf_style_class
                0x000000000007cb14                af_grek_pcap_style_class
                0x000000000007cb28                af_grek_ordn_style_class
                0x000000000007cb3c                af_grek_c2sc_style_class
                0x000000000007cb50                af_grek_c2cp_style_class
                0x000000000007cb64                af_cyrl_dflt_style_class
                0x000000000007cb78                af_cyrl_titl_style_class
                0x000000000007cb8c                af_cyrl_sups_style_class
                0x000000000007cba0                af_cyrl_subs_style_class
                0x000000000007cbb4                af_cyrl_smcp_style_class
                0x000000000007cbc8                af_cyrl_sinf_style_class
                0x000000000007cbdc                af_cyrl_pcap_style_class
                0x000000000007cbf0                af_cyrl_ordn_style_class
                0x000000000007cc04                af_cyrl_c2sc_style_class
                0x000000000007cc18                af_cyrl_c2cp_style_class
                0x000000000007cc2c                af_hani_script_class
                0x000000000007cc40                af_tibt_script_class
                0x000000000007cc54                af_telu_script_class
                0x000000000007cc68                af_taml_script_class
                0x000000000007cc7c                af_sylo_script_class
                0x000000000007cc90                af_sund_script_class
                0x000000000007cca4                af_sinh_script_class
                0x000000000007ccb8                af_orya_script_class
                0x000000000007cccc                af_mlym_script_class
                0x000000000007cce0                af_limb_script_class
                0x000000000007ccf4                af_knda_script_class
                0x000000000007cd08                af_guru_script_class
                0x000000000007cd1c                af_gujr_script_class
                0x000000000007cd30                af_deva_script_class
                0x000000000007cd44                af_beng_script_class
                0x000000000007cd58                af_none_script_class
                0x000000000007cd6c                af_latn_script_class
                0x000000000007cd80                af_hebr_script_class
                0x000000000007cd94                af_grek_script_class
                0x000000000007cda8                af_cyrl_script_class
                0x000000000007cdbc                af_blue_stringsets
                0x000000000007cea4                af_blue_strings
 .rodata.str1.4
                0x000000000007d0ac        0xc /usr/local/sh-elf/lib/libfreetype.a(pshinter.o)
 .rodata        0x000000000007d0ac       0x30 /usr/local/sh-elf/lib/libfreetype.a(pshinter.o)
                0x000000000007d0ac                pshinter_module_class
 .rodata.str1.4
                0x000000000007d0dc       0x10 /usr/local/sh-elf/lib/libfreetype.a(raster.o)
 .rodata        0x000000000007d0ec       0x90 /usr/local/sh-elf/lib/libfreetype.a(raster.o)
                0x000000000007d0ec                ft_raster5_renderer_class
                0x000000000007d128                ft_raster1_renderer_class
                0x000000000007d164                ft_standard_raster
 .rodata.str1.4
                0x000000000007d17c       0x1f /usr/local/sh-elf/lib/libfreetype.a(smooth.o)
                                         0x20 (size before relaxing)
 *fill*         0x000000000007d19b        0x1 
 .rodata        0x000000000007d19c       0xe4 /usr/local/sh-elf/lib/libfreetype.a(smooth.o)
                0x000000000007d19c                ft_smooth_lcdv_renderer_class
                0x000000000007d1d8                ft_smooth_lcd_renderer_class
                0x000000000007d214                ft_smooth_renderer_class
                0x000000000007d250                ft_grays_raster
 .rodata        0x000000000007d280       0xc4 /usr/local/sh-elf/lib/libfreetype.a(ftcache.o)
                0x000000000007d280                ftc_basic_sbit_cache_class
                0x000000000007d2a4                ftc_basic_sbit_family_class
                0x000000000007d2c0                ftc_basic_image_cache_class
                0x000000000007d2e4                ftc_basic_image_family_class
                0x000000000007d2fc                ftc_cmap_cache_class
                0x000000000007d31c                ftc_face_list_class
                0x000000000007d330                ftc_size_list_class
 .rodata.str1.4
                0x000000000007d344      0x205 /usr/local/sh-elf/lib/libfreetype.a(ftgzip.o)
                                        0x208 (size before relaxing)
 *fill*         0x000000000007d549        0x3 
 .rodata        0x000000000007d54c     0x1378 /usr/local/sh-elf/lib/libfreetype.a(ftgzip.o)
 .rodata.str1.4
                0x000000000007e8c4      0x260 /usr/local/sh-elf/lib/libfreetype.a(psaux.o)
                                        0x34c (size before relaxing)
 .rodata        0x000000000007eb24      0x380 /usr/local/sh-elf/lib/libfreetype.a(psaux.o)
                0x000000000007eccc                t1_cmap_unicode_class_rec
                0x000000000007ecf4                t1_cmap_custom_class_rec
                0x000000000007ed1c                t1_cmap_expert_class_rec
                0x000000000007ed44                t1_cmap_standard_class_rec
                0x000000000007edd8                psaux_module_class
                0x000000000007ee18                t1_cmap_classes
                0x000000000007ee28                afm_parser_funcs
                0x000000000007ee34                t1_decoder_funcs
                0x000000000007ee40                t1_builder_funcs
                0x000000000007ee60                ps_parser_funcs
                0x000000000007ee94                ps_table_funcs
 .rodata.str1.4
                0x000000000007eea4        0x8 /usr/local/sh-elf/lib/libfreetype.a(psnames.o)
                                         0x1c (size before relaxing)
 .rodata        0x000000000007eeac     0xf2ec /usr/local/sh-elf/lib/libfreetype.a(psnames.o)
                0x000000000007eeac                psnames_module_class
 .rodata.str1.4
                0x000000000008e198        0x3 /usr/local/sh-elf/lib/libfreetype.a(ftsystem.o)
                                          0x4 (size before relaxing)
 *fill*         0x000000000008e19b        0x1 
 .rodata        0x000000000008e19c       0x40 /usr/local/sh-elf/lib/libfreetype.a(ftglyph.o)
                0x000000000008e19c                ft_outline_glyph_class
                0x000000000008e1bc                ft_bitmap_glyph_class
 .rodata        0x000000000008e1dc        0x4 /usr/local/sh-elf.5.0.0/bin/../lib/gcc/sh-elf/5.0.0/../../../../sh-elf/lib/m2e/libc.a(lib_a-impure.o)
                0x000000000008e1dc                _global_impure_ptr
 .rodata.str1.4
                0x000000000008e1e0        0x2 /usr/local/sh-elf.5.0.0/bin/../lib/gcc/sh-elf/5.0.0/../../../../sh-elf/lib/m2e/libc.a(lib_a-impure.o)
 .rodata.str1.4
                0x000000000008e1e0        0x2 /usr/local/sh-elf.5.0.0/bin/../lib/gcc/sh-elf/5.0.0/../../../../sh-elf/lib/m2e/libc.a(lib_a-puts.o)
 *fill*         0x000000000008e1e2        0x2 
 .rodata.str1.4
                0x000000000008e1e4       0x42 /usr/local/sh-elf.5.0.0/bin/../lib/gcc/sh-elf/5.0.0/../../../../sh-elf/lib/m2e/libc.a(lib_a-svfprintf.o)
 *fill*         0x000000000008e226        0x2 
 .rodata        0x000000000008e228       0x20 /usr/local/sh-elf.5.0.0/bin/../lib/gcc/sh-elf/5.0.0/../../../../sh-elf/lib/m2e/libc.a(lib_a-svfprintf.o)
 .rodata.str1.4
                0x000000000008e248      0x1f3 /usr/local/sh-elf.5.0.0/bin/../lib/gcc/sh-elf/5.0.0/../../../../sh-elf/lib/m2e/libc.a(syscalls.o)
                                        0x1f7 (size before relaxing)
 *fill*         0x000000000008e43b        0x1 
 .rodata        0x000000000008e43c      0x284 /usr/local/sh-elf.5.0.0/bin/../lib/gcc/sh-elf/5.0.0/../../../../sh-elf/lib/m2e/libc.a(lib_a-ctype_.o)
                0x000000000008e43c                _ctype_
 .rodata.str1.4
                0x000000000008e6c0       0x10 /usr/local/sh-elf.5.0.0/bin/../lib/gcc/sh-elf/5.0.0/../../../../sh-elf/lib/m2e/libc.a(lib_a-dtoa.o)
                                         0x12 (size before relaxing)
 .rodata.str1.4
                0x000000000008e6d0        0xc /usr/local/sh-elf.5.0.0/bin/../lib/gcc/sh-elf/5.0.0/../../../../sh-elf/lib/m2e/libc.a(lib_a-locale.o)
                                         0x12 (size before relaxing)
 .rodata        0x000000000008e6dc       0x80 /usr/local/sh-elf.5.0.0/bin/../lib/gcc/sh-elf/5.0.0/../../../../sh-elf/lib/m2e/libc.a(lib_a-mprec.o)
                0x000000000008e6e8                __mprec_tinytens
                0x000000000008e6f0                __mprec_bigtens
                0x000000000008e6f8                __mprec_tens
 .rodata.str1.4
                0x000000000008e75c       0x2f /usr/local/sh-elf.5.0.0/bin/../lib/gcc/sh-elf/5.0.0/../../../../sh-elf/lib/m2e/libc.a(lib_a-svfiprintf.o)
 .rodata        0x000000000008e75c       0x20 /usr/local/sh-elf.5.0.0/bin/../lib/gcc/sh-elf/5.0.0/../../../../sh-elf/lib/m2e/libc.a(lib_a-svfiprintf.o)
 .rodata.str1.4
                0x000000000008e77c       0x42 /usr/local/sh-elf.5.0.0/bin/../lib/gcc/sh-elf/5.0.0/../../../../sh-elf/lib/m2e/libc.a(lib_a-vfprintf.o)
 .rodata        0x000000000008e77c       0x20 /usr/local/sh-elf.5.0.0/bin/../lib/gcc/sh-elf/5.0.0/../../../../sh-elf/lib/m2e/libc.a(lib_a-vfprintf.o)
 .rodata.str1.4
                0x000000000008e79c       0x2f /usr/local/sh-elf.5.0.0/bin/../lib/gcc/sh-elf/5.0.0/../../../../sh-elf/lib/m2e/libc.a(lib_a-vfiprintf.o)
 .rodata        0x000000000008e79c       0x20 /usr/local/sh-elf.5.0.0/bin/../lib/gcc/sh-elf/5.0.0/../../../../sh-elf/lib/m2e/libc.a(lib_a-vfiprintf.o)
 .rodata        0x000000000008e7bc      0x100 /usr/local/sh-elf.5.0.0/bin/../lib/gcc/sh-elf/5.0.0/m2e/libgcc.a(_clz.o)
                0x000000000008e7bc                __clz_tab

.interp         0x000000000008e8bc       0x13
 .interp        0x000000000008e8bc       0x13 /usr/local/sh-elf.5.0.0/bin/../lib/gcc/sh-elf/5.0.0/m2e/crt1.o

.rofixup        0x000000000008e8d0        0x0
 .rofixup       0x000000000008e8d0        0x0 /usr/local/sh-elf.5.0.0/bin/../lib/gcc/sh-elf/5.0.0/m2e/crt1.o

.rodata1
 *(.rodata1)

.eh_frame_hdr
 *(.eh_frame_hdr)

.eh_frame       0x000000000008e8d0      0x190
 *(.eh_frame)
 .eh_frame      0x000000000008e8d0       0xc8 /usr/local/sh-elf.5.0.0/bin/../lib/gcc/sh-elf/5.0.0/m2e/libgcc.a(_udivdi3.o)
 .eh_frame      0x000000000008e998       0xc8 /usr/local/sh-elf.5.0.0/bin/../lib/gcc/sh-elf/5.0.0/m2e/libgcc.a(_umoddi3.o)
                                         0xdc (size before relaxing)

.gcc_except_table
 *(.gcc_except_table .gcc_except_table.*)

.exception_ranges
 *(.exception_ranges .exception_ranges*)
                0x000000000008eae0                . = (ALIGN (0x80) + (. & 0x7f))

.eh_frame
 *(.eh_frame)

.gcc_except_table
 *(.gcc_except_table .gcc_except_table.*)

.exception_ranges
 *(.exception_ranges .exception_ranges*)

.tdata
 *(.tdata .tdata.* .gnu.linkonce.td.*)

.tbss
 *(.tbss .tbss.* .gnu.linkonce.tb.*)
 *(.tcommon)

.preinit_array
 *(.preinit_array)

.init_array
 *(SORT(.init_array.*))
 *(.init_array)

.fini_array
 *(SORT(.fini_array.*))
 *(.fini_array)

.ctors          0x000000000008eae0        0x0
                0x000000000008eae0                ___ctors = .
 *crtbegin.o(.ctors)
 *crtbegin?.o(.ctors)
 *(EXCLUDE_FILE(*crtend?.o *crtend.o) .ctors)
 *(SORT(.ctors.*))
 *(.ctors)
                0x000000000008eae0                ___ctors_end = .

.dtors          0x000000000008eae0        0x0
                0x000000000008eae0                ___dtors = .
 *crtbegin.o(.dtors)
 *crtbegin?.o(.dtors)
 *(EXCLUDE_FILE(*crtend?.o *crtend.o) .dtors)
 *(SORT(.dtors.*))
 *(.dtors)
                0x000000000008eae0                ___dtors_end = .

.jcr
 *(.jcr)

.data.rel.ro
 *(.data.rel.ro.local* .gnu.linkonce.d.rel.ro.local.*)
 *(.data.rel.ro .data.rel.ro.* .gnu.linkonce.d.rel.ro.*)

.dynamic        0x000000000008eae0       0x80
 *(.dynamic)
 .dynamic       0x000000000008eae0       0x80 /usr/local/sh-elf.5.0.0/bin/../lib/gcc/sh-elf/5.0.0/m2e/crt1.o
                0x000000000008eae0                DYNAMIC

.data           0x000000000008eb60      0x4ac
 *(.data .data.* .gnu.linkonce.d.*)
 .data          0x000000000008eb60        0x0 /usr/local/sh-elf.5.0.0/bin/../lib/gcc/sh-elf/5.0.0/m2e/crt1.o
 .data          0x000000000008eb60        0x0 /usr/local/sh-elf.5.0.0/bin/../lib/gcc/sh-elf/5.0.0/m2e/crti.o
 .data          0x000000000008eb60        0x0 /usr/local/sh-elf.5.0.0/bin/../lib/gcc/sh-elf/5.0.0/m2e/crtbegin.o
 .data          0x000000000008eb60        0x0 ftc.o
 .data          0x000000000008eb60        0x0 /usr/local/sh-elf/lib/libfreetype.a(ftinit.o)
 .data          0x000000000008eb60        0x0 /usr/local/sh-elf/lib/libfreetype.a(ftbase.o)
 .data          0x000000000008eb60        0x0 /usr/local/sh-elf/lib/libfreetype.a(truetype.o)
 .data          0x000000000008eb60        0x0 /usr/local/sh-elf/lib/libfreetype.a(type1.o)
 .data          0x000000000008eb60        0x0 /usr/local/sh-elf/lib/libfreetype.a(cff.o)
 .data          0x000000000008eb60        0x0 /usr/local/sh-elf/lib/libfreetype.a(type1cid.o)
 .data          0x000000000008eb60        0x0 /usr/local/sh-elf/lib/libfreetype.a(pfr.o)
 .data          0x000000000008eb60        0x0 /usr/local/sh-elf/lib/libfreetype.a(type42.o)
 .data          0x000000000008eb60        0x0 /usr/local/sh-elf/lib/libfreetype.a(winfnt.o)
 .data          0x000000000008eb60        0x0 /usr/local/sh-elf/lib/libfreetype.a(pcf.o)
 .data          0x000000000008eb60        0x0 /usr/local/sh-elf/lib/libfreetype.a(bdf.o)
 .data          0x000000000008eb60        0x0 /usr/local/sh-elf/lib/libfreetype.a(sfnt.o)
 .data          0x000000000008eb60        0x0 /usr/local/sh-elf/lib/libfreetype.a(autofit.o)
 .data          0x000000000008eb60        0x0 /usr/local/sh-elf/lib/libfreetype.a(pshinter.o)
 .data          0x000000000008eb60        0x0 /usr/local/sh-elf/lib/libfreetype.a(raster.o)
 .data          0x000000000008eb60        0x0 /usr/local/sh-elf/lib/libfreetype.a(smooth.o)
 .data          0x000000000008eb60        0x0 /usr/local/sh-elf/lib/libfreetype.a(ftcache.o)
 .data          0x000000000008eb60        0x0 /usr/local/sh-elf/lib/libfreetype.a(ftgzip.o)
 .data          0x000000000008eb60        0x0 /usr/local/sh-elf/lib/libfreetype.a(ftlzw.o)
 .data          0x000000000008eb60        0x0 /usr/local/sh-elf/lib/libfreetype.a(psaux.o)
 .data          0x000000000008eb60        0x0 /usr/local/sh-elf/lib/libfreetype.a(psnames.o)
 .data          0x000000000008eb60        0x0 /usr/local/sh-elf/lib/libfreetype.a(ftsystem.o)
 .data          0x000000000008eb60        0x0 /usr/local/sh-elf/lib/libfreetype.a(ftbitmap.o)
 .data          0x000000000008eb60        0x0 /usr/local/sh-elf/lib/libfreetype.a(ftglyph.o)
 .data          0x000000000008eb60        0x0 /usr/local/sh-elf.5.0.0/bin/../lib/gcc/sh-elf/5.0.0/m2e/libgcc.a(_ashiftrt.o)
 .data          0x000000000008eb60        0x0 /usr/local/sh-elf.5.0.0/bin/../lib/gcc/sh-elf/5.0.0/m2e/libgcc.a(_ashiftrt_n.o)
 .data          0x000000000008eb60        0x0 /usr/local/sh-elf.5.0.0/bin/../lib/gcc/sh-elf/5.0.0/m2e/libgcc.a(_ashiftlt.o)
 .data          0x000000000008eb60        0x0 /usr/local/sh-elf.5.0.0/bin/../lib/gcc/sh-elf/5.0.0/m2e/libgcc.a(_lshiftrt.o)
 .data          0x000000000008eb60        0x0 /usr/local/sh-elf.5.0.0/bin/../lib/gcc/sh-elf/5.0.0/m2e/libgcc.a(_movmem.o)
 .data          0x000000000008eb60        0x0 /usr/local/sh-elf.5.0.0/bin/../lib/gcc/sh-elf/5.0.0/m2e/libgcc.a(_sdivsi3.o)
 .data          0x000000000008eb60        0x0 /usr/local/sh-elf.5.0.0/bin/../lib/gcc/sh-elf/5.0.0/m2e/libgcc.a(_udivsi3.o)
 .data          0x000000000008eb60        0x0 /usr/local/sh-elf.5.0.0/bin/../lib/gcc/sh-elf/5.0.0/../../../../sh-elf/lib/m2e/libc.a(bft.o)
 .data          0x000000000008eb60        0x0 /usr/local/sh-elf.5.0.0/bin/../lib/gcc/sh-elf/5.0.0/../../../../sh-elf/lib/m2e/libc.a(client.o)
 .data          0x000000000008eb60        0x0 /usr/local/sh-elf.5.0.0/bin/../lib/gcc/sh-elf/5.0.0/../../../../sh-elf/lib/m2e/libc.a(lib_a-atol.o)
 .data          0x000000000008eb60        0x0 /usr/local/sh-elf.5.0.0/bin/../lib/gcc/sh-elf/5.0.0/../../../../sh-elf/lib/m2e/libc.a(lib_a-exit.o)
 .data          0x000000000008eb60        0x0 /usr/local/sh-elf.5.0.0/bin/../lib/gcc/sh-elf/5.0.0/../../../../sh-elf/lib/m2e/libc.a(lib_a-fclose.o)
 .data          0x000000000008eb60        0x0 /usr/local/sh-elf.5.0.0/bin/../lib/gcc/sh-elf/5.0.0/../../../../sh-elf/lib/m2e/libc.a(lib_a-fflush.o)
 .data          0x000000000008eb60        0x0 /usr/local/sh-elf.5.0.0/bin/../lib/gcc/sh-elf/5.0.0/../../../../sh-elf/lib/m2e/libc.a(lib_a-findfp.o)
 .data          0x000000000008eb60        0x0 /usr/local/sh-elf.5.0.0/bin/../lib/gcc/sh-elf/5.0.0/../../../../sh-elf/lib/m2e/libc.a(lib_a-fopen.o)
 .data          0x000000000008eb60        0x0 /usr/local/sh-elf.5.0.0/bin/../lib/gcc/sh-elf/5.0.0/../../../../sh-elf/lib/m2e/libc.a(lib_a-fread.o)
 .data          0x000000000008eb60        0x0 /usr/local/sh-elf.5.0.0/bin/../lib/gcc/sh-elf/5.0.0/../../../../sh-elf/lib/m2e/libc.a(lib_a-fseek.o)
 .data          0x000000000008eb60        0x0 /usr/local/sh-elf.5.0.0/bin/../lib/gcc/sh-elf/5.0.0/../../../../sh-elf/lib/m2e/libc.a(lib_a-fseeko.o)
 .data          0x000000000008eb60        0x0 /usr/local/sh-elf.5.0.0/bin/../lib/gcc/sh-elf/5.0.0/../../../../sh-elf/lib/m2e/libc.a(lib_a-ftell.o)
 .data          0x000000000008eb60        0x0 /usr/local/sh-elf.5.0.0/bin/../lib/gcc/sh-elf/5.0.0/../../../../sh-elf/lib/m2e/libc.a(lib_a-ftello.o)
 .data          0x000000000008eb60        0x0 /usr/local/sh-elf.5.0.0/bin/../lib/gcc/sh-elf/5.0.0/../../../../sh-elf/lib/m2e/libc.a(lib_a-fwalk.o)
 .data          0x000000000008eb60      0x428 /usr/local/sh-elf.5.0.0/bin/../lib/gcc/sh-elf/5.0.0/../../../../sh-elf/lib/m2e/libc.a(lib_a-impure.o)
                0x000000000008eb60                _impure_ptr
 .data          0x000000000008ef88        0x0 /usr/local/sh-elf.5.0.0/bin/../lib/gcc/sh-elf/5.0.0/../../../../sh-elf/lib/m2e/libc.a(lib_a-makebuf.o)
 .data          0x000000000008ef88        0x0 /usr/local/sh-elf.5.0.0/bin/../lib/gcc/sh-elf/5.0.0/../../../../sh-elf/lib/m2e/libc.a(lib_a-memchr.o)
 .data          0x000000000008ef88        0x0 /usr/local/sh-elf.5.0.0/bin/../lib/gcc/sh-elf/5.0.0/../../../../sh-elf/lib/m2e/libc.a(lib_a-memcmp.o)
 .data          0x000000000008ef88        0x0 /usr/local/sh-elf.5.0.0/bin/../lib/gcc/sh-elf/5.0.0/../../../../sh-elf/lib/m2e/libc.a(lib_a-memcpy.o)
 .data          0x000000000008ef88        0x0 /usr/local/sh-elf.5.0.0/bin/../lib/gcc/sh-elf/5.0.0/../../../../sh-elf/lib/m2e/libc.a(lib_a-memmove.o)
 .data          0x000000000008ef88        0x0 /usr/local/sh-elf.5.0.0/bin/../lib/gcc/sh-elf/5.0.0/../../../../sh-elf/lib/m2e/libc.a(lib_a-memset.o)
 .data          0x000000000008ef88        0x0 /usr/local/sh-elf.5.0.0/bin/../lib/gcc/sh-elf/5.0.0/../../../../sh-elf/lib/m2e/libc.a(lib_a-puts.o)
 .data          0x000000000008ef88        0x0 /usr/local/sh-elf.5.0.0/bin/../lib/gcc/sh-elf/5.0.0/../../../../sh-elf/lib/m2e/libc.a(lib_a-qsort.o)
 .data          0x000000000008ef88        0x0 /usr/local/sh-elf.5.0.0/bin/../lib/gcc/sh-elf/5.0.0/../../../../sh-elf/lib/m2e/libc.a(lib_a-refill.o)
 .data          0x000000000008ef88        0x0 /usr/local/sh-elf.5.0.0/bin/../lib/gcc/sh-elf/5.0.0/../../../../sh-elf/lib/m2e/libc.a(lib_a-setjmp.o)
 .data          0x000000000008ef88        0x0 /usr/local/sh-elf.5.0.0/bin/../lib/gcc/sh-elf/5.0.0/../../../../sh-elf/lib/m2e/libc.a(lib_a-sprintf.o)
 .data          0x000000000008ef88        0x0 /usr/local/sh-elf.5.0.0/bin/../lib/gcc/sh-elf/5.0.0/../../../../sh-elf/lib/m2e/libc.a(lib_a-stdio.o)
 .data          0x000000000008ef88        0x0 /usr/local/sh-elf.5.0.0/bin/../lib/gcc/sh-elf/5.0.0/../../../../sh-elf/lib/m2e/libc.a(lib_a-strcmp.o)
 .data          0x000000000008ef88        0x0 /usr/local/sh-elf.5.0.0/bin/../lib/gcc/sh-elf/5.0.0/../../../../sh-elf/lib/m2e/libc.a(lib_a-strcpy.o)
 .data          0x000000000008ef88        0x0 /usr/local/sh-elf.5.0.0/bin/../lib/gcc/sh-elf/5.0.0/../../../../sh-elf/lib/m2e/libc.a(lib_a-strlen.o)
 .data          0x000000000008ef88        0x0 /usr/local/sh-elf.5.0.0/bin/../lib/gcc/sh-elf/5.0.0/../../../../sh-elf/lib/m2e/libc.a(lib_a-strncmp.o)
 .data          0x000000000008ef88        0x0 /usr/local/sh-elf.5.0.0/bin/../lib/gcc/sh-elf/5.0.0/../../../../sh-elf/lib/m2e/libc.a(lib_a-strncpy.o)
 .data          0x000000000008ef88        0x0 /usr/local/sh-elf.5.0.0/bin/../lib/gcc/sh-elf/5.0.0/../../../../sh-elf/lib/m2e/libc.a(lib_a-strrchr.o)
 .data          0x000000000008ef88        0x0 /usr/local/sh-elf.5.0.0/bin/../lib/gcc/sh-elf/5.0.0/../../../../sh-elf/lib/m2e/libc.a(lib_a-strstr.o)
 .data          0x000000000008ef88        0x0 /usr/local/sh-elf.5.0.0/bin/../lib/gcc/sh-elf/5.0.0/../../../../sh-elf/lib/m2e/libc.a(lib_a-strtol.o)
 .data          0x000000000008ef88        0x0 /usr/local/sh-elf.5.0.0/bin/../lib/gcc/sh-elf/5.0.0/../../../../sh-elf/lib/m2e/libc.a(lib_a-svfprintf.o)
 .data          0x000000000008ef88        0x0 /usr/local/sh-elf.5.0.0/bin/../lib/gcc/sh-elf/5.0.0/../../../../sh-elf/lib/m2e/libc.a(lib_a-sysclose.o)
 .data          0x000000000008ef88        0x0 /usr/local/sh-elf.5.0.0/bin/../lib/gcc/sh-elf/5.0.0/../../../../sh-elf/lib/m2e/libc.a(lib_a-trap.o)
 .data          0x000000000008ef88        0x0 /usr/local/sh-elf.5.0.0/bin/../lib/gcc/sh-elf/5.0.0/../../../../sh-elf/lib/m2e/libc.a(syscalls.o)
 .data          0x000000000008ef88        0x0 /usr/local/sh-elf.5.0.0/bin/../lib/gcc/sh-elf/5.0.0/../../../../sh-elf/lib/m2e/libc.a(newlib_malloc.o)
 .data          0x000000000008ef88        0x0 /usr/local/sh-elf.5.0.0/bin/../lib/gcc/sh-elf/5.0.0/../../../../sh-elf/lib/m2e/libc.a(panic.o)
 .data          0x000000000008ef88        0x0 /usr/local/sh-elf.5.0.0/bin/../lib/gcc/sh-elf/5.0.0/../../../../sh-elf/lib/m2e/libc.a(lib_a-__call_atexit.o)
 .data          0x000000000008ef88        0x4 /usr/local/sh-elf.5.0.0/bin/../lib/gcc/sh-elf/5.0.0/../../../../sh-elf/lib/m2e/libc.a(lib_a-ctype_.o)
                0x000000000008ef88                __ctype_ptr__
 .data          0x000000000008ef8c        0x0 /usr/local/sh-elf.5.0.0/bin/../lib/gcc/sh-elf/5.0.0/../../../../sh-elf/lib/m2e/libc.a(lib_a-dtoa.o)
 .data          0x000000000008ef8c        0x0 /usr/local/sh-elf.5.0.0/bin/../lib/gcc/sh-elf/5.0.0/../../../../sh-elf/lib/m2e/libc.a(lib_a-flags.o)
 .data          0x000000000008ef8c        0x0 /usr/local/sh-elf.5.0.0/bin/../lib/gcc/sh-elf/5.0.0/../../../../sh-elf/lib/m2e/libc.a(lib_a-fvwrite.o)
 .data          0x000000000008ef8c       0x7c /usr/local/sh-elf.5.0.0/bin/../lib/gcc/sh-elf/5.0.0/../../../../sh-elf/lib/m2e/libc.a(lib_a-locale.o)
                0x000000000008f004                __mb_cur_max
 .data          0x000000000008f008        0x0 /usr/local/sh-elf.5.0.0/bin/../lib/gcc/sh-elf/5.0.0/../../../../sh-elf/lib/m2e/libc.a(lib_a-mprec.o)
 .data          0x000000000008f008        0x0 /usr/local/sh-elf.5.0.0/bin/../lib/gcc/sh-elf/5.0.0/../../../../sh-elf/lib/m2e/libc.a(lib_a-printf.o)
 .data          0x000000000008f008        0x0 /usr/local/sh-elf.5.0.0/bin/../lib/gcc/sh-elf/5.0.0/../../../../sh-elf/lib/m2e/libc.a(lib_a-sf_fpclassify.o)
 .data          0x000000000008f008        0x0 /usr/local/sh-elf.5.0.0/bin/../lib/gcc/sh-elf/5.0.0/../../../../sh-elf/lib/m2e/libc.a(lib_a-strcat.o)
 .data          0x000000000008f008        0x0 /usr/local/sh-elf.5.0.0/bin/../lib/gcc/sh-elf/5.0.0/../../../../sh-elf/lib/m2e/libc.a(lib_a-strchr.o)
 .data          0x000000000008f008        0x0 /usr/local/sh-elf.5.0.0/bin/../lib/gcc/sh-elf/5.0.0/../../../../sh-elf/lib/m2e/libc.a(lib_a-svfiprintf.o)
 .data          0x000000000008f008        0x0 /usr/local/sh-elf.5.0.0/bin/../lib/gcc/sh-elf/5.0.0/../../../../sh-elf/lib/m2e/libc.a(lib_a-sysopen.o)
 .data          0x000000000008f008        0x0 /usr/local/sh-elf.5.0.0/bin/../lib/gcc/sh-elf/5.0.0/../../../../sh-elf/lib/m2e/libc.a(lib_a-vfprintf.o)
 .data          0x000000000008f008        0x0 /usr/local/sh-elf.5.0.0/bin/../lib/gcc/sh-elf/5.0.0/../../../../sh-elf/lib/m2e/libc.a(lib_a-wsetup.o)
 .data          0x000000000008f008        0x0 /usr/local/sh-elf.5.0.0/bin/../lib/gcc/sh-elf/5.0.0/../../../../sh-elf/lib/m2e/libc.a(kernel_client_asm.o)
 .data          0x000000000008f008        0x0 /usr/local/sh-elf.5.0.0/bin/../lib/gcc/sh-elf/5.0.0/../../../../sh-elf/lib/m2e/libc.a(lib_a-__atexit.o)
 .data          0x000000000008f008        0x0 /usr/local/sh-elf.5.0.0/bin/../lib/gcc/sh-elf/5.0.0/../../../../sh-elf/lib/m2e/libc.a(lib_a-vfiprintf.o)
 .data          0x000000000008f008        0x0 /usr/local/sh-elf.5.0.0/bin/../lib/gcc/sh-elf/5.0.0/../../../../sh-elf/lib/m2e/libc.a(lib_a-fputwc.o)
 .data          0x000000000008f008        0x0 /usr/local/sh-elf.5.0.0/bin/../lib/gcc/sh-elf/5.0.0/../../../../sh-elf/lib/m2e/libc.a(lib_a-wbuf.o)
 .data          0x000000000008f008        0x0 /usr/local/sh-elf.5.0.0/bin/../lib/gcc/sh-elf/5.0.0/../../../../sh-elf/lib/m2e/libc.a(lib_a-wcrtomb.o)
 .data          0x000000000008f008        0x4 /usr/local/sh-elf.5.0.0/bin/../lib/gcc/sh-elf/5.0.0/../../../../sh-elf/lib/m2e/libc.a(lib_a-wctomb_r.o)
                0x000000000008f008                __wctomb
 .data          0x000000000008f00c        0x0 /usr/local/sh-elf.5.0.0/bin/../lib/gcc/sh-elf/5.0.0/m2e/libgcc.a(_udivdi3.o)
 .data          0x000000000008f00c        0x0 /usr/local/sh-elf.5.0.0/bin/../lib/gcc/sh-elf/5.0.0/m2e/libgcc.a(_umoddi3.o)
 .data          0x000000000008f00c        0x0 /usr/local/sh-elf.5.0.0/bin/../lib/gcc/sh-elf/5.0.0/m2e/libgcc.a(_df_to_sf.o)
 .data          0x000000000008f00c        0x0 /usr/local/sh-elf.5.0.0/bin/../lib/gcc/sh-elf/5.0.0/m2e/libgcc.a(_udiv_qrnnd_16.o)
 .data          0x000000000008f00c        0x0 /usr/local/sh-elf.5.0.0/bin/../lib/gcc/sh-elf/5.0.0/m2e/libgcc.a(_clz.o)
 .data          0x000000000008f00c        0x0 /usr/local/sh-elf.5.0.0/bin/../lib/gcc/sh-elf/5.0.0/m2e/libgcc.a(_make_sf.o)
 .data          0x000000000008f00c        0x0 /usr/local/sh-elf.5.0.0/bin/../lib/gcc/sh-elf/5.0.0/m2e/libgcc.a(_unpack_df.o)
 .data          0x000000000008f00c        0x0 /usr/local/sh-elf.5.0.0/bin/../lib/gcc/sh-elf/5.0.0/m2e/libgcc.a(_pack_sf.o)
 .data          0x000000000008f00c        0x0 /usr/local/sh-elf.5.0.0/bin/../lib/gcc/sh-elf/5.0.0/m2e/crtend.o
 .data          0x000000000008f00c        0x0 /usr/local/sh-elf.5.0.0/bin/../lib/gcc/sh-elf/5.0.0/m2e/crtn.o

.got.funcdesc   0x000000000008f00c        0x0
 .got.funcdesc  0x000000000008f00c        0x0 /usr/local/sh-elf.5.0.0/bin/../lib/gcc/sh-elf/5.0.0/m2e/crt1.o

.data1
 *(.data1)

.got            0x000000000008f00c        0xc
 *(.got.plt)
 .got.plt       0x000000000008f00c        0xc /usr/local/sh-elf.5.0.0/bin/../lib/gcc/sh-elf/5.0.0/m2e/crt1.o
                0x000000000008f00c                GLOBAL_OFFSET_TABLE_
 *(.igot.plt)
 *(.got)
 .got           0x000000000008f018        0x0 /usr/local/sh-elf.5.0.0/bin/../lib/gcc/sh-elf/5.0.0/m2e/crt1.o
 *(.igot)

.sdata
 *(.sdata2 .sdata2.* .gnu.linkonce.s2.*)
 *(.sdata .sdata.* .gnu.linkonce.s.*)
                0x000000000008f018                _edata = .
                [!provide]                        PROVIDE (edata, .)
                0x000000000008f018                . = .
                0x000000000008f018                __bss_start = .

.sbss
 *(.sbss2 .sbss2.* .gnu.linkonce.sb2.*)
 *(.dynsbss)
 *(.sbss .sbss.* .gnu.linkonce.sb.*)
 *(.scommon)

.bss            0x000000000008f018      0x128
 *(.dynbss)
 .dynbss        0x000000000008f018        0x0 /usr/local/sh-elf.5.0.0/bin/../lib/gcc/sh-elf/5.0.0/m2e/crt1.o
 *(.bss .bss.* .gnu.linkonce.b.*)
 .bss           0x000000000008f018        0x8 /usr/local/sh-elf.5.0.0/bin/../lib/gcc/sh-elf/5.0.0/m2e/crt1.o
                0x000000000008f018                __dso_handle
 .bss           0x000000000008f020        0x0 /usr/local/sh-elf.5.0.0/bin/../lib/gcc/sh-elf/5.0.0/m2e/crti.o
 .bss           0x000000000008f020        0x0 /usr/local/sh-elf.5.0.0/bin/../lib/gcc/sh-elf/5.0.0/m2e/crtbegin.o
 .bss           0x000000000008f020        0x0 ftc.o
 .bss           0x000000000008f020        0x0 /usr/local/sh-elf/lib/libfreetype.a(ftinit.o)
 .bss           0x000000000008f020        0x0 /usr/local/sh-elf/lib/libfreetype.a(ftbase.o)
 .bss           0x000000000008f020        0x0 /usr/local/sh-elf/lib/libfreetype.a(truetype.o)
 .bss           0x000000000008f020        0x0 /usr/local/sh-elf/lib/libfreetype.a(type1.o)
 .bss           0x000000000008f020        0x0 /usr/local/sh-elf/lib/libfreetype.a(cff.o)
 .bss           0x000000000008f020        0x0 /usr/local/sh-elf/lib/libfreetype.a(type1cid.o)
 .bss           0x000000000008f020        0x0 /usr/local/sh-elf/lib/libfreetype.a(pfr.o)
 .bss           0x000000000008f020        0x0 /usr/local/sh-elf/lib/libfreetype.a(type42.o)
 .bss           0x000000000008f020        0x0 /usr/local/sh-elf/lib/libfreetype.a(winfnt.o)
 .bss           0x000000000008f020        0x0 /usr/local/sh-elf/lib/libfreetype.a(pcf.o)
 .bss           0x000000000008f020        0x0 /usr/local/sh-elf/lib/libfreetype.a(bdf.o)
 .bss           0x000000000008f020        0x0 /usr/local/sh-elf/lib/libfreetype.a(sfnt.o)
 .bss           0x000000000008f020        0x0 /usr/local/sh-elf/lib/libfreetype.a(autofit.o)
 .bss           0x000000000008f020        0x0 /usr/local/sh-elf/lib/libfreetype.a(pshinter.o)
 .bss           0x000000000008f020        0x0 /usr/local/sh-elf/lib/libfreetype.a(raster.o)
 .bss           0x000000000008f020        0x0 /usr/local/sh-elf/lib/libfreetype.a(smooth.o)
 .bss           0x000000000008f020        0x0 /usr/local/sh-elf/lib/libfreetype.a(ftcache.o)
 .bss           0x000000000008f020        0x0 /usr/local/sh-elf/lib/libfreetype.a(ftgzip.o)
 .bss           0x000000000008f020        0x0 /usr/local/sh-elf/lib/libfreetype.a(ftlzw.o)
 .bss           0x000000000008f020        0x0 /usr/local/sh-elf/lib/libfreetype.a(psaux.o)
 .bss           0x000000000008f020        0x0 /usr/local/sh-elf/lib/libfreetype.a(psnames.o)
 .bss           0x000000000008f020        0x0 /usr/local/sh-elf/lib/libfreetype.a(ftsystem.o)
 .bss           0x000000000008f020        0x0 /usr/local/sh-elf/lib/libfreetype.a(ftbitmap.o)
 .bss           0x000000000008f020        0x0 /usr/local/sh-elf/lib/libfreetype.a(ftglyph.o)
 .bss           0x000000000008f020        0x0 /usr/local/sh-elf.5.0.0/bin/../lib/gcc/sh-elf/5.0.0/m2e/libgcc.a(_ashiftrt.o)
 .bss           0x000000000008f020        0x0 /usr/local/sh-elf.5.0.0/bin/../lib/gcc/sh-elf/5.0.0/m2e/libgcc.a(_ashiftrt_n.o)
 .bss           0x000000000008f020        0x0 /usr/local/sh-elf.5.0.0/bin/../lib/gcc/sh-elf/5.0.0/m2e/libgcc.a(_ashiftlt.o)
 .bss           0x000000000008f020        0x0 /usr/local/sh-elf.5.0.0/bin/../lib/gcc/sh-elf/5.0.0/m2e/libgcc.a(_lshiftrt.o)
 .bss           0x000000000008f020        0x0 /usr/local/sh-elf.5.0.0/bin/../lib/gcc/sh-elf/5.0.0/m2e/libgcc.a(_movmem.o)
 .bss           0x000000000008f020        0x0 /usr/local/sh-elf.5.0.0/bin/../lib/gcc/sh-elf/5.0.0/m2e/libgcc.a(_sdivsi3.o)
 .bss           0x000000000008f020        0x0 /usr/local/sh-elf.5.0.0/bin/../lib/gcc/sh-elf/5.0.0/m2e/libgcc.a(_udivsi3.o)
 .bss           0x000000000008f020        0x4 /usr/local/sh-elf.5.0.0/bin/../lib/gcc/sh-elf/5.0.0/../../../../sh-elf/lib/m2e/libc.a(bft.o)
                0x000000000008f020                _bft
 .bss           0x000000000008f024        0x0 /usr/local/sh-elf.5.0.0/bin/../lib/gcc/sh-elf/5.0.0/../../../../sh-elf/lib/m2e/libc.a(client.o)
 .bss           0x000000000008f024        0x0 /usr/local/sh-elf.5.0.0/bin/../lib/gcc/sh-elf/5.0.0/../../../../sh-elf/lib/m2e/libc.a(lib_a-atol.o)
 .bss           0x000000000008f024        0x0 /usr/local/sh-elf.5.0.0/bin/../lib/gcc/sh-elf/5.0.0/../../../../sh-elf/lib/m2e/libc.a(lib_a-exit.o)
 .bss           0x000000000008f024        0x0 /usr/local/sh-elf.5.0.0/bin/../lib/gcc/sh-elf/5.0.0/../../../../sh-elf/lib/m2e/libc.a(lib_a-fclose.o)
 .bss           0x000000000008f024        0x0 /usr/local/sh-elf.5.0.0/bin/../lib/gcc/sh-elf/5.0.0/../../../../sh-elf/lib/m2e/libc.a(lib_a-fflush.o)
 .bss           0x000000000008f024        0x8 /usr/local/sh-elf.5.0.0/bin/../lib/gcc/sh-elf/5.0.0/../../../../sh-elf/lib/m2e/libc.a(lib_a-findfp.o)
 .bss           0x000000000008f02c        0x0 /usr/local/sh-elf.5.0.0/bin/../lib/gcc/sh-elf/5.0.0/../../../../sh-elf/lib/m2e/libc.a(lib_a-fopen.o)
 .bss           0x000000000008f02c        0x0 /usr/local/sh-elf.5.0.0/bin/../lib/gcc/sh-elf/5.0.0/../../../../sh-elf/lib/m2e/libc.a(lib_a-fread.o)
 .bss           0x000000000008f02c        0x0 /usr/local/sh-elf.5.0.0/bin/../lib/gcc/sh-elf/5.0.0/../../../../sh-elf/lib/m2e/libc.a(lib_a-fseek.o)
 .bss           0x000000000008f02c        0x0 /usr/local/sh-elf.5.0.0/bin/../lib/gcc/sh-elf/5.0.0/../../../../sh-elf/lib/m2e/libc.a(lib_a-fseeko.o)
 .bss           0x000000000008f02c        0x0 /usr/local/sh-elf.5.0.0/bin/../lib/gcc/sh-elf/5.0.0/../../../../sh-elf/lib/m2e/libc.a(lib_a-ftell.o)
 .bss           0x000000000008f02c        0x0 /usr/local/sh-elf.5.0.0/bin/../lib/gcc/sh-elf/5.0.0/../../../../sh-elf/lib/m2e/libc.a(lib_a-ftello.o)
 .bss           0x000000000008f02c        0x0 /usr/local/sh-elf.5.0.0/bin/../lib/gcc/sh-elf/5.0.0/../../../../sh-elf/lib/m2e/libc.a(lib_a-fwalk.o)
 .bss           0x000000000008f02c        0x0 /usr/local/sh-elf.5.0.0/bin/../lib/gcc/sh-elf/5.0.0/../../../../sh-elf/lib/m2e/libc.a(lib_a-impure.o)
 .bss           0x000000000008f02c        0x0 /usr/local/sh-elf.5.0.0/bin/../lib/gcc/sh-elf/5.0.0/../../../../sh-elf/lib/m2e/libc.a(lib_a-makebuf.o)