Archive member included to satisfy reference by file (symbol)

/usr/local/sh-elf/lib/libreadline.a(readline.o)
                              bsh.o (rl_terminal_name)
/usr/local/sh-elf/lib/libreadline.a(vi_mode.o)
                              /usr/local/sh-elf/lib/libreadline.a(readline.o) (_rl_vi_initialize_line)
/usr/local/sh-elf/lib/libreadline.a(funmap.o)
                              /usr/local/sh-elf/lib/libreadline.a(readline.o) (rl_initialize_funmap)
/usr/local/sh-elf/lib/libreadline.a(keymaps.o)
                              /usr/local/sh-elf/lib/libreadline.a(vi_mode.o) (rl_make_bare_keymap)
/usr/local/sh-elf/lib/libreadline.a(search.o)
                              /usr/local/sh-elf/lib/libreadline.a(funmap.o) (rl_history_substr_search_forward)
/usr/local/sh-elf/lib/libreadline.a(rltty.o)
                              /usr/local/sh-elf/lib/libreadline.a(readline.o) (rl_tty_set_default_bindings)
/usr/local/sh-elf/lib/libreadline.a(complete.o)
                              /usr/local/sh-elf/lib/libreadline.a(readline.o) (_rl_colored_stats)
/usr/local/sh-elf/lib/libreadline.a(bind.o)
                              /usr/local/sh-elf/lib/libreadline.a(readline.o) (rl_bind_keyseq_in_map)
/usr/local/sh-elf/lib/libreadline.a(isearch.o)
                              /usr/local/sh-elf/lib/libreadline.a(search.o) (_rl_scxt_alloc)
/usr/local/sh-elf/lib/libreadline.a(display.o)
                              /usr/local/sh-elf/lib/libreadline.a(readline.o) (_rl_strip_prompt)
/usr/local/sh-elf/lib/libreadline.a(signals.o)
                              /usr/local/sh-elf/lib/libreadline.a(readline.o) (_rl_caught_signal)
/usr/local/sh-elf/lib/libreadline.a(util.o)
                              /usr/local/sh-elf/lib/libreadline.a(isearch.o) (rl_alphabetic)
/usr/local/sh-elf/lib/libreadline.a(kill.o)
                              /usr/local/sh-elf/lib/libreadline.a(vi_mode.o) (rl_yank)
/usr/local/sh-elf/lib/libreadline.a(undo.o)
                              /usr/local/sh-elf/lib/libreadline.a(readline.o) (rl_undo_list)
/usr/local/sh-elf/lib/libreadline.a(macro.o)
                              /usr/local/sh-elf/lib/libreadline.a(readline.o) (_rl_prev_macro_key)
/usr/local/sh-elf/lib/libreadline.a(input.o)
                              /usr/local/sh-elf/lib/libreadline.a(signals.o) (rl_signal_event_hook)
/usr/local/sh-elf/lib/libreadline.a(callback.o)
                              /usr/local/sh-elf/lib/libreadline.a(vi_mode.o) (_rl_callback_func)
/usr/local/sh-elf/lib/libreadline.a(terminal.o)
                              /usr/local/sh-elf/lib/libreadline.a(display.o) (_rl_output_character_function)
/usr/local/sh-elf/lib/libreadline.a(text.o)
                              /usr/local/sh-elf/lib/libreadline.a(vi_mode.o) (rl_insert_text)
/usr/local/sh-elf/lib/libreadline.a(nls.o)
                              /usr/local/sh-elf/lib/libreadline.a(readline.o) (_rl_init_eightbit)
/usr/local/sh-elf/lib/libreadline.a(misc.o)
                              /usr/local/sh-elf/lib/libreadline.a(bind.o) (_rl_history_preserve_point)
/usr/local/sh-elf/lib/libreadline.a(history.o)
                              /usr/local/sh-elf/lib/libreadline.a(misc.o) (history_offset)
/usr/local/sh-elf/lib/libreadline.a(histexpand.o)
                              /usr/local/sh-elf/lib/libreadline.a(history.o) (history_comment_char)
/usr/local/sh-elf/lib/libreadline.a(histfile.o)
                              bsh.o (read_history)
/usr/local/sh-elf/lib/libreadline.a(histsearch.o)
                              /usr/local/sh-elf/lib/libreadline.a(search.o) (history_search)
/usr/local/sh-elf/lib/libreadline.a(shell.o)
                              /usr/local/sh-elf/lib/libreadline.a(histexpand.o) (sh_single_quote)
/usr/local/sh-elf/lib/libreadline.a(mbutil.o)
                              /usr/local/sh-elf/lib/libreadline.a(nls.o) (_rl_utf8locale)
/usr/local/sh-elf/lib/libreadline.a(tilde.o)
                              /usr/local/sh-elf/lib/libreadline.a(complete.o) (tilde_expand)
/usr/local/sh-elf/lib/libreadline.a(colors.o)
                              /usr/local/sh-elf/lib/libreadline.a(complete.o) (_rl_put_indicator)
/usr/local/sh-elf/lib/libreadline.a(parse-colors.o)
                              /usr/local/sh-elf/lib/libreadline.a(readline.o) (_rl_parse_colors)
/usr/local/sh-elf/lib/libreadline.a(xmalloc.o)
                              /usr/local/sh-elf/lib/libreadline.a(readline.o) (xmalloc)
/usr/local/sh-elf/lib/libreadline.a(xfree.o)
                              /usr/local/sh-elf/lib/libreadline.a(readline.o) (xfree)
/usr/local/sh-elf/lib/libreadline.a(parens.o)
                              /usr/local/sh-elf/lib/libreadline.a(bind.o) (rl_blink_matching_paren)
/usr/local/sh-elf/lib/gcc/sh-elf/5.1.0/m2e/libgcc.a(_ashiftlt.o)
                              /usr/local/sh-elf/lib/libreadline.a(input.o) (__ashlsi3_r0)
/usr/local/sh-elf/lib/gcc/sh-elf/5.1.0/m2e/libgcc.a(_movmem.o)
[...]
Memory Configuration

Name             Origin             Length             Attributes
*default*        0x0000000000000000 0xffffffffffffffff

Linker script and memory map

LOAD /usr/local/sh-elf/lib/gcc/sh-elf/5.1.0/m2e/crt1.o
LOAD /usr/local/sh-elf/lib/gcc/sh-elf/5.1.0/m2e/crti.o
LOAD /usr/local/sh-elf/lib/gcc/sh-elf/5.1.0/m2e/crtbegin.o
LOAD bsh.o
LOAD /usr/local/sh-elf/lib/libreadline.a
LOAD /usr/local/sh-elf/lib/gcc/sh-elf/5.1.0/m2e/libgcc.a
LOAD /usr/local/sh-elf/lib/gcc/sh-elf/5.1.0/m2e/libgcc-Os-4-200.a
LOAD /usr/local/sh-elf/lib/gcc/sh-elf/5.1.0/../../../../sh-elf/lib/m2e/libc.a
LOAD /usr/local/sh-elf/lib/gcc/sh-elf/5.1.0/m2e/libgcc.a
LOAD /usr/local/sh-elf/lib/gcc/sh-elf/5.1.0/m2e/libgcc-Os-4-200.a
LOAD /usr/local/sh-elf/lib/gcc/sh-elf/5.1.0/m2e/crtend.o
LOAD /usr/local/sh-elf/lib/gcc/sh-elf/5.1.0/m2e/crtn.o
                0x00000000000000d4                . = (0x0 + SIZEOF_HEADERS)

.note.gnu.build-id
 *(.note.gnu.build-id)

.hash           0x00000000000000d4       0x34
 *(.hash)
 .hash          0x00000000000000d4       0x34 /usr/local/sh-elf/lib/gcc/sh-elf/5.1.0/m2e/crt1.o

.gnu.hash
 *(.gnu.hash)

.dynsym         0x0000000000000108       0x80
 *(.dynsym)
 .dynsym        0x0000000000000108       0x80 /usr/local/sh-elf/lib/gcc/sh-elf/5.1.0/m2e/crt1.o

.dynstr         0x0000000000000188       0x40
 *(.dynstr)
 .dynstr        0x0000000000000188       0x40 /usr/local/sh-elf/lib/gcc/sh-elf/5.1.0/m2e/crt1.o

.gnu.version    0x00000000000001c8        0x0
 *(.gnu.version)
 .gnu.version   0x00000000000001c8        0x0 /usr/local/sh-elf/lib/gcc/sh-elf/5.1.0/m2e/crt1.o

.gnu.version_d  0x00000000000001c8        0x0
 *(.gnu.version_d)
 .gnu.version_d
                0x00000000000001c8        0x0 /usr/local/sh-elf/lib/gcc/sh-elf/5.1.0/m2e/crt1.o

.gnu.version_r  0x00000000000001c8        0x0
 *(.gnu.version_r)
 .gnu.version_r
                0x00000000000001c8        0x0 /usr/local/sh-elf/lib/gcc/sh-elf/5.1.0/m2e/crt1.o

.rela.dyn       0x00000000000001c8    0x131d0
 *(.rela.init)
 *(.rela.text .rela.text.* .rela.gnu.linkonce.t.*)
 .rela.text     0x00000000000001c8     0xf108 /usr/local/sh-elf/lib/gcc/sh-elf/5.1.0/m2e/crt1.o
 .rela.text.unlikely
                0x000000000000f2d0       0x30 /usr/local/sh-elf/lib/gcc/sh-elf/5.1.0/m2e/crt1.o
 *(.rela.fini)
 *(.rela.rodata .rela.rodata.* .rela.gnu.linkonce.r.*)
 .rela.rodata   0x000000000000f300     0x1d28 /usr/local/sh-elf/lib/gcc/sh-elf/5.1.0/m2e/crt1.o
 *(.rela.data .rela.data.* .rela.gnu.linkonce.d.*)
 .rela.data     0x0000000000011028     0x2370 /usr/local/sh-elf/lib/gcc/sh-elf/5.1.0/m2e/crt1.o
 *(.rela.tdata .rela.tdata.* .rela.gnu.linkonce.td.*)
 *(.rela.tbss .rela.tbss.* .rela.gnu.linkonce.tb.*)
 *(.rela.ctors)
 *(.rela.dtors)
 *(.rela.got)
 .rela.got      0x0000000000013398        0x0 /usr/local/sh-elf/lib/gcc/sh-elf/5.1.0/m2e/crt1.o
 *(.rela.sdata .rela.sdata.* .rela.gnu.linkonce.s.*)
 *(.rela.sbss .rela.sbss.* .rela.gnu.linkonce.sb.*)
 *(.rela.sdata2 .rela.sdata2.* .rela.gnu.linkonce.s2.*)
 *(.rela.sbss2 .rela.sbss2.* .rela.gnu.linkonce.sb2.*)
 *(.rela.bss .rela.bss.* .rela.gnu.linkonce.b.*)
 *(.rela.iplt)
 .rela.got.funcdesc
                0x0000000000013398        0x0 /usr/local/sh-elf/lib/gcc/sh-elf/5.1.0/m2e/crt1.o

.rela.plt       0x0000000000013398        0x0
 *(.rela.plt)
 .rela.plt      0x0000000000013398        0x0 /usr/local/sh-elf/lib/gcc/sh-elf/5.1.0/m2e/crt1.o

.init
 *(SORT(.init))

.plt            0x0000000000013398        0x0
 *(.plt)
 .plt           0x0000000000013398        0x0 /usr/local/sh-elf/lib/gcc/sh-elf/5.1.0/m2e/crt1.o

.iplt
 *(.iplt)

.text           0x0000000000013398    0x2b690
 *(.text.unlikely .text.*_unlikely .text.unlikely.*)
 .text.unlikely
                0x0000000000013398       0x28 /usr/local/sh-elf/lib/libreadline.a(xmalloc.o)
 *(.text.exit .text.exit.*)
 *(.text.startup .text.startup.*)
 *(.text.hot .text.hot.*)
 *(.text .stub .text.* .gnu.linkonce.t.*)
 .text          0x00000000000133c0       0x7c /usr/local/sh-elf/lib/gcc/sh-elf/5.1.0/m2e/crt1.o
                0x00000000000133c0                start
                0x000000000001341c                _exit
 .text          0x000000000001343c        0x0 /usr/local/sh-elf/lib/gcc/sh-elf/5.1.0/m2e/crti.o
 .text          0x000000000001343c        0x0 /usr/local/sh-elf/lib/gcc/sh-elf/5.1.0/m2e/crtbegin.o
 .text          0x000000000001343c      0x224 bsh.o
                0x000000000001343c                main
 .text          0x0000000000013660     0x11fc /usr/local/sh-elf/lib/libreadline.a(readline.o)
                0x0000000000013788                rl_set_prompt
                0x0000000000013804                readline_internal_setup
                0x0000000000013930                readline_internal_teardown
                0x0000000000013a4c                _rl_internal_char_cleanup
                0x0000000000013b18                _rl_init_line_state
                0x0000000000013b48                _rl_set_the_line
                0x0000000000013b5c                _rl_keyseq_cxt_alloc
                0x0000000000013b88                _rl_keyseq_cxt_dispose
                0x0000000000013b94                _rl_keyseq_chain_dispose
                0x0000000000013bc0                _rl_dispatch_subseq
                0x0000000000014060                _rl_dispatch
                0x0000000000014074                readline_internal_char
                0x00000000000142e4                _rl_dispatch_callback
                0x00000000000143b8                rl_initialize
                0x00000000000145f8                readline
                0x00000000000146a4                rl_save_state
                0x000000000001477c                rl_restore_state
 .text          0x000000000001485c     0x207c /usr/local/sh-elf/lib/libreadline.a(vi_mode.o)
                0x0000000000014b70                rl_vi_overstrike_delete
                0x0000000000014c94                rl_vi_overstrike
                0x0000000000014cdc                _rl_vi_initialize_line
                0x0000000000014d04                _rl_vi_reset_last
                0x0000000000014d2c                _rl_vi_set_last
                0x0000000000014d48                _rl_vi_textmod_command
                0x0000000000014d70                rl_vi_redo
                0x0000000000014ed8                rl_vi_undo
                0x0000000000014ee4                rl_vi_yank_arg
                0x0000000000014f0c                rl_vi_fetch_history
                0x0000000000014f60                rl_vi_search_again
                0x0000000000014f8c                rl_vi_search
                0x0000000000014fdc                rl_vi_fWord
                0x0000000000015058                rl_vi_bWord
                0x00000000000150d0                rl_vi_eWord
                0x0000000000015178                rl_vi_fword
                0x0000000000015248                rl_vi_bword
                0x0000000000015374                rl_vi_prev_word
                0x00000000000153d4                rl_vi_next_word
                0x000000000001543c                rl_vi_eword
                0x0000000000015508                rl_vi_end_word
                0x0000000000015550                rl_vi_eof_maybe
                0x000000000001555c                rl_vi_insertion_mode
                0x0000000000015594                rl_vi_start_inserting
                0x00000000000155b8                rl_vi_complete
                0x0000000000015660                rl_vi_tilde_expand
                0x000000000001568c                rl_vi_append_mode
                0x00000000000156b8                rl_vi_append_eol
                0x0000000000015bd0                rl_vi_insert_mode
                0x0000000000015bf0                rl_vi_insert_beg
                0x0000000000015c14                _rl_vi_done_inserting
                0x0000000000015cf4                rl_vi_movement_mode
                0x0000000000015d68                rl_vi_arg_digit
                0x0000000000015d9c                rl_vi_put
                0x0000000000015e08                rl_vi_check
                0x0000000000015e28                rl_vi_column
                0x0000000000015e58                _rl_vi_domove_callback
                0x0000000000015e84                rl_vi_domove
                0x0000000000015ec4                rl_vi_delete_to
                0x0000000000015fc4                rl_vi_change_to
                0x00000000000160c4                rl_vi_yank_to
                0x00000000000161c4                rl_vi_delete
                0x0000000000016244                rl_vi_change_case
                0x0000000000016330                rl_vi_rubout
                0x0000000000016458                rl_vi_back_to_indent
                0x00000000000164a4                rl_vi_first_print
                0x00000000000164b0                rl_vi_char_search
                0x00000000000165ac                rl_vi_bracktype
                0x00000000000165de                rl_vi_match
                0x00000000000166cc                rl_vi_change_char
                0x0000000000016760                rl_vi_subst
                0x0000000000016798                rl_vi_replace
                0x0000000000016870                rl_vi_set_mark
                0x00000000000168a4                rl_vi_goto_mark
 .text          0x00000000000168d8      0x150 /usr/local/sh-elf/lib/libreadline.a(funmap.o)
                0x00000000000168d8                rl_add_funmap_entry
                0x0000000000016954                rl_initialize_funmap
                0x00000000000169a4                rl_funmap_names
 .text          0x0000000000016a28      0x110 /usr/local/sh-elf/lib/libreadline.a(keymaps.o)
                0x0000000000016a28                rl_make_bare_keymap
                0x0000000000016a50                rl_copy_keymap
                0x0000000000016a7c                rl_make_keymap
                0x0000000000016ad0                rl_discard_keymap
                0x0000000000016b1c                rl_free_keymap
 .text          0x0000000000016b38      0x980 /usr/local/sh-elf/lib/libreadline.a(search.o)
                0x00000000000171c8                rl_history_substr_search_forward
                0x0000000000017244                rl_history_search_backward
                0x00000000000172c0                rl_history_substr_search_backward
                0x000000000001733c                rl_history_search_forward
                0x00000000000173b8                rl_noninc_forward_search
                0x00000000000173cc                rl_noninc_reverse_search
                0x00000000000173e0                rl_noninc_forward_search_again
                0x0000000000017414                rl_noninc_reverse_search_again
                0x0000000000017448                _rl_nsearch_callback
 .text          0x00000000000174b8      0x598 /usr/local/sh-elf/lib/libreadline.a(rltty.o)
                0x0000000000017584                rl_deprep_terminal
                0x0000000000017628                rl_restart_output
                0x0000000000017650                rl_stop_output
                0x0000000000017678                rltty_set_default_bindings
                0x00000000000176d8                rl_tty_set_default_bindings
                0x00000000000176e4                rl_tty_unset_default_bindings
                0x0000000000017734                rl_prep_terminal
                0x000000000001795c                _rl_disable_tty_signals
                0x0000000000017a10                _rl_restore_tty_signals
 .text          0x0000000000017a50     0x287c /usr/local/sh-elf/lib/libreadline.a(complete.o)
                0x00000000000183c0                rl_filename_completion_function
                0x0000000000018eb4                rl_completion_mode
                0x0000000000018ef0                _rl_reset_completion_state
                0x0000000000018f04                _rl_find_completion_word
                0x00000000000190cc                rl_display_match_list
                0x0000000000019560                _rl_free_match_list
                0x00000000000195b8                rl_completion_matches
                0x0000000000019768                rl_complete_internal
                0x0000000000019b40                rl_complete
                0x0000000000019ba8                rl_possible_completions
                0x0000000000019bbc                rl_insert_completions
                0x0000000000019bd0                rl_old_menu_complete
                0x0000000000019e78                rl_menu_complete
                0x000000000001a250                rl_backward_menu_complete
                0x000000000001a25c                rl_username_completion_function
 .text          0x000000000001a2cc     0x23b8 /usr/local/sh-elf/lib/libreadline.a(bind.o)
                0x000000000001a93c                rl_bind_key
                0x000000000001a9a4                rl_add_defun
                0x000000000001a9d4                rl_bind_key_in_map
                0x000000000001a9f8                rl_unbind_key
                0x000000000001aa04                rl_unbind_key_in_map
                0x000000000001aa10                rl_unbind_function_in_map
                0x000000000001aa30                rl_translate_keyseq
                0x000000000001acf4                rl_generic_bind
                0x000000000001ae78                rl_bind_keyseq
                0x000000000001ae90                rl_set_key
                0x000000000001aea0                rl_bind_keyseq_in_map
                0x000000000001aeac                rl_macro_bind
                0x000000000001affc                rl_untranslate_keyseq
                0x000000000001b110                _rl_untranslate_macro_value
                0x000000000001b464                rl_named_function
                0x000000000001b4ac                rl_unbind_command_in_map
                0x000000000001b4d8                rl_function_of_keyseq
                0x000000000001b56c                rl_bind_keyseq_if_unbound_in_map
                0x000000000001b5cc                rl_bind_key_if_unbound_in_map
                0x000000000001b5e8                rl_bind_key_if_unbound
                0x000000000001b60c                rl_bind_keyseq_if_unbound
                0x000000000001b61c                rl_read_init_file
                0x000000000001b620                rl_variable_bind
                0x000000000001b744                rl_parse_and_bind
                0x000000000001be04                rl_get_keymap_by_name
                0x000000000001be50                rl_get_keymap_name
                0x000000000001be6c                rl_set_keymap
                0x000000000001bea4                rl_get_keymap
                0x000000000001beb0                rl_set_keymap_from_edit_mode
                0x000000000001bed8                rl_re_read_init_file
                0x000000000001beec                rl_get_keymap_name_from_edit_mode
                0x000000000001c0c4                rl_variable_value
                0x000000000001c12c                rl_list_funmap_names
                0x000000000001c190                rl_invoking_keyseqs_in_map
                0x000000000001c3ac                rl_invoking_keyseqs
                0x000000000001c3bc                rl_function_dumper
                0x000000000001c4f4                rl_dump_functions
                0x000000000001c53c                rl_macro_dumper
                0x000000000001c550                rl_dump_macros
                0x000000000001c598                rl_variable_dumper
                0x000000000001c63c                rl_dump_variables
 .text          0x000000000001c684      0xa54 /usr/local/sh-elf/lib/libreadline.a(isearch.o)
                0x000000000001c74c                _rl_scxt_alloc
                0x000000000001c7cc                _rl_scxt_dispose
                0x000000000001c900                _rl_search_getchar
                0x000000000001c950                _rl_isearch_dispatch
                0x000000000001d084                rl_reverse_search_history
                0x000000000001d090                rl_forward_search_history
                0x000000000001d09c                _rl_isearch_callback
 .text          0x000000000001d0d8     0x23bc /usr/local/sh-elf/lib/libreadline.a(display.o)
                0x000000000001d45c                _rl_strip_prompt
                0x000000000001d47c                rl_expand_prompt
                0x000000000001d59c                _rl_reset_prompt
                0x000000000001d5bc                rl_on_new_line
                0x000000000001d608                rl_on_new_line_with_prompt
                0x000000000001d71c                rl_forced_update_display
                0x000000000001d764                _rl_move_cursor_relative
                0x000000000001d8a4                _rl_move_vert
                0x000000000001d990                rl_show_char
                0x000000000001dab8                rl_character_len
                0x000000000001db08                rl_reset_line_state
                0x000000000001db40                rl_save_prompt
                0x000000000001dbdc                rl_message
                0x000000000001dd84                rl_restore_prompt
                0x000000000001de44                rl_clear_message
                0x000000000001de88                _rl_make_prompt_for_search
                0x000000000001df3c                _rl_erase_at_end_of_line
                0x000000000001dffc                _rl_clear_to_eol
                0x000000000001e614                rl_redisplay
                0x000000000001f12c                _rl_clear_screen
                0x000000000001f154                _rl_update_final
                0x000000000001f294                _rl_redisplay_after_sigwinch
                0x000000000001f3cc                _rl_clean_up_for_exit
                0x000000000001f418                _rl_erase_entire_line
                0x000000000001f448                _rl_current_display_line
 .text          0x000000000001f494      0x54c /usr/local/sh-elf/lib/libreadline.a(signals.o)
                0x000000000001f548                rl_set_signals
                0x000000000001f62c                rl_clear_signals
                0x000000000001f6f0                rl_cleanup_after_signal
                0x000000000001f720                rl_reset_after_signal
                0x000000000001f744                rl_free_line_state
                0x000000000001f780                _rl_block_sigint
                0x000000000001f794                _rl_block_sigwinch
                0x000000000001f7a8                _rl_release_sigwinch
                0x000000000001f7bc                rl_echo_signal_char
                0x000000000001f950                _rl_signal_handler
                0x000000000001f98c                _rl_release_sigint
 .text          0x000000000001f9e0      0x6ac /usr/local/sh-elf/lib/libreadline.a(util.o)
                0x000000000001f9e0                rl_alphabetic
                0x000000000001fa28                _rl_abort_internal
                0x000000000001fa98                rl_abort
                0x000000000001faa4                _rl_null_function
                0x000000000001faa8                rl_tty_status
                0x000000000001fabc                rl_copy_text
                0x000000000001fb08                rl_extend_line_buffer
                0x000000000001fb4c                rl_tilde_expand
                0x000000000001fc70                _rl_ttymsg
                0x000000000001fd2c                _rl_errmsg
                0x000000000001fddc                _rl_strindex
                0x000000000001fe3c                _rl_qsort_string_compare
                0x000000000001fe58                _rl_digit_p
                0x000000000001fe62                _rl_digit_value
                0x000000000001fe68                _rl_lowercase_p
                0x000000000001fe88                _rl_pure_alphabetic
                0x000000000001fea8                _rl_to_lower
                0x000000000001fecc                _rl_to_upper
                0x000000000001fef0                _rl_uppercase_p
                0x000000000001ff10                rl_free
                0x000000000001ff24                _rl_savestring
                0x000000000001ff50                _rl_tropen
                0x000000000001ffb8                _rl_trace
                0x0000000000020060                _rl_trclose
                0x0000000000020080                _rl_settracefp
 .text          0x000000000002008c      0x958 /usr/local/sh-elf/lib/libreadline.a(kill.o)
                0x0000000000020220                rl_yank
                0x0000000000020270                rl_yank_pop
                0x0000000000020434                rl_yank_last_arg
                0x00000000000204e8                rl_set_retained_kills
                0x00000000000204ec                rl_kill_text
                0x0000000000020540                rl_backward_kill_word
                0x000000000002059c                rl_kill_word
                0x00000000000205f8                rl_backward_kill_line
                0x0000000000020668                rl_kill_line
                0x00000000000206c4                rl_kill_full_line
                0x0000000000020704                rl_unix_word_rubout
                0x00000000000207a4                rl_unix_filename_rubout
                0x0000000000020860                rl_unix_line_discard
                0x00000000000208a8                rl_copy_region_to_kill
                0x00000000000208b4                rl_kill_region
                0x00000000000208f8                rl_copy_backward_word
                0x0000000000020968                rl_copy_forward_word
                0x00000000000209d8                rl_yank_nth_arg
 .text          0x00000000000209e4      0x41c /usr/local/sh-elf/lib/libreadline.a(undo.o)
                0x00000000000209e4                rl_add_undo
                0x0000000000020a20                _rl_free_undo_list
                0x0000000000020a54                rl_free_undo_list
                0x0000000000020a84                _rl_copy_undo_entry
                0x0000000000020aec                _rl_copy_undo_list
                0x0000000000020b2c                rl_do_undo
                0x0000000000020c94                _rl_fix_last_undo_of_type
                0x0000000000020cb4                rl_begin_undo_group
                0x0000000000020cdc                rl_end_undo_group
                0x0000000000020d04                rl_modifying
                0x0000000000020d6c                rl_revert_line
                0x0000000000020dc8                rl_undo_command
 .text          0x0000000000020e00      0x458 /usr/local/sh-elf/lib/libreadline.a(macro.o)
                0x0000000000020e00                _rl_prev_macro_key
                0x0000000000020e24                _rl_push_executing_macro
                0x0000000000020e58                _rl_with_macro_input
                0x0000000000020e90                _rl_pop_executing_macro
                0x0000000000020ef8                _rl_next_macro_key
                0x0000000000020f6c                _rl_add_macro_char
                0x0000000000020fd8                _rl_kill_kbd_macro
                0x0000000000021044                rl_start_kbd_macro
                0x00000000000210d0                rl_call_last_kbd_macro
                0x0000000000021168                rl_end_kbd_macro
                0x00000000000211c4                rl_print_last_kbd_macro
                0x000000000002124c                rl_push_macro_input
 .text          0x0000000000021258      0x5dc /usr/local/sh-elf/lib/libreadline.a(input.o)
                0x00000000000212b8                rl_getc
                0x00000000000213a8                _rl_pushed_input_available
                0x00000000000213c0                _rl_any_typein
                0x00000000000213cc                _rl_unget_char
                0x0000000000021404                rl_set_keyboard_input_timeout
                0x0000000000021418                _rl_input_available
                0x00000000000214c4                _rl_input_queued
                0x00000000000214f4                _rl_insert_typein
                0x000000000002158c                rl_stuff_char
                0x00000000000215ec                rl_execute_next
                0x000000000002160c                rl_clear_pending_input
                0x000000000002162c                rl_read_key
 .text          0x0000000000021834      0x434 /usr/local/sh-elf/lib/libreadline.a(callback.o)
                0x0000000000021890                rl_callback_handler_install
                0x00000000000218c4                rl_callback_read_char
                0x0000000000021bd4                rl_callback_handler_remove
                0x0000000000021c3c                _rl_callback_data_alloc
                0x0000000000021c5c                _rl_callback_data_dispose
 .text          0x0000000000021c68      0xa28 /usr/local/sh-elf/lib/libreadline.a(terminal.o)
                0x0000000000021cfc                _rl_output_character_function
                0x0000000000021d54                _rl_get_screen_size
                0x0000000000021e98                rl_get_screen_size
                0x0000000000021eb8                rl_reset_screen_size
                0x0000000000021ed8                _rl_sigwinch_resize_terminal
                0x0000000000021ef8                rl_resize_terminal
                0x0000000000021f5c                _rl_init_terminal_io
                0x0000000000022304                _rl_set_screen_size
                0x000000000002237c                rl_set_screen_size
                0x0000000000022388                rl_get_termcap
                0x00000000000223f0                rl_reset_terminal
                0x0000000000022414                _rl_output_some_chars
                0x0000000000022428                _rl_backspace
                0x00000000000224d4                rl_crlf
                0x0000000000022530                rl_ding
                0x000000000002259c                _rl_enable_meta_key
                0x00000000000225d8                _rl_disable_meta_key
                0x000000000002261c                _rl_control_keypad
                0x0000000000022648                _rl_set_cursor
 .text          0x0000000000022690     0x12e0 /usr/local/sh-elf/lib/libreadline.a(text.o)
                0x0000000000022690                rl_insert_text
                0x0000000000022784                rl_delete_text
                0x0000000000022830                _rl_fix_point
                0x0000000000022870                _rl_replace_text
                0x00000000000228cc                rl_replace_line
                0x0000000000022934                _rl_forward_char_internal
                0x0000000000022950                rl_backward_byte
                0x00000000000229a0                rl_forward_byte
                0x0000000000022a1c                rl_forward
                0x0000000000022a28                rl_forward_char
                0x0000000000022a34                rl_backward_char
                0x0000000000022a40                rl_backward
                0x0000000000022a4c                rl_beg_of_line
                0x0000000000022a5c                rl_end_of_line
                0x0000000000022a70                rl_backward_word
                0x0000000000022b18                rl_forward_word
                0x0000000000022cbc                rl_refresh_line
                0x0000000000022d0c                rl_clear_screen
                0x0000000000022d50                rl_skip_csi_sequence
                0x0000000000022d8c                rl_arrow_keys
                0x0000000000022e34                _rl_insert_char
                0x0000000000022f9c                rl_quoted_insert
                0x0000000000023008                rl_tab_insert
                0x0000000000023014                rl_newline
                0x00000000000230cc                rl_do_lowercase_version
                0x00000000000230d0                _rl_overwrite_rubout
                0x00000000000231a8                rl_delete
                0x0000000000023230                _rl_overwrite_char
                0x0000000000023298                rl_insert
                0x00000000000232b4                _rl_rubout_char
                0x000000000002338c                rl_rubout
                0x00000000000233d8                rl_rubout_or_delete
                0x0000000000023400                rl_delete_horizontal_space
                0x000000000002348c                rl_delete_or_show_completions
                0x00000000000234b8                rl_insert_comment
                0x0000000000023558                rl_upcase_word
                0x0000000000023564                rl_downcase_word
                0x0000000000023570                rl_capitalize_word
                0x000000000002357c                rl_transpose_words
                0x0000000000023660                rl_transpose_chars
                0x0000000000023708                _rl_char_search_internal
                0x0000000000023848                rl_char_search
                0x0000000000023898                rl_backward_char_search
                0x00000000000238e8                _rl_set_mark_at_pos
                0x0000000000023904                rl_set_mark
                0x0000000000023924                rl_exchange_point_and_mark
 .text          0x0000000000023970      0x100 /usr/local/sh-elf/lib/libreadline.a(nls.o)
                0x0000000000023970                _rl_init_eightbit
 .text          0x0000000000023a70      0xa7c /usr/local/sh-elf/lib/libreadline.a(misc.o)
                0x0000000000023adc                _rl_arg_overflow
                0x0000000000023b3c                _rl_arg_init
                0x0000000000023b68                _rl_arg_getchar
                0x0000000000023bb4                _rl_arg_dispatch
                0x0000000000023d9c                rl_universal_argument
                0x0000000000023dd4                _rl_reset_argument
                0x0000000000023dfc                rl_digit_argument
                0x0000000000023e6c                _rl_arg_callback
                0x0000000000023ee0                rl_discard_argument
                0x0000000000023f08                _rl_free_history_entry
                0x0000000000023f44                _rl_start_using_history
                0x0000000000023f74                rl_maybe_replace_line
                0x0000000000023fe0                rl_maybe_unsave_line
                0x000000000002403c                rl_maybe_save_line
                0x00000000000240a4                _rl_free_saved_history_line
                0x00000000000240cc                rl_replace_from_history
                0x0000000000024118                _rl_revert_all_lines
                0x000000000002422c                rl_clear_history
                0x00000000000242b0                rl_end_of_history
                0x00000000000242d8                rl_get_previous_history
                0x0000000000024394                rl_beginning_of_history
                0x00000000000243b4                rl_get_next_history
                0x0000000000024450                rl_vi_editing_mode
                0x0000000000024478                rl_emacs_editing_mode
                0x00000000000244b8                _rl_set_insert_mode
                0x00000000000244c4                rl_overwrite_mode
 .text          0x00000000000244ec      0x744 /usr/local/sh-elf/lib/libreadline.a(history.o)
                0x00000000000244ec                history_get_history_state
                0x000000000002453c                history_set_history_state
                0x0000000000024578                using_history
                0x000000000002458c                history_total_bytes
                0x00000000000245e0                where_history
                0x00000000000245ec                history_set_pos
                0x000000000002461c                history_list
                0x0000000000024628                current_history
                0x0000000000024654                previous_history
                0x0000000000024678                next_history
                0x00000000000246a4                history_get
                0x00000000000246dc                alloc_history_entry
                0x0000000000024730                history_get_time
                0x000000000002475c                add_history_time
                0x00000000000247c4                free_history_entry
                0x0000000000024804                add_history
                0x0000000000024930                copy_history_entry
                0x0000000000024988                replace_history_entry
                0x0000000000024a24                replace_history_data
                0x0000000000024ab0                remove_history
                0x0000000000024b08                stifle_history
                0x0000000000024ba8                unstifle_history
                0x0000000000024bcc                history_is_stifled
                0x0000000000024bd8                clear_history
 .text          0x0000000000024c30     0x1748 /usr/local/sh-elf/lib/libreadline.a(histexpand.o)
                0x0000000000025034                get_history_event
                0x0000000000025330                history_tokenize
                0x000000000002533c                history_arg_extract
                0x000000000002545c                history_expand
 .text          0x0000000000026378      0x6d0 /usr/local/sh-elf/lib/libreadline.a(histfile.o)
                0x0000000000026668                read_history_range
                0x0000000000026834                read_history
                0x0000000000026840                history_truncate_file
                0x0000000000026a24                append_history
                0x0000000000026a34                write_history
 .text          0x0000000000026a48      0x1d0 /usr/local/sh-elf/lib/libreadline.a(histsearch.o)
                0x0000000000026ba8                history_search
                0x0000000000026bb4                history_search_prefix
                0x0000000000026bc0                history_search_pos
 .text          0x0000000000026c18      0x118 /usr/local/sh-elf/lib/libreadline.a(shell.o)
                0x0000000000026c18                sh_single_quote
                0x0000000000026c78                sh_set_lines_and_columns
                0x0000000000026cd4                sh_get_env_value
                0x0000000000026ce0                sh_get_home_dir
                0x0000000000026cec                sh_unset_nodelay_mode
 .text          0x0000000000026d30       0x14 /usr/local/sh-elf/lib/libreadline.a(mbutil.o)
                0x0000000000026d30                _rl_find_next_mbchar
                0x0000000000026d36                _rl_find_prev_mbchar
 .text          0x0000000000026d44      0x3b0 /usr/local/sh-elf/lib/libreadline.a(tilde.o)
                0x0000000000026db0                tilde_expand_word
                0x0000000000026f20                tilde_expand
 .text          0x00000000000270f4      0x2e4 /usr/local/sh-elf/lib/libreadline.a(colors.o)
                0x000000000002713c                _rl_put_indicator
                0x0000000000027154                _rl_set_normal_color
                0x0000000000027194                _rl_print_color_indicator
                0x00000000000273a0                _rl_prep_non_filename_text
 .text          0x00000000000273d8      0x408 /usr/local/sh-elf/lib/libreadline.a(parse-colors.o)
                0x00000000000275a4                _rl_parse_colors
 .text          0x00000000000277e0       0x60 /usr/local/sh-elf/lib/libreadline.a(xmalloc.o)
                0x00000000000277e0                xmalloc
                0x0000000000027808                xrealloc
 .text          0x0000000000027840       0x14 /usr/local/sh-elf/lib/libreadline.a(xfree.o)
                0x0000000000027840                xfree
 .text          0x0000000000027854      0x204 /usr/local/sh-elf/lib/libreadline.a(parens.o)
                0x0000000000027854                rl_insert_close
                0x00000000000279f4                _rl_enable_paren_matching
                0x0000000000027a44                rl_set_paren_blink_timeout
 .text          0x0000000000027a58       0xbc /usr/local/sh-elf/lib/gcc/sh-elf/5.1.0/m2e/libgcc.a(_ashiftlt.o)
                0x0000000000027a58                __ashlsi3
                0x0000000000027a5c                __ashlsi3_r0
 .text          0x0000000000027b14       0x78 /usr/local/sh-elf/lib/gcc/sh-elf/5.1.0/m2e/libgcc.a(_movmem.o)
                0x0000000000027b14                __movmem
                0x0000000000027b14                __movstr
                0x0000000000027b48                __movmemSI64
                0x0000000000027b48                __movstrSI64
                0x0000000000027b4c                __movmemSI60
                0x0000000000027b4c                __movstrSI60
                0x0000000000027b50                __movstrSI56
                0x0000000000027b50                __movmemSI56
                0x0000000000027b54                __movmemSI52
                0x0000000000027b54                __movstrSI52
                0x0000000000027b58                __movstrSI48
                0x0000000000027b58                __movmemSI48
                0x0000000000027b5c                __movmemSI44
                0x0000000000027b5c                __movstrSI44
                0x0000000000027b60                __movstrSI40
                0x0000000000027b60                __movmemSI40
                0x0000000000027b64                __movstrSI36
                0x0000000000027b64                __movmemSI36
                0x0000000000027b68                __movstrSI32
                0x0000000000027b68                __movmemSI32
                0x0000000000027b6c                __movmemSI28
                0x0000000000027b6c                __movstrSI28
                0x0000000000027b70                __movmemSI24
                0x0000000000027b70                __movstrSI24
                0x0000000000027b74                __movmemSI20
                0x0000000000027b74                __movstrSI20
                0x0000000000027b78                __movstrSI16
                0x0000000000027b78                __movmemSI16
                0x0000000000027b7c                __movmemSI12
                0x0000000000027b7c                __movstrSI12
                0x0000000000027b80                __movstrSI8
                0x0000000000027b80                __movmemSI8
                0x0000000000027b84                __movstrSI4
                0x0000000000027b84                __movmemSI4
 .text          0x0000000000027b8c       0x9e /usr/local/sh-elf/lib/gcc/sh-elf/5.1.0/m2e/libgcc.a(_sdivsi3.o)
                0x0000000000027b8c                __sdivsi3
 *fill*         0x0000000000027c2a        0x2 
 .text          0x0000000000027c2c       0x1c /usr/local/sh-elf/lib/gcc/sh-elf/5.1.0/../../../../sh-elf/lib/m2e/libc.a(bft.o)
                0x0000000000027c2c                bft_init
 .text          0x0000000000027c48      0x4a4 /usr/local/sh-elf/lib/gcc/sh-elf/5.1.0/../../../../sh-elf/lib/m2e/libc.a(syscalls.o)
                0x0000000000027c48                _bitos_lock_init
                0x0000000000027c5c                _bitos_lock_init_recursive
                0x0000000000027c70                _bitos_lock_close
                0x0000000000027c84                _bitos_lock_close_recursive
                0x0000000000027c98                _bitos_lock_acquire
                0x0000000000027cac                _bitos_lock_acquire_recursive
                0x0000000000027cc0                _bitos_lock_try_acquire
                0x0000000000027cd4                _bitos_lock_try_acquire_recursive
                0x0000000000027ce8                _bitos_lock_release
                0x0000000000027cfc                _bitos_lock_release_recursive
                0x0000000000027d10                _times_r
                0x0000000000027d1c                _gettimeofday_r
                0x0000000000027d28                _read_r
                0x0000000000027d34                _lseek_r
                0x0000000000027d40                _write_r
                0x0000000000027d4c                _close_r
                0x0000000000027d5c                _fstat_r
                0x0000000000027d68                _open_r
                0x0000000000027d74                _creat_r
                0x0000000000027d80                _unlink_r
                0x0000000000027d8c                _isatty_r
                0x0000000000027d98                _kill_r
                0x0000000000027dac                _getpid_r
                0x0000000000027db8                popen
                0x0000000000027dc4                pclose
                0x0000000000027dd8                opendir
                0x0000000000027de4                readdir
                0x0000000000027df0                sysconf
                0x0000000000027e54                _stat_r
                0x0000000000027e60                access
                0x0000000000027e84                chdir
                0x0000000000027e90                getcwd
                0x0000000000027ea0                getwd
                0x0000000000027eb0                mkdir
                0x0000000000027ec0                pipe
                0x0000000000027ecc                chmod
                0x0000000000027ed0                umask
                0x0000000000027ed4                lstat
                0x0000000000027ee0                closedir
                0x0000000000027ee4                utime
                0x0000000000027f00                _link_r
                0x0000000000027f1c                chown
                0x0000000000027f38                rmdir
                0x0000000000027f54                dup2
                0x0000000000027f70                sleep
                0x0000000000027f8c                alarm
                0x0000000000027fa8                execvp
                0x0000000000027fc4                fork
                0x0000000000027fe0                _wait_r
                0x0000000000027ffc                execv
                0x0000000000028018                getpwnam
                0x0000000000028034                dup
                0x0000000000028050                ftruncate
                0x000000000002806c                getlogin
                0x0000000000028088                _rename_r
                0x0000000000028094                select
                0x0000000000028098                _malloc_r
                0x00000000000280a4                _realloc_r
                0x00000000000280b0                _free_r
                0x00000000000280bc                _calloc_r
 .text          0x00000000000280ec        0xc /usr/local/sh-elf/lib/gcc/sh-elf/5.1.0/../../../../sh-elf/lib/m2e/libc.a(panic.o)
                0x00000000000280ec                panic
 .text          0x00000000000280f8       0xe8 /usr/local/sh-elf/lib/gcc/sh-elf/5.1.0/../../../../sh-elf/lib/m2e/libc.a(client.o)
                0x00000000000280f8                kernel_threadBlocked
                0x0000000000028108                kernel_spinLock
                0x0000000000028118                kernel_unlock
                0x0000000000028128                kernel_pid
                0x0000000000028138                kernel_die
                0x0000000000028148                process_spawn
                0x0000000000028158                process_wait
                0x000000000002816c                process_load
                0x000000000002817c                pathconf
                0x0000000000028180                fpathconf
                0x0000000000028184                wolf
                0x0000000000028188                malloc
                0x0000000000028194                calloc
                0x00000000000281c4                free
                0x00000000000281d0                realloc
 .text          0x00000000000281e0      0x5e4 /usr/local/sh-elf/lib/gcc/sh-elf/5.1.0/../../../../sh-elf/lib/m2e/libc.a(termios.o)
                0x00000000000281e0                tputs
                0x0000000000028504                tcsetattr
                0x0000000000028508                tcflow
                0x0000000000028524                tcflush
                0x0000000000028540                tgoto
                0x000000000002856c                tcgetattr
                0x000000000002859c                tgetnum
                0x0000000000028640                tgetstr
                0x0000000000028774                tgetflag
                0x00000000000287b8                tgetent
                0x00000000000287bc                cfmakeraw
 .text          0x00000000000287c4      0xba4 /usr/local/sh-elf/lib/gcc/sh-elf/5.1.0/../../../../sh-elf/lib/m2e/libc.a(shell.o)
                0x0000000000028fb8                getSR
                0x0000000000028fc0                shell_exec
                0x000000000002917c                shell
 .text          0x0000000000029368      0x2a0 /usr/local/sh-elf/lib/gcc/sh-elf/5.1.0/../../../../sh-elf/lib/m2e/libc.a(argv.o)
                0x0000000000029368                argv_free
                0x00000000000293a8                argv_build
                0x00000000000295e8                argv_argc
 .text          0x0000000000029608      0xe98 /usr/local/sh-elf/lib/gcc/sh-elf/5.1.0/../../../../sh-elf/lib/m2e/libc.a(build.o)
                0x000000000002a15c                build
                0x000000000002a1b8                build2
                0x000000000002a214                bcc
 .text          0x000000000002a4a0       0x18 /usr/local/sh-elf/lib/gcc/sh-elf/5.1.0/../../../../sh-elf/lib/m2e/libc.a(lib_a-abort.o)
                0x000000000002a4a0                abort
 .text          0x000000000002a4b8       0x18 /usr/local/sh-elf/lib/gcc/sh-elf/5.1.0/../../../../sh-elf/lib/m2e/libc.a(lib_a-atoi.o)
                0x000000000002a4b8                atoi
                0x000000000002a4c4                _atoi_r
 .text          0x000000000002a4d0        0x0 /usr/local/sh-elf/lib/gcc/sh-elf/5.1.0/../../../../sh-elf/lib/m2e/libc.a(lib_a-ctype_.o)
 .text          0x000000000002a4d0        0xc /usr/local/sh-elf/lib/gcc/sh-elf/5.1.0/../../../../sh-elf/lib/m2e/libc.a(lib_a-errno.o)
                0x000000000002a4d0                __errno
 .text          0x000000000002a4dc       0x2c /usr/local/sh-elf/lib/gcc/sh-elf/5.1.0/../../../../sh-elf/lib/m2e/libc.a(lib_a-exit.o)
                0x000000000002a4dc                exit
 .text          0x000000000002a508      0x118 /usr/local/sh-elf/lib/gcc/sh-elf/5.1.0/../../../../sh-elf/lib/m2e/libc.a(lib_a-fclose.o)
                0x000000000002a508                _fclose_r
                0x000000000002a60c                fclose
 .text          0x000000000002a620      0x238 /usr/local/sh-elf/lib/gcc/sh-elf/5.1.0/../../../../sh-elf/lib/m2e/libc.a(lib_a-fflush.o)
                0x000000000002a620                __sflush_r
                0x000000000002a798                _fflush_r
                0x000000000002a830                fflush
 .text          0x000000000002a858       0x8c /usr/local/sh-elf/lib/gcc/sh-elf/5.1.0/../../../../sh-elf/lib/m2e/libc.a(lib_a-fileno.o)
                0x000000000002a858                fileno
 .text          0x000000000002a8e4      0x300 /usr/local/sh-elf/lib/gcc/sh-elf/5.1.0/../../../../sh-elf/lib/m2e/libc.a(lib_a-findfp.o)
                0x000000000002a8e4                _cleanup_r
                0x000000000002a9a0                __sfmoreglue
                0x000000000002a9e8                _cleanup
                0x000000000002aa00                __sinit
                0x000000000002aa6c                __sfp
                0x000000000002ab50                __sfp_lock_acquire
                0x000000000002ab60                __sfp_lock_release
                0x000000000002ab70                __sinit_lock_acquire
                0x000000000002ab80                __sinit_lock_release
                0x000000000002ab90                __fp_lock_all
                0x000000000002abbc                __fp_unlock_all
 .text          0x000000000002abe4      0x128 /usr/local/sh-elf/lib/gcc/sh-elf/5.1.0/../../../../sh-elf/lib/m2e/libc.a(lib_a-fopen.o)
                0x000000000002abe4                _fopen_r
                0x000000000002acf8                fopen
 .text          0x000000000002ad0c       0xdc /usr/local/sh-elf/lib/gcc/sh-elf/5.1.0/../../../../sh-elf/lib/m2e/libc.a(lib_a-fprintf.o)
                0x000000000002ad0c                _fprintf_r
                0x000000000002ad74                fprintf
 .text          0x000000000002ade8       0xec /usr/local/sh-elf/lib/gcc/sh-elf/5.1.0/../../../../sh-elf/lib/m2e/libc.a(lib_a-fputc.o)
                0x000000000002ade8                _fputc_r
                0x000000000002ae58                fputc
 .text          0x000000000002aed4       0xb8 /usr/local/sh-elf/lib/gcc/sh-elf/5.1.0/../../../../sh-elf/lib/m2e/libc.a(lib_a-fputs.o)
                0x000000000002aed4                _fputs_r
                0x000000000002af78                fputs
 .text          0x000000000002af8c      0x23c /usr/local/sh-elf/lib/gcc/sh-elf/5.1.0/../../../../sh-elf/lib/m2e/libc.a(lib_a-fread.o)
                0x000000000002af8c                _fread_r
                0x000000000002b1a4                fread
 .text          0x000000000002b1c8       0x24 /usr/local/sh-elf/lib/gcc/sh-elf/5.1.0/../../../../sh-elf/lib/m2e/libc.a(lib_a-fseek.o)
                0x000000000002b1c8                _fseek_r
                0x000000000002b1d4                fseek
 .text          0x000000000002b1ec      0x3b4 /usr/local/sh-elf/lib/gcc/sh-elf/5.1.0/../../../../sh-elf/lib/m2e/libc.a(lib_a-fseeko.o)
                0x000000000002b1ec                _fseeko_r
                0x000000000002b588                fseeko
 .text          0x000000000002b5a0      0x358 /usr/local/sh-elf/lib/gcc/sh-elf/5.1.0/../../../../sh-elf/lib/m2e/libc.a(lib_a-fvwrite.o)
                0x000000000002b5a0                __sfvwrite_r
 .text          0x000000000002b8f8       0xf4 /usr/local/sh-elf/lib/gcc/sh-elf/5.1.0/../../../../sh-elf/lib/m2e/libc.a(lib_a-fwalk.o)
                0x000000000002b8f8                _fwalk
                0x000000000002b96c                _fwalk_reent
 .text          0x000000000002b9ec      0x124 /usr/local/sh-elf/lib/gcc/sh-elf/5.1.0/../../../../sh-elf/lib/m2e/libc.a(lib_a-fwrite.o)
                0x000000000002b9ec                _fwrite_r
                0x000000000002baec                fwrite
 .text          0x000000000002bb10       0x34 /usr/local/sh-elf/lib/gcc/sh-elf/5.1.0/../../../../sh-elf/lib/m2e/libc.a(lib_a-getenv.o)
                0x000000000002bb10                _findenv
                0x000000000002bb24                getenv
 .text          0x000000000002bb44       0xe4 /usr/local/sh-elf/lib/gcc/sh-elf/5.1.0/../../../../sh-elf/lib/m2e/libc.a(lib_a-getenv_r.o)
                0x000000000002bb44                _findenv_r
                0x000000000002bc10                _getenv_r
 .text          0x000000000002bc28        0x0 /usr/local/sh-elf/lib/gcc/sh-elf/5.1.0/../../../../sh-elf/lib/m2e/libc.a(lib_a-impure.o)
 .text          0x000000000002bc28        0xc /usr/local/sh-elf/lib/gcc/sh-elf/5.1.0/../../../../sh-elf/lib/m2e/libc.a(lib_a-lcltime_r.o)
                0x000000000002bc28                localtime_r
 .text          0x000000000002bc34       0xa4 /usr/local/sh-elf/lib/gcc/sh-elf/5.1.0/../../../../sh-elf/lib/m2e/libc.a(lib_a-locale.o)
                0x000000000002bc34                _setlocale_r
                0x000000000002bc84                __locale_charset
                0x000000000002bc90                __locale_mb_cur_max
                0x000000000002bc9c                __locale_msgcharset
                0x000000000002bca8                __locale_cjk_lang
                0x000000000002bcac                _localeconv_r
                0x000000000002bcb8                setlocale
                0x000000000002bccc                localeconv
 .text          0x000000000002bcd8      0x118 /usr/local/sh-elf/lib/gcc/sh-elf/5.1.0/../../../../sh-elf/lib/m2e/libc.a(lib_a-makebuf.o)
                0x000000000002bcd8                __smakebuf_r
 .text          0x000000000002bdf0       0x9c /usr/local/sh-elf/lib/gcc/sh-elf/5.1.0/../../../../sh-elf/lib/m2e/libc.a(lib_a-memchr.o)
                0x000000000002bdf0                memchr
 .text          0x000000000002be8c       0x94 /usr/local/sh-elf/lib/gcc/sh-elf/5.1.0/../../../../sh-elf/lib/m2e/libc.a(lib_a-memcpy.o)
                0x000000000002be8c                memcpy
 .text          0x000000000002bf20       0xcc /usr/local/sh-elf/lib/gcc/sh-elf/5.1.0/../../../../sh-elf/lib/m2e/libc.a(lib_a-memmove.o)
                0x000000000002bf20                memmove
 .text          0x000000000002bfec       0x40 /usr/local/sh-elf/lib/gcc/sh-elf/5.1.0/../../../../sh-elf/lib/m2e/libc.a(lib_a-memset.o)
                0x000000000002bfec                memset
 .text          0x000000000002c02c      0x624 /usr/local/sh-elf/lib/gcc/sh-elf/5.1.0/../../../../sh-elf/lib/m2e/libc.a(lib_a-mktm_r.o)
                0x000000000002c02c                __tzcalc_limits
                0x000000000002c1f8                _mktm_r
 .text          0x000000000002c650      0x3f0 /usr/local/sh-elf/lib/gcc/sh-elf/5.1.0/../../../../sh-elf/lib/m2e/libc.a(lib_a-nl_langinfo.o)
                0x000000000002c650                nl_langinfo
 .text          0x000000000002ca40       0xe4 /usr/local/sh-elf/lib/gcc/sh-elf/5.1.0/../../../../sh-elf/lib/m2e/libc.a(lib_a-printf.o)
                0x000000000002ca40                _printf_r
                0x000000000002caac                printf
 .text          0x000000000002cb24      0x174 /usr/local/sh-elf/lib/gcc/sh-elf/5.1.0/../../../../sh-elf/lib/m2e/libc.a(lib_a-putc.o)
                0x000000000002cb24                _putc_r
                0x000000000002cbd8                putc
 .text          0x000000000002cc98       0x24 /usr/local/sh-elf/lib/gcc/sh-elf/5.1.0/../../../../sh-elf/lib/m2e/libc.a(lib_a-putchar.o)
                0x000000000002cc98                _putchar_r
                0x000000000002cca4                putchar
 .text          0x000000000002ccbc       0xb8 /usr/local/sh-elf/lib/gcc/sh-elf/5.1.0/../../../../sh-elf/lib/m2e/libc.a(lib_a-puts.o)
                0x000000000002ccbc                _puts_r
                0x000000000002cd60                puts
 .text          0x000000000002cd74      0x6f4 /usr/local/sh-elf/lib/gcc/sh-elf/5.1.0/../../../../sh-elf/lib/m2e/libc.a(lib_a-qsort.o)
                0x000000000002cd74                qsort
 .text          0x000000000002d468      0x178 /usr/local/sh-elf/lib/gcc/sh-elf/5.1.0/../../../../sh-elf/lib/m2e/libc.a(lib_a-refill.o)
                0x000000000002d480                __srefill_r
 .text          0x000000000002d5e0       0x14 /usr/local/sh-elf/lib/gcc/sh-elf/5.1.0/../../../../sh-elf/lib/m2e/libc.a(lib_a-rename.o)
                0x000000000002d5e0                rename
 .text          0x000000000002d5f4       0x14 /usr/local/sh-elf/lib/gcc/sh-elf/5.1.0/../../../../sh-elf/lib/m2e/libc.a(lib_a-setbuf.o)
                0x000000000002d5f4                setbuf
 .text          0x000000000002d608       0x2c /usr/local/sh-elf/lib/gcc/sh-elf/5.1.0/../../../../sh-elf/lib/m2e/libc.a(lib_a-setenv.o)
                0x000000000002d608                setenv
                0x000000000002d620                unsetenv
 .text          0x000000000002d634      0x308 /usr/local/sh-elf/lib/gcc/sh-elf/5.1.0/../../../../sh-elf/lib/m2e/libc.a(lib_a-setenv_r.o)
                0x000000000002d634                _setenv_r
                0x000000000002d88c                _unsetenv_r
 .text          0x000000000002d93c       0x48 /usr/local/sh-elf/lib/gcc/sh-elf/5.1.0/../../../../sh-elf/lib/m2e/libc.a(lib_a-setjmp.o)
                0x000000000002d93c                setjmp
                0x000000000002d95c                longjmp
 .text          0x000000000002d984      0x18c /usr/local/sh-elf/lib/gcc/sh-elf/5.1.0/../../../../sh-elf/lib/m2e/libc.a(lib_a-setvbuf.o)
                0x000000000002d984                setvbuf
 .text          0x000000000002db10      0x1cc /usr/local/sh-elf/lib/gcc/sh-elf/5.1.0/../../../../sh-elf/lib/m2e/libc.a(lib_a-signal.o)
                0x000000000002db10                _init_signal_r
                0x000000000002db58                _signal_r
                0x000000000002dba8                _raise_r
                0x000000000002dc24                __sigtramp_r
                0x000000000002dc90                raise
                0x000000000002dca4                signal
                0x000000000002dcb8                _init_signal
                0x000000000002dcc8                __sigtramp
 .text          0x000000000002dcdc      0x1ec /usr/local/sh-elf/lib/gcc/sh-elf/5.1.0/../../../../sh-elf/lib/m2e/libc.a(lib_a-snprintf.o)
                0x000000000002dcdc                _snprintf_r
                0x000000000002ddcc                snprintf
 .text          0x000000000002dec8      0x104 /usr/local/sh-elf/lib/gcc/sh-elf/5.1.0/../../../../sh-elf/lib/m2e/libc.a(lib_a-sprintf.o)
                0x000000000002dec8                _sprintf_r
                0x000000000002df44                sprintf
 .text          0x000000000002dfcc      0x13c /usr/local/sh-elf/lib/gcc/sh-elf/5.1.0/../../../../sh-elf/lib/m2e/libc.a(lib_a-sscanf.o)
                0x000000000002dfcc                sscanf
                0x000000000002e06c                _sscanf_r
 .text          0x000000000002e108       0xf4 /usr/local/sh-elf/lib/gcc/sh-elf/5.1.0/../../../../sh-elf/lib/m2e/libc.a(lib_a-stdio.o)
                0x000000000002e108                __sread
                0x000000000002e148                __seofread
                0x000000000002e14c                __swrite
                0x000000000002e1a4                __sseek
                0x000000000002e1ec                __sclose
 .text          0x000000000002e1fc       0x54 /usr/local/sh-elf/lib/gcc/sh-elf/5.1.0/../../../../sh-elf/lib/m2e/libc.a(lib_a-strcasecmp.o)
                0x000000000002e1fc                strcasecmp
 .text          0x000000000002e250       0x60 /usr/local/sh-elf/lib/gcc/sh-elf/5.1.0/../../../../sh-elf/lib/m2e/libc.a(lib_a-strcat.o)
                0x000000000002e250                strcat
 .text          0x000000000002e2b0      0x110 /usr/local/sh-elf/lib/gcc/sh-elf/5.1.0/../../../../sh-elf/lib/m2e/libc.a(lib_a-strchr.o)
                0x000000000002e2b0                strchr
 .text          0x000000000002e3c0       0x38 /usr/local/sh-elf/lib/gcc/sh-elf/5.1.0/../../../../sh-elf/lib/m2e/libc.a(lib_a-strcmp.o)
                0x000000000002e3c0                strcmp
 .text          0x000000000002e3f8       0x3c /usr/local/sh-elf/lib/gcc/sh-elf/5.1.0/../../../../sh-elf/lib/m2e/libc.a(lib_a-strcpy.o)
                0x000000000002e3f8                strcpy
 .text          0x000000000002e434       0x14 /usr/local/sh-elf/lib/gcc/sh-elf/5.1.0/../../../../sh-elf/lib/m2e/libc.a(lib_a-strdup.o)
                0x000000000002e434                strdup
 .text          0x000000000002e448       0x48 /usr/local/sh-elf/lib/gcc/sh-elf/5.1.0/../../../../sh-elf/lib/m2e/libc.a(lib_a-strdup_r.o)
                0x000000000002e448                _strdup_r
 .text          0x000000000002e490      0x460 /usr/local/sh-elf/lib/gcc/sh-elf/5.1.0/../../../../sh-elf/lib/m2e/libc.a(lib_a-strerror.o)
                0x000000000002e490                _strerror_r
                0x000000000002e8d8                strerror
 .text          0x000000000002e8f0      0xe08 /usr/local/sh-elf/lib/gcc/sh-elf/5.1.0/../../../../sh-elf/lib/m2e/libc.a(lib_a-strftime.o)
                0x000000000002ea30                strftime
 .text          0x000000000002f6f8       0x20 /usr/local/sh-elf/lib/gcc/sh-elf/5.1.0/../../../../sh-elf/lib/m2e/libc.a(lib_a-strlen.o)
                0x000000000002f6f8                strlen
 .text          0x000000000002f718       0x5c /usr/local/sh-elf/lib/gcc/sh-elf/5.1.0/../../../../sh-elf/lib/m2e/libc.a(lib_a-strncasecmp.o)
                0x000000000002f718                strncasecmp
 .text          0x000000000002f774       0x6c /usr/local/sh-elf/lib/gcc/sh-elf/5.1.0/../../../../sh-elf/lib/m2e/libc.a(lib_a-strncat.o)
                0x000000000002f774                strncat
 .text          0x000000000002f7e0       0xb4 /usr/local/sh-elf/lib/gcc/sh-elf/5.1.0/../../../../sh-elf/lib/m2e/libc.a(lib_a-strncmp.o)
                0x000000000002f7e0                strncmp
 .text          0x000000000002f894       0x94 /usr/local/sh-elf/lib/gcc/sh-elf/5.1.0/../../../../sh-elf/lib/m2e/libc.a(lib_a-strncpy.o)
                0x000000000002f894                strncpy
 .text          0x000000000002f928       0x50 /usr/local/sh-elf/lib/gcc/sh-elf/5.1.0/../../../../sh-elf/lib/m2e/libc.a(lib_a-strpbrk.o)
                0x000000000002f928                strpbrk
 .text          0x000000000002f978       0x38 /usr/local/sh-elf/lib/gcc/sh-elf/5.1.0/../../../../sh-elf/lib/m2e/libc.a(lib_a-strrchr.o)
                0x000000000002f978                strrchr
 .text          0x000000000002f9b0      0x6c4 /usr/local/sh-elf/lib/gcc/sh-elf/5.1.0/../../../../sh-elf/lib/m2e/libc.a(lib_a-strstr.o)
                0x000000000002fd68                strstr
 .text          0x0000000000030074      0x180 /usr/local/sh-elf/lib/gcc/sh-elf/5.1.0/../../../../sh-elf/lib/m2e/libc.a(lib_a-strtol.o)
                0x0000000000030074                _strtol_r
                0x00000000000301dc                strtol
 .text          0x00000000000301f4      0x170 /usr/local/sh-elf/lib/gcc/sh-elf/5.1.0/../../../../sh-elf/lib/m2e/libc.a(lib_a-strtoul.o)
                0x00000000000301f4                _strtoul_r
                0x000000000003034c                strtoul
 .text          0x0000000000030364     0x1d48 /usr/local/sh-elf/lib/gcc/sh-elf/5.1.0/../../../../sh-elf/lib/m2e/libc.a(lib_a-svfprintf.o)
                0x0000000000030364                _svfprintf_r
 .text          0x00000000000320ac     0x126c /usr/local/sh-elf/lib/gcc/sh-elf/5.1.0/../../../../sh-elf/lib/m2e/libc.a(lib_a-svfscanf.o)
                0x00000000000320ac                __ssvfscanf_r
 .text          0x0000000000033318       0x14 /usr/local/sh-elf/lib/gcc/sh-elf/5.1.0/../../../../sh-elf/lib/m2e/libc.a(lib_a-sysclose.o)
                0x0000000000033318                close
 .text          0x000000000003332c       0x18 /usr/local/sh-elf/lib/gcc/sh-elf/5.1.0/../../../../sh-elf/lib/m2e/libc.a(lib_a-sysfcntl.o)
                0x000000000003332c                fcntl
 .text          0x0000000000033344       0x14 /usr/local/sh-elf/lib/gcc/sh-elf/5.1.0/../../../../sh-elf/lib/m2e/libc.a(lib_a-sysfstat.o)
                0x0000000000033344                fstat
 .text          0x0000000000033358       0x10 /usr/local/sh-elf/lib/gcc/sh-elf/5.1.0/../../../../sh-elf/lib/m2e/libc.a(lib_a-sysgetpid.o)
                0x0000000000033358                getpid
 .text          0x0000000000033368       0x14 /usr/local/sh-elf/lib/gcc/sh-elf/5.1.0/../../../../sh-elf/lib/m2e/libc.a(lib_a-sysgettod.o)
                0x0000000000033368                gettimeofday
 .text          0x000000000003337c       0x14 /usr/local/sh-elf/lib/gcc/sh-elf/5.1.0/../../../../sh-elf/lib/m2e/libc.a(lib_a-syskill.o)
                0x000000000003337c                kill
 .text          0x0000000000033390       0x74 /usr/local/sh-elf/lib/gcc/sh-elf/5.1.0/../../../../sh-elf/lib/m2e/libc.a(lib_a-sysopen.o)
                0x0000000000033390                open
 .text          0x0000000000033404       0x18 /usr/local/sh-elf/lib/gcc/sh-elf/5.1.0/../../../../sh-elf/lib/m2e/libc.a(lib_a-sysread.o)
                0x0000000000033404                read
 .text          0x000000000003341c       0x14 /usr/local/sh-elf/lib/gcc/sh-elf/5.1.0/../../../../sh-elf/lib/m2e/libc.a(lib_a-sysstat.o)
                0x000000000003341c                stat
 .text          0x0000000000033430       0x14 /usr/local/sh-elf/lib/gcc/sh-elf/5.1.0/../../../../sh-elf/lib/m2e/libc.a(lib_a-sysunlink.o)
                0x0000000000033430                unlink
 .text          0x0000000000033444       0x18 /usr/local/sh-elf/lib/gcc/sh-elf/5.1.0/../../../../sh-elf/lib/m2e/libc.a(lib_a-syswrite.o)
                0x0000000000033444                write
 .text          0x000000000003345c       0x34 /usr/local/sh-elf/lib/gcc/sh-elf/5.1.0/../../../../sh-elf/lib/m2e/libc.a(lib_a-time.o)
                0x000000000003345c                time
 .text          0x0000000000033490       0x50 /usr/local/sh-elf/lib/gcc/sh-elf/5.1.0/../../../../sh-elf/lib/m2e/libc.a(lib_a-timelocal.o)
                0x0000000000033490                __get_current_time_locale
                0x00000000000334b0                __time_load_locale
 .text          0x00000000000334e0       0x14 /usr/local/sh-elf/lib/gcc/sh-elf/5.1.0/../../../../sh-elf/lib/m2e/libc.a(lib_a-trap.o)
                0x00000000000334e0                __trap34
 .text          0x00000000000334f4       0x20 /usr/local/sh-elf/lib/gcc/sh-elf/5.1.0/../../../../sh-elf/lib/m2e/libc.a(lib_a-tzlock.o)
                0x00000000000334f4                __tz_lock
                0x0000000000033504                __tz_unlock
 .text          0x0000000000033514       0x14 /usr/local/sh-elf/lib/gcc/sh-elf/5.1.0/../../../../sh-elf/lib/m2e/libc.a(lib_a-tzset.o)
                0x0000000000033514                tzset
 .text          0x0000000000033528      0x3d8 /usr/local/sh-elf/lib/gcc/sh-elf/5.1.0/../../../../sh-elf/lib/m2e/libc.a(lib_a-tzset_r.o)
                0x0000000000033528                _tzset_r
 .text          0x0000000000033900        0x0 /usr/local/sh-elf/lib/gcc/sh-elf/5.1.0/../../../../sh-elf/lib/m2e/libc.a(lib_a-tzvars.o)
 .text          0x0000000000033900        0x4 /usr/local/sh-elf/lib/gcc/sh-elf/5.1.0/../../../../sh-elf/lib/m2e/libc.a(lib_a-u_strerr.o)
                0x0000000000033900                _user_strerror
 .text          0x0000000000033904     0x2224 /usr/local/sh-elf/lib/gcc/sh-elf/5.1.0/../../../../sh-elf/lib/m2e/libc.a(lib_a-vfprintf.o)
                0x0000000000033904                _vfprintf_r
                0x0000000000035a48                vfprintf
 .text          0x0000000000035b28       0xe4 /usr/local/sh-elf/lib/gcc/sh-elf/5.1.0/../../../../sh-elf/lib/m2e/libc.a(lib_a-vsnprintf.o)
                0x0000000000035b28                _vsnprintf_r
                0x0000000000035bf4                vsnprintf
 .text          0x0000000000035c0c       0xf0 /usr/local/sh-elf/lib/gcc/sh-elf/5.1.0/../../../../sh-elf/lib/m2e/libc.a(lib_a-wbuf.o)
                0x0000000000035c0c                __swbuf_r
                0x0000000000035ce8                __swbuf
 .text          0x0000000000035cfc       0xf8 /usr/local/sh-elf/lib/gcc/sh-elf/5.1.0/../../../../sh-elf/lib/m2e/libc.a(lib_a-wsetup.o)
                0x0000000000035cfc                __swsetup_r
 .text          0x0000000000035df4      0x12c /usr/local/sh-elf/lib/gcc/sh-elf/5.1.0/../../../../sh-elf/lib/m2e/libc.a(lib_a-__call_atexit.o)
                0x0000000000035df4                __call_exitprocs
 .text          0x0000000000035f20       0x10 /usr/local/sh-elf/lib/gcc/sh-elf/5.1.0/../../../../sh-elf/lib/m2e/libc.a(lib_a-abs.o)
                0x0000000000035f20                abs
 .text          0x0000000000035f30      0xf98 /usr/local/sh-elf/lib/gcc/sh-elf/5.1.0/../../../../sh-elf/lib/m2e/libc.a(lib_a-dtoa.o)
                0x0000000000036088                _dtoa_r
 .text          0x0000000000036ec8        0x0 /usr/local/sh-elf/lib/gcc/sh-elf/5.1.0/../../../../sh-elf/lib/m2e/libc.a(lib_a-environ.o)
 .text          0x0000000000036ec8       0x20 /usr/local/sh-elf/lib/gcc/sh-elf/5.1.0/../../../../sh-elf/lib/m2e/libc.a(lib_a-envlock.o)
                0x0000000000036ec8                __env_lock
                0x0000000000036ed8                __env_unlock
 .text          0x0000000000036ee8       0x74 /usr/local/sh-elf/lib/gcc/sh-elf/5.1.0/../../../../sh-elf/lib/m2e/libc.a(lib_a-flags.o)
                0x0000000000036ee8                __sflags
 .text          0x0000000000036f5c        0xc /usr/local/sh-elf/lib/gcc/sh-elf/5.1.0/../../../../sh-elf/lib/m2e/libc.a(lib_a-gettzinfo.o)
                0x0000000000036f5c                __gettzinfo
 .text          0x0000000000036f68       0x20 /usr/local/sh-elf/lib/gcc/sh-elf/5.1.0/../../../../sh-elf/lib/m2e/libc.a(lib_a-iswspace.o)
                0x0000000000036f68                iswspace
 .text          0x0000000000036f88       0x10 /usr/local/sh-elf/lib/gcc/sh-elf/5.1.0/../../../../sh-elf/lib/m2e/libc.a(lib_a-labs.o)
                0x0000000000036f88                labs
 .text          0x0000000000036f98      0x250 /usr/local/sh-elf/lib/gcc/sh-elf/5.1.0/../../../../sh-elf/lib/m2e/libc.a(lib_a-ldpart.o)
                0x0000000000036f98                __part_load_locale
 .text          0x00000000000371e8       0x5c /usr/local/sh-elf/lib/gcc/sh-elf/5.1.0/../../../../sh-elf/lib/m2e/libc.a(lib_a-lmessages.o)
                0x00000000000371e8                __messages_load_locale
                0x0000000000037224                __get_current_messages_locale
 .text          0x0000000000037244      0x14c /usr/local/sh-elf/lib/gcc/sh-elf/5.1.0/../../../../sh-elf/lib/m2e/libc.a(lib_a-lmonetary.o)
                0x0000000000037244                __monetary_load_locale
                0x0000000000037370                __get_current_monetary_locale
 .text          0x0000000000037390       0x90 /usr/local/sh-elf/lib/gcc/sh-elf/5.1.0/../../../../sh-elf/lib/m2e/libc.a(lib_a-lnumeric.o)
                0x0000000000037390                __numeric_load_locale
                0x0000000000037400                __get_current_numeric_locale
 .text          0x0000000000037420       0xf4 /usr/local/sh-elf/lib/gcc/sh-elf/5.1.0/../../../../sh-elf/lib/m2e/libc.a(lib_a-mbrtowc.o)
                0x0000000000037420                _mbrtowc_r
                0x000000000003748c                mbrtowc
 .text          0x0000000000037514       0x6c /usr/local/sh-elf/lib/gcc/sh-elf/5.1.0/../../../../sh-elf/lib/m2e/libc.a(lib_a-mbtowc_r.o)
                0x0000000000037514                __ascii_mbtowc
                0x0000000000037548                _mbtowc_r
 .text          0x0000000000037580       0x58 /usr/local/sh-elf/lib/gcc/sh-elf/5.1.0/../../../../sh-elf/lib/m2e/libc.a(lib_a-memcmp.o)
                0x0000000000037580                memcmp
 .text          0x00000000000375d8      0xaa0 /usr/local/sh-elf/lib/gcc/sh-elf/5.1.0/../../../../sh-elf/lib/m2e/libc.a(lib_a-mprec.o)
                0x00000000000375d8                _Balloc
                0x000000000003764c                _Bfree
                0x0000000000037664                __multadd
                0x0000000000037714                __s2b
                0x00000000000377cc                __hi0bits
                0x0000000000037828                __lo0bits
                0x0000000000037890                __i2b
                0x00000000000378ac                __multiply
                0x00000000000379fc                __pow5mult
                0x0000000000037ad8                __lshift
                0x0000000000037bd4                __mcmp
                0x0000000000037c10                __mdiff
                0x0000000000037d50                __ulp
                0x0000000000037da4                __b2d
                0x0000000000037e58                __d2b
                0x0000000000037f00                __ratio
                0x0000000000037f7c                _mprec_log10
                0x0000000000037fa8                __copybits
                0x0000000000037ff8                __any_on
 .text          0x0000000000038078       0xac /usr/local/sh-elf/lib/gcc/sh-elf/5.1.0/../../../../sh-elf/lib/m2e/libc.a(lib_a-sccl.o)
                0x0000000000038078                __sccl
 .text          0x0000000000038124       0x48 /usr/local/sh-elf/lib/gcc/sh-elf/5.1.0/../../../../sh-elf/lib/m2e/libc.a(lib_a-sf_fpclassify.o)
                0x0000000000038124                __fpclassifyf
 .text          0x000000000003816c       0x18 /usr/local/sh-elf/lib/gcc/sh-elf/5.1.0/../../../../sh-elf/lib/m2e/libc.a(lib_a-sf_nan.o)
                0x000000000003816c                nanf
                0x0000000000038178                nan
 .text          0x0000000000038184      0x13c /usr/local/sh-elf/lib/gcc/sh-elf/5.1.0/../../../../sh-elf/lib/m2e/libc.a(lib_a-siscanf.o)
                0x0000000000038184                siscanf
                0x0000000000038224                _siscanf_r
 .text          0x00000000000382c0      0x1ec /usr/local/sh-elf/lib/gcc/sh-elf/5.1.0/../../../../sh-elf/lib/m2e/libc.a(lib_a-sniprintf.o)
                0x00000000000382c0                _sniprintf_r
                0x00000000000383b0                sniprintf
 .text          0x00000000000384ac      0xd04 /usr/local/sh-elf/lib/gcc/sh-elf/5.1.0/../../../../sh-elf/lib/m2e/libc.a(lib_a-strtod.o)
                0x00000000000384ac                _strtod_r
                0x0000000000039158                strtod
                0x0000000000039170                strtof
 .text          0x00000000000391b0      0x208 /usr/local/sh-elf/lib/gcc/sh-elf/5.1.0/../../../../sh-elf/lib/m2e/libc.a(lib_a-strtoll_r.o)
                0x00000000000391b0                _strtoll_r
 .text          0x00000000000393b8      0x200 /usr/local/sh-elf/lib/gcc/sh-elf/5.1.0/../../../../sh-elf/lib/m2e/libc.a(lib_a-strtoull_r.o)
                0x00000000000393b8                _strtoull_r
 .text          0x00000000000395b8     0x11d0 /usr/local/sh-elf/lib/gcc/sh-elf/5.1.0/../../../../sh-elf/lib/m2e/libc.a(lib_a-svfiprintf.o)
                0x00000000000395b8                __ssprint_r
                0x0000000000039720                _svfiprintf_r
 .text          0x000000000003a788      0xf18 /usr/local/sh-elf/lib/gcc/sh-elf/5.1.0/../../../../sh-elf/lib/m2e/libc.a(lib_a-svfiscanf.o)
                0x000000000003a788                _sungetc_r
                0x000000000003a83c                __ssrefill_r
                0x000000000003a888                _sfread_r
                0x000000000003a934                __ssvfiscanf_r
 .text          0x000000000003b6a0      0x228 /usr/local/sh-elf/lib/gcc/sh-elf/5.1.0/../../../../sh-elf/lib/m2e/libc.a(lib_a-ungetc.o)
                0x000000000003b6a0                __submore
                0x000000000003b740                _ungetc_r
                0x000000000003b8b4                ungetc
 .text          0x000000000003b8c8     0x152c /usr/local/sh-elf/lib/gcc/sh-elf/5.1.0/../../../../sh-elf/lib/m2e/libc.a(lib_a-vfiprintf.o)
                0x000000000003b97c                __sprint_r
                0x000000000003b994                _vfiprintf_r
                0x000000000003cd14                vfiprintf
 .text          0x000000000003cdf4       0xf4 /usr/local/sh-elf/lib/gcc/sh-elf/5.1.0/../../../../sh-elf/lib/m2e/libc.a(lib_a-__atexit.o)
                0x000000000003cdf4                __register_exitproc
 .text          0x000000000003cee8       0xb4 /usr/local/sh-elf/lib/gcc/sh-elf/5.1.0/../../../../sh-elf/lib/m2e/libc.a(lib_a-fix_grouping.o)
                0x000000000003cee8                __fix_locale_grouping_str
 .text          0x000000000003cf9c      0x160 /usr/local/sh-elf/lib/gcc/sh-elf/5.1.0/../../../../sh-elf/lib/m2e/libc.a(lib_a-fputwc.o)
                0x000000000003cf9c                _fputwc_r
                0x000000000003d0bc                fputwc
 .text          0x000000000003d0fc      0x224 /usr/local/sh-elf/lib/gcc/sh-elf/5.1.0/../../../../sh-elf/lib/m2e/libc.a(lib_a-gdtoa-hexnan.o)
                0x000000000003d0fc                __hexnan
 .text          0x000000000003d320       0xe0 /usr/local/sh-elf/lib/gcc/sh-elf/5.1.0/../../../../sh-elf/lib/m2e/libc.a(lib_a-wcrtomb.o)
                0x000000000003d320                _wcrtomb_r
                0x000000000003d384                wcrtomb
 .text          0x000000000003d400       0x58 /usr/local/sh-elf/lib/gcc/sh-elf/5.1.0/../../../../sh-elf/lib/m2e/libc.a(lib_a-wctomb_r.o)
                0x000000000003d400                __ascii_wctomb
                0x000000000003d420                _wctomb_r
 .text          0x000000000003d458      0x808 /usr/local/sh-elf/lib/gcc/sh-elf/5.1.0/../../../../sh-elf/lib/m2e/libc.a(lib_a-gdtoa-gethex.o)
                0x000000000003d53c                __hexdig_init
                0x000000000003d590                __gethex
 .text          0x000000000003dc60       0x52 /usr/local/sh-elf/lib/gcc/sh-elf/5.1.0/m2e/libgcc.a(_ashiftrt.o)
                0x000000000003dc60                __ashiftrt_r4_31
                0x000000000003dc60                __ashiftrt_r4_32
                0x000000000003dc66                __ashiftrt_r4_30
                0x000000000003dc68                __ashiftrt_r4_29
                0x000000000003dc6a                __ashiftrt_r4_28
                0x000000000003dc6c                __ashiftrt_r4_27
                0x000000000003dc6e                __ashiftrt_r4_26
                0x000000000003dc70                __ashiftrt_r4_25
                0x000000000003dc72                __ashiftrt_r4_24
                0x000000000003dc7a                __ashiftrt_r4_23
                0x000000000003dc7c                __ashiftrt_r4_22
                0x000000000003dc7e                __ashiftrt_r4_21
                0x000000000003dc80                __ashiftrt_r4_20
                0x000000000003dc82                __ashiftrt_r4_19
                0x000000000003dc84                __ashiftrt_r4_18
                0x000000000003dc86                __ashiftrt_r4_17
                0x000000000003dc88                __ashiftrt_r4_16
                0x000000000003dc8e                __ashiftrt_r4_15
                0x000000000003dc90                __ashiftrt_r4_14
                0x000000000003dc92                __ashiftrt_r4_13
                0x000000000003dc94                __ashiftrt_r4_12
                0x000000000003dc96                __ashiftrt_r4_11
                0x000000000003dc98                __ashiftrt_r4_10
                0x000000000003dc9a                __ashiftrt_r4_9
                0x000000000003dc9c                __ashiftrt_r4_8
                0x000000000003dc9e                __ashiftrt_r4_7
                0x000000000003dca0                __ashiftrt_r4_6
                0x000000000003dca2                __ashiftrt_r4_5
                0x000000000003dca4                __ashiftrt_r4_4
                0x000000000003dca6                __ashiftrt_r4_3
                0x000000000003dca8                __ashiftrt_r4_2
                0x000000000003dcaa                __ashiftrt_r4_1
                0x000000000003dcae                __ashiftrt_r4_0
 *fill*         0x000000000003dcb2        0x2 
 .text          0x000000000003dcb4       0x80 /usr/local/sh-elf/lib/gcc/sh-elf/5.1.0/m2e/libgcc.a(_ashiftrt_n.o)
                0x000000000003dcb4                __ashrsi3
 .text          0x000000000003dd34       0xbc /usr/local/sh-elf/lib/gcc/sh-elf/5.1.0/m2e/libgcc.a(_lshiftrt.o)
                0x000000000003dd34                __lshrsi3
                0x000000000003dd38                __lshrsi3_r0
 .text          0x000000000003ddf0       0x6c /usr/local/sh-elf/lib/gcc/sh-elf/5.1.0/m2e/libgcc.a(_udivsi3.o)
                0x000000000003de12                __udivsi3
 .text          0x000000000003de5c      0x2a0 /usr/local/sh-elf/lib/gcc/sh-elf/5.1.0/m2e/libgcc.a(_udivdi3.o)
                0x000000000003de5c                __udivdi3
 .text          0x000000000003e0fc      0x2e8 /usr/local/sh-elf/lib/gcc/sh-elf/5.1.0/m2e/libgcc.a(_umoddi3.o)
                0x000000000003e0fc                __umoddi3
 .text          0x000000000003e3e4       0x3c /usr/local/sh-elf/lib/gcc/sh-elf/5.1.0/m2e/libgcc.a(_sf_to_df.o)
                0x000000000003e3e4                __extendsfdf2
 .text          0x000000000003e420       0x24 /usr/local/sh-elf/lib/gcc/sh-elf/5.1.0/m2e/libgcc.a(_make_df.o)
                0x000000000003e420                __make_dp
 .text          0x000000000003e444       0x4c /usr/local/sh-elf/lib/gcc/sh-elf/5.1.0/m2e/libgcc.a(_df_to_sf.o)
                0x000000000003e444                __truncdfsf2
 .text          0x000000000003e490       0x60 /usr/local/sh-elf/lib/gcc/sh-elf/5.1.0/m2e/libgcc.a(_udiv_qrnnd_16.o)
                0x000000000003e490                __udiv_qrnnd_16
 .text          0x000000000003e4f0        0x0 /usr/local/sh-elf/lib/gcc/sh-elf/5.1.0/m2e/libgcc.a(_clz.o)
 .text          0x000000000003e4f0       0xa4 /usr/local/sh-elf/lib/gcc/sh-elf/5.1.0/m2e/libgcc.a(_unpack_sf.o)
                0x000000000003e4f0                __unpack_f
 .text          0x000000000003e594       0x20 /usr/local/sh-elf/lib/gcc/sh-elf/5.1.0/m2e/libgcc.a(_make_sf.o)
                0x000000000003e594                __make_fp
 .text          0x000000000003e5b4      0x278 /usr/local/sh-elf/lib/gcc/sh-elf/5.1.0/m2e/libgcc.a(_pack_df.o)
                0x000000000003e5b4                __pack_d
 .text          0x000000000003e82c       0xd0 /usr/local/sh-elf/lib/gcc/sh-elf/5.1.0/m2e/libgcc.a(_unpack_df.o)
                0x000000000003e82c                __unpack_d
 .text          0x000000000003e8fc      0x12c /usr/local/sh-elf/lib/gcc/sh-elf/5.1.0/m2e/libgcc.a(_pack_sf.o)
                0x000000000003e8fc                __pack_f
 .text          0x000000000003ea28        0x0 /usr/local/sh-elf/lib/gcc/sh-elf/5.1.0/m2e/crtend.o
 .text          0x000000000003ea28        0x0 /usr/local/sh-elf/lib/gcc/sh-elf/5.1.0/m2e/crtn.o
 *(.gnu.warning)

.fini
 *(SORT(.fini))
                [!provide]                        PROVIDE (__etext, .)
                [!provide]                        PROVIDE (_etext, .)
                [!provide]                        PROVIDE (etext, .)

.rodata         0x000000000003ea28     0x37c8
 *(.rodata .rodata.* .gnu.linkonce.r.*)
 .rodata        0x000000000003ea28       0x29 bsh.o
 *fill*         0x000000000003ea51        0x3 
 .rodata.str1.4
                0x000000000003ea54       0x40 /usr/local/sh-elf/lib/libreadline.a(readline.o)
                                         0x44 (size before relaxing)
 .rodata.str1.4
                0x000000000003ea94       0x82 /usr/local/sh-elf/lib/libreadline.a(vi_mode.o)
 *fill*         0x000000000003eb16        0x2 
 .rodata.str1.4
                0x000000000003eb18      0x8db /usr/local/sh-elf/lib/libreadline.a(funmap.o)
                                        0x933 (size before relaxing)
 *fill*         0x000000000003f3f3        0x1 
 .rodata        0x000000000003f3f4      0x430 /usr/local/sh-elf/lib/libreadline.a(funmap.o)
 .rodata.str1.4
                0x000000000003f824      0x8db /usr/local/sh-elf/lib/libreadline.a(search.o)
                                          0x3 (size before relaxing)
 .rodata.str1.4
                0x000000000003f824       0x8a /usr/local/sh-elf/lib/libreadline.a(complete.o)
                                         0x8e (size before relaxing)
 *fill*         0x000000000003f8ae        0x2 
 .rodata.str1.4
                0x000000000003f8b0      0x5ba /usr/local/sh-elf/lib/libreadline.a(bind.o)
                                        0x5ce (size before relaxing)
 *fill*         0x000000000003fe6a        0x2 
 .rodata        0x000000000003fe6c      0x2f0 /usr/local/sh-elf/lib/libreadline.a(bind.o)
                0x0000000000040140                _rl_possible_meta_prefixes
                0x000000000004014c                _rl_possible_control_prefixes
 .rodata.str1.4
                0x000000000004015c       0x27 /usr/local/sh-elf/lib/libreadline.a(isearch.o)
                                         0x2b (size before relaxing)
 *fill*         0x0000000000040183        0x1 
 .rodata.str1.4
                0x0000000000040184        0x4 /usr/local/sh-elf/lib/libreadline.a(display.o)
                                         0x18 (size before relaxing)
 .rodata.str1.4
                0x0000000000040188       0x37 /usr/local/sh-elf/lib/libreadline.a(util.o)
 .rodata.str1.4
                0x00000000000401bf        0x2 /usr/local/sh-elf/lib/libreadline.a(kill.o)
 .rodata.str1.4
                0x00000000000401bf        0x3 /usr/local/sh-elf/lib/libreadline.a(macro.o)
 *fill*         0x00000000000401bf        0x1 
 .rodata.str1.4
                0x00000000000401c0       0x36 /usr/local/sh-elf/lib/libreadline.a(callback.o)
 *fill*         0x00000000000401f6        0x2 
 .rodata.str1.4
                0x00000000000401f8       0x8b /usr/local/sh-elf/lib/libreadline.a(terminal.o)
                                         0xaf (size before relaxing)
 *fill*         0x0000000000040283        0x1 
 .rodata        0x0000000000040284       0xe8 /usr/local/sh-elf/lib/libreadline.a(terminal.o)
 .rodata.str1.4
                0x000000000004036c        0x2 /usr/local/sh-elf/lib/libreadline.a(text.o)
 .rodata.str1.4
                0x000000000004036c       0x32 /usr/local/sh-elf/lib/libreadline.a(nls.o)
                                         0x36 (size before relaxing)
 *fill*         0x000000000004039e        0x2 
 .rodata.str1.4
                0x00000000000403a0        0xb /usr/local/sh-elf/lib/libreadline.a(misc.o)
 *fill*         0x00000000000403ab        0x1 
 .rodata.str1.4
                0x00000000000403ac        0x5 /usr/local/sh-elf/lib/libreadline.a(history.o)
 *fill*         0x00000000000403b1        0x3 
 .rodata.str1.4
                0x00000000000403b4       0xbe /usr/local/sh-elf/lib/libreadline.a(histexpand.o)
                                         0xc2 (size before relaxing)
 *fill*         0x0000000000040472        0x2 
 .rodata        0x0000000000040474       0x1c /usr/local/sh-elf/lib/libreadline.a(histexpand.o)
 .rodata.str1.4
                0x0000000000040490       0x11 /usr/local/sh-elf/lib/libreadline.a(histfile.o)
 .rodata.str1.4
                0x00000000000404a1       0x14 /usr/local/sh-elf/lib/libreadline.a(shell.o)
 *fill*         0x00000000000404a1        0x3 
 .rodata.str1.4
                0x00000000000404a4        0x7 /usr/local/sh-elf/lib/libreadline.a(tilde.o)
                                         0x17 (size before relaxing)
 *fill*         0x00000000000404ab        0x1 
 .rodata.str1.4
                0x00000000000404ac        0x3 /usr/local/sh-elf/lib/libreadline.a(colors.o)
 *fill*         0x00000000000404af        0x1 
 .rodata.str1.4
                0x00000000000404b0      0x137 /usr/local/sh-elf/lib/libreadline.a(parse-colors.o)
                                        0x14f (size before relaxing)
 *fill*         0x00000000000405e7        0x1 
 .rodata        0x00000000000405e8       0x64 /usr/local/sh-elf/lib/libreadline.a(parse-colors.o)
 .rodata.str1.4
                0x000000000004064c       0x2d /usr/local/sh-elf/lib/libreadline.a(xmalloc.o)
 *fill*         0x0000000000040679        0x3 
 .rodata.str1.4
                0x000000000004067c      0x197 /usr/local/sh-elf/lib/gcc/sh-elf/5.1.0/../../../../sh-elf/lib/m2e/libc.a(syscalls.o)
 *fill*         0x0000000000040813        0x1 
 .rodata.str1.4
                0x0000000000040814       0x35 /usr/local/sh-elf/lib/gcc/sh-elf/5.1.0/../../../../sh-elf/lib/m2e/libc.a(termios.o)
                                         0x77 (size before relaxing)
 *fill*         0x0000000000040849        0x3 
 .rodata.str1.4
                0x000000000004084c      0x1a3 /usr/local/sh-elf/lib/gcc/sh-elf/5.1.0/../../../../sh-elf/lib/m2e/libc.a(shell.o)
                                        0x1b3 (size before relaxing)
 *fill*         0x00000000000409ef        0x1 
 .rodata        0x00000000000409f0       0xe4 /usr/local/sh-elf/lib/gcc/sh-elf/5.1.0/../../../../sh-elf/lib/m2e/libc.a(shell.o)
 .rodata.str1.4
                0x0000000000040ad4      0x6a5 /usr/local/sh-elf/lib/gcc/sh-elf/5.1.0/../../../../sh-elf/lib/m2e/libc.a(build.o)
                                        0x6bd (size before relaxing)
 *fill*         0x0000000000041179        0x3 
 .rodata        0x000000000004117c       0x60 /usr/local/sh-elf/lib/gcc/sh-elf/5.1.0/../../../../sh-elf/lib/m2e/libc.a(build.o)
 .rodata        0x00000000000411dc      0x284 /usr/local/sh-elf/lib/gcc/sh-elf/5.1.0/../../../../sh-elf/lib/m2e/libc.a(lib_a-ctype_.o)
                0x00000000000411dc                _ctype_
 .rodata        0x0000000000041460        0x4 /usr/local/sh-elf/lib/gcc/sh-elf/5.1.0/../../../../sh-elf/lib/m2e/libc.a(lib_a-impure.o)
                0x0000000000041460                _global_impure_ptr
 .rodata.str1.4
                0x0000000000041464        0x2 /usr/local/sh-elf/lib/gcc/sh-elf/5.1.0/../../../../sh-elf/lib/m2e/libc.a(lib_a-impure.o)
 .rodata.str1.4
                0x0000000000041466       0x12 /usr/local/sh-elf/lib/gcc/sh-elf/5.1.0/../../../../sh-elf/lib/m2e/libc.a(lib_a-locale.o)
 *fill*         0x0000000000041466        0x2 
 .rodata        0x0000000000041468       0x68 /usr/local/sh-elf/lib/gcc/sh-elf/5.1.0/../../../../sh-elf/lib/m2e/libc.a(lib_a-mktm_r.o)
 .rodata.str1.4
                0x00000000000414d0       0x54 /usr/local/sh-elf/lib/gcc/sh-elf/5.1.0/../../../../sh-elf/lib/m2e/libc.a(lib_a-nl_langinfo.o)
                                         0x64 (size before relaxing)
 .rodata.str1.4
                0x0000000000041524        0x2 /usr/local/sh-elf/lib/gcc/sh-elf/5.1.0/../../../../sh-elf/lib/m2e/libc.a(lib_a-puts.o)
 .rodata.str1.4
                0x0000000000041524        0x8 /usr/local/sh-elf/lib/gcc/sh-elf/5.1.0/../../../../sh-elf/lib/m2e/libc.a(lib_a-setenv_r.o)
 .rodata.str1.4
                0x000000000004152c      0x635 /usr/local/sh-elf/lib/gcc/sh-elf/5.1.0/../../../../sh-elf/lib/m2e/libc.a(lib_a-strerror.o)
                                        0x639 (size before relaxing)
 *fill*         0x0000000000041b61        0x3 
 .rodata.str1.4
                0x0000000000041b64       0x70 /usr/local/sh-elf/lib/gcc/sh-elf/5.1.0/../../../../sh-elf/lib/m2e/libc.a(lib_a-strftime.o)
                                         0x78 (size before relaxing)
 .rodata.str1.4
                0x0000000000041bd4       0x3f /usr/local/sh-elf/lib/gcc/sh-elf/5.1.0/../../../../sh-elf/lib/m2e/libc.a(lib_a-svfprintf.o)
                                         0x42 (size before relaxing)
 *fill*         0x0000000000041c13        0x1 
 .rodata        0x0000000000041c14       0x20 /usr/local/sh-elf/lib/gcc/sh-elf/5.1.0/../../../../sh-elf/lib/m2e/libc.a(lib_a-svfprintf.o)
 .rodata.str1.4
                0x0000000000041c34        0x5 /usr/local/sh-elf/lib/gcc/sh-elf/5.1.0/../../../../sh-elf/lib/m2e/libc.a(lib_a-svfscanf.o)
 *fill*         0x0000000000041c39        0x1 
 .rodata        0x0000000000041c3a       0x22 /usr/local/sh-elf/lib/gcc/sh-elf/5.1.0/../../../../sh-elf/lib/m2e/libc.a(lib_a-svfscanf.o)
 .rodata.str1.4
                0x0000000000041c5c      0x160 /usr/local/sh-elf/lib/gcc/sh-elf/5.1.0/../../../../sh-elf/lib/m2e/libc.a(lib_a-timelocal.o)
                                        0x161 (size before relaxing)
 .rodata        0x0000000000041dbc       0xfc /usr/local/sh-elf/lib/gcc/sh-elf/5.1.0/../../../../sh-elf/lib/m2e/libc.a(lib_a-timelocal.o)
 .rodata.str1.4
                0x0000000000041eb8       0x4f /usr/local/sh-elf/lib/gcc/sh-elf/5.1.0/../../../../sh-elf/lib/m2e/libc.a(lib_a-tzset_r.o)
                                         0x53 (size before relaxing)
 .rodata.str1.4
                0x0000000000041f07        0x4 /usr/local/sh-elf/lib/gcc/sh-elf/5.1.0/../../../../sh-elf/lib/m2e/libc.a(lib_a-tzvars.o)
 .rodata.str1.4
                0x0000000000041f07       0x42 /usr/local/sh-elf/lib/gcc/sh-elf/5.1.0/../../../../sh-elf/lib/m2e/libc.a(lib_a-vfprintf.o)
 *fill*         0x0000000000041f07        0x1 
 .rodata        0x0000000000041f08       0x20 /usr/local/sh-elf/lib/gcc/sh-elf/5.1.0/../../../../sh-elf/lib/m2e/libc.a(lib_a-vfprintf.o)
 .rodata.str1.4
                0x0000000000041f28       0x10 /usr/local/sh-elf/lib/gcc/sh-elf/5.1.0/../../../../sh-elf/lib/m2e/libc.a(lib_a-dtoa.o)
                                         0x12 (size before relaxing)
 .rodata.str1.4
                0x0000000000041f38        0xe /usr/local/sh-elf/lib/gcc/sh-elf/5.1.0/../../../../sh-elf/lib/m2e/libc.a(lib_a-ldpart.o)
 .rodata.str1.4
                0x0000000000041f38       0x20 /usr/local/sh-elf/lib/gcc/sh-elf/5.1.0/../../../../sh-elf/lib/m2e/libc.a(lib_a-lmessages.o)
                                         0x23 (size before relaxing)
 .rodata        0x0000000000041f58       0x10 /usr/local/sh-elf/lib/gcc/sh-elf/5.1.0/../../../../sh-elf/lib/m2e/libc.a(lib_a-lmessages.o)
 .rodata.str1.4
                0x0000000000041f68        0xc /usr/local/sh-elf/lib/gcc/sh-elf/5.1.0/../../../../sh-elf/lib/m2e/libc.a(lib_a-lmonetary.o)
 .rodata        0x0000000000041f74       0x3c /usr/local/sh-elf/lib/gcc/sh-elf/5.1.0/../../../../sh-elf/lib/m2e/libc.a(lib_a-lmonetary.o)
 .rodata.str1.4
                0x0000000000041fb0        0xb /usr/local/sh-elf/lib/gcc/sh-elf/5.1.0/../../../../sh-elf/lib/m2e/libc.a(lib_a-lnumeric.o)
                                         0x11 (size before relaxing)
 *fill*         0x0000000000041fbb        0x1 
 .rodata        0x0000000000041fbc        0xc /usr/local/sh-elf/lib/gcc/sh-elf/5.1.0/../../../../sh-elf/lib/m2e/libc.a(lib_a-lnumeric.o)
 .rodata.str1.4
                0x0000000000041fc8        0x1 /usr/local/sh-elf/lib/gcc/sh-elf/5.1.0/../../../../sh-elf/lib/m2e/libc.a(lib_a-mbrtowc.o)
 .rodata        0x0000000000041fc8       0x80 /usr/local/sh-elf/lib/gcc/sh-elf/5.1.0/../../../../sh-elf/lib/m2e/libc.a(lib_a-mprec.o)
                0x0000000000041fd4                __mprec_tinytens
                0x0000000000041fdc                __mprec_bigtens
                0x0000000000041fe4                __mprec_tens
 .rodata.str1.4
                0x0000000000042048        0xf /usr/local/sh-elf/lib/gcc/sh-elf/5.1.0/../../../../sh-elf/lib/m2e/libc.a(lib_a-strtod.o)
 *fill*         0x0000000000042057        0x1 